========== RESULTS ==========

Robot 1
Time near waypoint : 352.85 s
Heading to waypoint: 23.12%

Robot 2
Time near waypoint : 302.45 s
Heading to waypoint: 26.73%

Robot 3
Time near waypoint : 308.50 s
Heading to waypoint: 26.19%


========== WAYPOINT VISITS ==========

Robot 1
  WP1: 3 visits
  WP2: 1 visits
  WP3: 1 visits
  WP4: 1 visits
  WP5: 2 visits

Robot 2
  WP1: 4 visits
  WP2: 1 visits
  WP3: 4 visits
  WP4: 2 visits
  WP5: 4 visits

Robot 3
  WP1: 3 visits
  WP2: 1 visits
  WP3: 4 visits
  WP4: 1 visits
  WP5: 3 visits

Total visits per waypoint:
  WP1: 10 visits
  WP2: 3 visits
  WP3: 9 visits
  WP4: 4 visits
  WP5: 9 visits

