MAX_TIME used: 530.60 s
===== GEOMETRIC COVERAGE RESULTS =====
Configuration: config3
Experiment: exp_equal6
Total world area: 210.0000 m²
Excluded area: 23.3000 m²
Valid area: 186.7000 m²
Covered area: 163.3742 m²
Uncovered area: 23.3258 m²
Coverage: 87.5063%
MAX_TIME used: 530.60 s
===== GEOMETRIC COVERAGE RESULTS =====
Configuration: config3
Experiment: exp_equal6
Total world area: 210.0000 m²
Excluded area: 23.3000 m²
Valid area: 186.7000 m²
Covered area: 163.3742 m²
Uncovered area: 23.3258 m²
Coverage: 87.5063%
