========== RESULTS ==========

Robot 1
Time near waypoint : 384.95 s
Heading to waypoint: 30.64%

Robot 2
Time near waypoint : 452.70 s
Heading to waypoint: 23.30%

Robot 3
Time near waypoint : 293.45 s
Heading to waypoint: 27.69%


========== WAYPOINT VISITS ==========

Robot 1
  WP1: 4 visits
  WP2: 1 visits
  WP3: 2 visits
  WP4: 1 visits
  WP5: 3 visits

Robot 2
  WP1: 4 visits
  WP2: 1 visits
  WP3: 3 visits
  WP4: 2 visits
  WP5: 2 visits

Robot 3
  WP1: 3 visits
  WP2: 1 visits
  WP3: 2 visits
  WP4: 1 visits
  WP5: 1 visits

Total visits per waypoint:
  WP1: 11 visits
  WP2: 3 visits
  WP3: 7 visits
  WP4: 4 visits
  WP5: 6 visits

