==========================================
 ACCURATE GEOMETRIC COVERAGE CALCULATION
==========================================
Experiment: /home/gonazza/container_ws/catkin_ws/src/indoor_bot/indoor_bot/config3/exp_reward4
Robot radius: 2.50 m

MAX_TIME used: 665.10 s
===== GEOMETRIC COVERAGE RESULTS =====
Total world area: 210.0000 m²
Excluded area: 23.3000 m²
Valid area: 186.7000 m²
Covered area: 160.7676 m²
Uncovered area: 25.9324 m²
Coverage: 86.1101%
MAX_TIME used: 665.10 s
===== GEOMETRIC COVERAGE RESULTS =====
Configuration: config3
Experiment: exp_reward4
Total world area: 210.0000 m²
Excluded area: 23.3000 m²
Valid area: 186.7000 m²
Covered area: 160.7676 m²
Uncovered area: 25.9324 m²
Coverage: 86.1101%
