========== RESULTS ==========

Robot 1
Time near waypoint : 414.60 s
Heading to waypoint: 34.89%

Robot 2
Time near waypoint : 367.90 s
Heading to waypoint: 29.87%

Robot 3
Time near waypoint : 415.60 s
Heading to waypoint: 28.66%


========== WAYPOINT VISITS ==========

Robot 1
  WP1: 9 visits
  WP2: 1 visits
  WP3: 2 visits
  WP4: 2 visits
  WP5: 4 visits

Robot 2
  WP1: 3 visits
  WP2: 1 visits
  WP3: 3 visits
  WP4: 1 visits
  WP5: 3 visits

Robot 3
  WP1: 3 visits
  WP2: 2 visits
  WP3: 3 visits
  WP4: 1 visits
  WP5: 5 visits

Total visits per waypoint:
  WP1: 15 visits
  WP2: 4 visits
  WP3: 8 visits
  WP4: 4 visits
  WP5: 12 visits

