==========================================
 ACCURATE GEOMETRIC COVERAGE CALCULATION
==========================================
Experiment: /home/gonazza/container_ws/catkin_ws/src/indoor_bot/indoor_bot/config2/exp_equal8
Robot radius: 2.50 m

MAX_TIME used: 758.85 s
===== GEOMETRIC COVERAGE RESULTS =====
Total world area: 210.0000 m²
Excluded area: 23.3000 m²
Valid area: 186.7000 m²
Covered area: 162.4454 m²
Uncovered area: 24.2546 m²
Coverage: 87.0088%
MAX_TIME used: 758.85 s
===== GEOMETRIC COVERAGE RESULTS =====
Configuration: config2
Experiment: exp_equal8
Total world area: 210.0000 m²
Excluded area: 23.3000 m²
Valid area: 186.7000 m²
Covered area: 162.4454 m²
Uncovered area: 24.2546 m²
Coverage: 87.0088%
MAX_TIME used: 758.85 s
===== GEOMETRIC COVERAGE RESULTS =====
Configuration: config2
Experiment: exp_equal8
Total world area: 210.0000 m²
Excluded area: 23.3000 m²
Valid area: 186.7000 m²
Covered area: 162.4454 m²
Uncovered area: 24.2546 m²
Coverage: 87.0088%
MAX_TIME used: 758.85 s
===== GEOMETRIC COVERAGE RESULTS =====
Configuration: config2
Experiment: exp_equal8
Total world area: 210.0000 m²
Excluded area: 23.3000 m²
Valid area: 186.7000 m²
Covered area: 162.4454 m²
Uncovered area: 24.2546 m²
Coverage: 87.0088%
MAX_TIME used: 758.85 s
===== GEOMETRIC COVERAGE RESULTS =====
Configuration: config2
Experiment: exp_equal8
Total world area: 210.0000 m²
Excluded area: 23.3000 m²
Valid area: 186.7000 m²
Covered area: 162.4454 m²
Uncovered area: 24.2546 m²
Coverage: 87.0088%
