MAX_TIME used: 467.65 s
===== OCCUPANCY RESULTS =====
Total cells: 5250
Excluded cells: 699
Valid cells: 4551
Visited cells: 4280
Occupancy %: 94.05%
MAX_TIME used: 467.65 s
===== OCCUPANCY RESULTS =====
Total cells: 5250
Excluded cells: 699
Valid cells: 4551
Visited cells: 4280
Occupancy %: 94.05%
MAX_TIME used: 467.65 s
===== OCCUPANCY RESULTS =====
Total cells: 5250
Excluded cells: 699
Valid cells: 4551
Visited cells: 4280
Occupancy %: 94.05%
MAX_TIME used: 467.65 s
===== OCCUPANCY RESULTS =====
Total cells: 5250
Excluded cells: 699
Valid cells: 4551
Visited cells: 4280
Occupancy %: 94.05%
MAX_TIME used: 467.65 s
===== OCCUPANCY RESULTS =====
Total cells: 5250
Excluded cells: 699
Valid cells: 4551
Visited cells: 4280
Occupancy %: 94.05%
MAX_TIME used: 467.65 s
===== OCCUPANCY RESULTS =====
Total cells: 5250
Excluded cells: 699
Valid cells: 4551
Visited cells: 4280
Occupancy %: 94.05%
MAX_TIME used: 467.65 s
===== OCCUPANCY RESULTS =====
Total cells: 5250
Excluded cells: 699
Valid cells: 4551
Visited cells: 4280
Occupancy %: 94.05%
MAX_TIME used: 467.65 s
===== OCCUPANCY RESULTS =====
Total cells: 5250
Excluded cells: 699
Valid cells: 4551
Visited cells: 4280
Occupancy %: 94.05%
MAX_TIME used: 467.65 s
===== GEOMETRIC COVERAGE RESULTS =====
Total world area: 210.0000 m²
Excluded area: 23.3000 m²
Valid area: 186.7000 m²
Covered area: 171.0823 m²
Uncovered area: 15.6177 m²
Coverage: 91.6348%
MAX_TIME used: 467.65 s
===== GEOMETRIC COVERAGE RESULTS =====
Total world area: 210.0000 m²
Excluded area: 23.3000 m²
Valid area: 186.7000 m²
Covered area: 171.0823 m²
Uncovered area: 15.6177 m²
Coverage: 91.6348%
MAX_TIME used: 467.65 s
===== GEOMETRIC COVERAGE RESULTS =====
Total world area: 210.0000 m²
Excluded area: 23.3000 m²
Valid area: 186.7000 m²
Covered area: 171.0823 m²
Uncovered area: 15.6177 m²
Coverage: 91.6348%
MAX_TIME used: 467.65 s
===== GEOMETRIC COVERAGE RESULTS =====
Total world area: 210.0000 m²
Excluded area: 23.3000 m²
Valid area: 186.7000 m²
Covered area: 171.0823 m²
Uncovered area: 15.6177 m²
Coverage: 91.6348%
MAX_TIME used: 467.65 s
===== GEOMETRIC COVERAGE RESULTS =====
Total world area: 210.0000 m²
Excluded area: 23.3000 m²
Valid area: 186.7000 m²
Covered area: 171.0823 m²
Uncovered area: 15.6177 m²
Coverage: 91.6348%
MAX_TIME used: 467.65 s
===== GEOMETRIC COVERAGE RESULTS =====
Total world area: 210.0000 m²
Excluded area: 23.3000 m²
Valid area: 186.7000 m²
Covered area: 171.0823 m²
Uncovered area: 15.6177 m²
Coverage: 91.6348%
MAX_TIME used: 467.65 s
===== GEOMETRIC COVERAGE RESULTS =====
Total world area: 210.0000 m²
Excluded area: 23.3000 m²
Valid area: 186.7000 m²
Covered area: 171.0823 m²
Uncovered area: 15.6177 m²
Coverage: 91.6348%
MAX_TIME used: 467.65 s
===== GEOMETRIC COVERAGE RESULTS =====
Total world area: 210.0000 m²
Excluded area: 23.3000 m²
Valid area: 186.7000 m²
Covered area: 171.0823 m²
Uncovered area: 15.6177 m²
Coverage: 91.6348%
MAX_TIME used: 467.65 s
===== GEOMETRIC COVERAGE RESULTS =====
Total world area: 210.0000 m²
Excluded area: 23.3000 m²
Valid area: 186.7000 m²
Covered area: 171.0823 m²
Uncovered area: 15.6177 m²
Coverage: 91.6348%
MAX_TIME used: 467.65 s
===== GEOMETRIC COVERAGE RESULTS =====
Total world area: 210.0000 m²
Excluded area: 23.3000 m²
Valid area: 186.7000 m²
Covered area: 171.0823 m²
Uncovered area: 15.6177 m²
Coverage: 91.6348%
MAX_TIME used: 467.65 s
===== GEOMETRIC COVERAGE RESULTS =====
Total world area: 210.0000 m²
Excluded area: 23.3000 m²
Valid area: 186.7000 m²
Covered area: 171.0823 m²
Uncovered area: 15.6177 m²
Coverage: 91.6348%
MAX_TIME used: 467.65 s
===== GEOMETRIC COVERAGE RESULTS =====
Total world area: 210.0000 m²
Excluded area: 23.3000 m²
Valid area: 186.7000 m²
Covered area: 171.0823 m²
Uncovered area: 15.6177 m²
Coverage: 91.6348%
MAX_TIME used: 467.65 s
===== GEOMETRIC COVERAGE RESULTS =====
Total world area: 210.0000 m²
Excluded area: 23.3000 m²
Valid area: 186.7000 m²
Covered area: 171.0823 m²
Uncovered area: 15.6177 m²
Coverage: 91.6348%
MAX_TIME used: 467.65 s
===== GEOMETRIC COVERAGE RESULTS =====
Total world area: 210.0000 m²
Excluded area: 23.3000 m²
Valid area: 186.7000 m²
Covered area: 171.0823 m²
Uncovered area: 15.6177 m²
Coverage: 91.6348%
MAX_TIME used: 467.65 s
===== GEOMETRIC COVERAGE RESULTS =====
Total world area: 210.0000 m²
Excluded area: 23.3000 m²
Valid area: 186.7000 m²
Covered area: 171.0823 m²
Uncovered area: 15.6177 m²
Coverage: 91.6348%
MAX_TIME used: 467.65 s
===== GEOMETRIC COVERAGE RESULTS =====
Total world area: 210.0000 m²
Excluded area: 23.3000 m²
Valid area: 186.7000 m²
Covered area: 171.0823 m²
Uncovered area: 15.6177 m²
Coverage: 91.6348%
MAX_TIME used: 467.65 s
===== GEOMETRIC COVERAGE RESULTS =====
Total world area: 210.0000 m²
Excluded area: 23.3000 m²
Valid area: 186.7000 m²
Covered area: 171.0823 m²
Uncovered area: 15.6177 m²
Coverage: 91.6348%
MAX_TIME used: 467.65 s
===== GEOMETRIC COVERAGE RESULTS =====
Total world area: 210.0000 m²
Excluded area: 23.3000 m²
Valid area: 186.7000 m²
Covered area: 171.0823 m²
Uncovered area: 15.6177 m²
Coverage: 91.6348%
MAX_TIME used: 467.65 s
===== GEOMETRIC COVERAGE RESULTS =====
Total world area: 210.0000 m²
Excluded area: 23.3000 m²
Valid area: 186.7000 m²
Covered area: 171.0823 m²
Uncovered area: 15.6177 m²
Coverage: 91.6348%
MAX_TIME used: 467.65 s
===== GEOMETRIC COVERAGE RESULTS =====
Total world area: 210.0000 m²
Excluded area: 23.3000 m²
Valid area: 186.7000 m²
Covered area: 171.0823 m²
Uncovered area: 15.6177 m²
Coverage: 91.6348%
MAX_TIME used: 467.65 s
===== GEOMETRIC COVERAGE RESULTS =====
Total world area: 210.0000 m²
Excluded area: 23.3000 m²
Valid area: 186.7000 m²
Covered area: 171.0823 m²
Uncovered area: 15.6177 m²
Coverage: 91.6348%
MAX_TIME used: 467.65 s
===== GEOMETRIC COVERAGE RESULTS =====
Total world area: 210.0000 m²
Excluded area: 23.3000 m²
Valid area: 186.7000 m²
Covered area: 171.0823 m²
Uncovered area: 15.6177 m²
Coverage: 91.6348%
MAX_TIME used: 467.65 s
===== GEOMETRIC COVERAGE RESULTS =====
Total world area: 210.0000 m²
Excluded area: 23.3000 m²
Valid area: 186.7000 m²
Covered area: 171.0823 m²
Uncovered area: 15.6177 m²
Coverage: 91.6348%
MAX_TIME used: 467.65 s
===== GEOMETRIC COVERAGE RESULTS =====
Total world area: 210.0000 m²
Excluded area: 23.3000 m²
Valid area: 186.7000 m²
Covered area: 171.0823 m²
Uncovered area: 15.6177 m²
Coverage: 91.6348%
MAX_TIME used: 467.65 s
===== GEOMETRIC COVERAGE RESULTS =====
Total world area: 210.0000 m²
Excluded area: 23.3000 m²
Valid area: 186.7000 m²
Covered area: 171.0823 m²
Uncovered area: 15.6177 m²
Coverage: 91.6348%
MAX_TIME used: 467.65 s
===== GEOMETRIC COVERAGE RESULTS =====
Total world area: 210.0000 m²
Excluded area: 23.3000 m²
Valid area: 186.7000 m²
Covered area: 171.0823 m²
Uncovered area: 15.6177 m²
Coverage: 91.6348%
MAX_TIME used: 467.65 s
===== GEOMETRIC COVERAGE RESULTS =====
Total world area: 210.0000 m²
Excluded area: 23.3000 m²
Valid area: 186.7000 m²
Covered area: 171.0823 m²
Uncovered area: 15.6177 m²
Coverage: 91.6348%
