MAX_TIME used: 1081.60 s
===== OCCUPANCY RESULTS =====
Total cells: 5250
Excluded cells: 699
Valid cells: 4551
Visited cells: 4386
Occupancy %: 96.37%
MAX_TIME used: 1081.60 s
===== OCCUPANCY RESULTS =====
Total cells: 5250
Excluded cells: 699
Valid cells: 4551
Visited cells: 4386
Occupancy %: 96.37%
MAX_TIME used: 1081.60 s
===== OCCUPANCY RESULTS =====
Total cells: 5250
Excluded cells: 699
Valid cells: 4551
Visited cells: 4386
Occupancy %: 96.37%
MAX_TIME used: 1081.60 s
===== OCCUPANCY RESULTS =====
Total cells: 5250
Excluded cells: 699
Valid cells: 4551
Visited cells: 4386
Occupancy %: 96.37%
MAX_TIME used: 1081.60 s
===== OCCUPANCY RESULTS =====
Total cells: 5250
Excluded cells: 699
Valid cells: 4551
Visited cells: 4386
Occupancy %: 96.37%
MAX_TIME used: 1081.60 s
===== OCCUPANCY RESULTS =====
Total cells: 5250
Excluded cells: 699
Valid cells: 4551
Visited cells: 4386
Occupancy %: 96.37%
MAX_TIME used: 1081.60 s
===== OCCUPANCY RESULTS =====
Total cells: 5250
Excluded cells: 699
Valid cells: 4551
Visited cells: 4386
Occupancy %: 96.37%
MAX_TIME used: 1081.60 s
===== OCCUPANCY RESULTS =====
Total cells: 5250
Excluded cells: 699
Valid cells: 4551
Visited cells: 4386
Occupancy %: 96.37%
MAX_TIME used: 1081.60 s
===== GEOMETRIC COVERAGE RESULTS =====
Total world area: 210.0000 m²
Excluded area: 23.3000 m²
Valid area: 186.7000 m²
Covered area: 176.3853 m²
Uncovered area: 10.3147 m²
Coverage: 94.4753%
MAX_TIME used: 1081.60 s
===== GEOMETRIC COVERAGE RESULTS =====
Total world area: 210.0000 m²
Excluded area: 23.3000 m²
Valid area: 186.7000 m²
Covered area: 176.3853 m²
Uncovered area: 10.3147 m²
Coverage: 94.4753%
MAX_TIME used: 1081.60 s
===== GEOMETRIC COVERAGE RESULTS =====
Total world area: 210.0000 m²
Excluded area: 23.3000 m²
Valid area: 186.7000 m²
Covered area: 176.3853 m²
Uncovered area: 10.3147 m²
Coverage: 94.4753%
MAX_TIME used: 1081.60 s
===== GEOMETRIC COVERAGE RESULTS =====
Total world area: 210.0000 m²
Excluded area: 23.3000 m²
Valid area: 186.7000 m²
Covered area: 176.3853 m²
Uncovered area: 10.3147 m²
Coverage: 94.4753%
MAX_TIME used: 1081.60 s
===== GEOMETRIC COVERAGE RESULTS =====
Total world area: 210.0000 m²
Excluded area: 23.3000 m²
Valid area: 186.7000 m²
Covered area: 176.3853 m²
Uncovered area: 10.3147 m²
Coverage: 94.4753%
MAX_TIME used: 1081.60 s
===== GEOMETRIC COVERAGE RESULTS =====
Total world area: 210.0000 m²
Excluded area: 23.3000 m²
Valid area: 186.7000 m²
Covered area: 176.3853 m²
Uncovered area: 10.3147 m²
Coverage: 94.4753%
MAX_TIME used: 1081.60 s
===== GEOMETRIC COVERAGE RESULTS =====
Total world area: 210.0000 m²
Excluded area: 23.3000 m²
Valid area: 186.7000 m²
Covered area: 176.3853 m²
Uncovered area: 10.3147 m²
Coverage: 94.4753%
MAX_TIME used: 1081.60 s
===== GEOMETRIC COVERAGE RESULTS =====
Total world area: 210.0000 m²
Excluded area: 23.3000 m²
Valid area: 186.7000 m²
Covered area: 176.3853 m²
Uncovered area: 10.3147 m²
Coverage: 94.4753%
MAX_TIME used: 1081.60 s
===== GEOMETRIC COVERAGE RESULTS =====
Total world area: 210.0000 m²
Excluded area: 23.3000 m²
Valid area: 186.7000 m²
Covered area: 176.3853 m²
Uncovered area: 10.3147 m²
Coverage: 94.4753%
MAX_TIME used: 1081.60 s
===== GEOMETRIC COVERAGE RESULTS =====
Total world area: 210.0000 m²
Excluded area: 23.3000 m²
Valid area: 186.7000 m²
Covered area: 176.3853 m²
Uncovered area: 10.3147 m²
Coverage: 94.4753%
MAX_TIME used: 1081.60 s
===== GEOMETRIC COVERAGE RESULTS =====
Total world area: 210.0000 m²
Excluded area: 23.3000 m²
Valid area: 186.7000 m²
Covered area: 176.3853 m²
Uncovered area: 10.3147 m²
Coverage: 94.4753%
MAX_TIME used: 1081.60 s
===== GEOMETRIC COVERAGE RESULTS =====
Total world area: 210.0000 m²
Excluded area: 23.3000 m²
Valid area: 186.7000 m²
Covered area: 176.3853 m²
Uncovered area: 10.3147 m²
Coverage: 94.4753%
MAX_TIME used: 1081.60 s
===== GEOMETRIC COVERAGE RESULTS =====
Total world area: 210.0000 m²
Excluded area: 23.3000 m²
Valid area: 186.7000 m²
Covered area: 176.3853 m²
Uncovered area: 10.3147 m²
Coverage: 94.4753%
MAX_TIME used: 1081.60 s
===== GEOMETRIC COVERAGE RESULTS =====
Total world area: 210.0000 m²
Excluded area: 23.3000 m²
Valid area: 186.7000 m²
Covered area: 176.3853 m²
Uncovered area: 10.3147 m²
Coverage: 94.4753%
MAX_TIME used: 1081.60 s
===== GEOMETRIC COVERAGE RESULTS =====
Total world area: 210.0000 m²
Excluded area: 23.3000 m²
Valid area: 186.7000 m²
Covered area: 176.3853 m²
Uncovered area: 10.3147 m²
Coverage: 94.4753%
MAX_TIME used: 1081.60 s
===== GEOMETRIC COVERAGE RESULTS =====
Total world area: 210.0000 m²
Excluded area: 23.3000 m²
Valid area: 186.7000 m²
Covered area: 176.3853 m²
Uncovered area: 10.3147 m²
Coverage: 94.4753%
MAX_TIME used: 1081.60 s
===== GEOMETRIC COVERAGE RESULTS =====
Total world area: 210.0000 m²
Excluded area: 23.3000 m²
Valid area: 186.7000 m²
Covered area: 176.3853 m²
Uncovered area: 10.3147 m²
Coverage: 94.4753%
MAX_TIME used: 1081.60 s
===== GEOMETRIC COVERAGE RESULTS =====
Total world area: 210.0000 m²
Excluded area: 23.3000 m²
Valid area: 186.7000 m²
Covered area: 176.3853 m²
Uncovered area: 10.3147 m²
Coverage: 94.4753%
MAX_TIME used: 1081.60 s
===== GEOMETRIC COVERAGE RESULTS =====
Total world area: 210.0000 m²
Excluded area: 23.3000 m²
Valid area: 186.7000 m²
Covered area: 176.3853 m²
Uncovered area: 10.3147 m²
Coverage: 94.4753%
