==========================================
 ACCURATE GEOMETRIC COVERAGE CALCULATION
==========================================
Experiment: /home/gonazza/container_ws/catkin_ws/src/indoor_bot/indoor_bot/config2/exp_equal3
Robot radius: 2.50 m

MAX_TIME used: 788.95 s
===== GEOMETRIC COVERAGE RESULTS =====
Total world area: 210.0000 m²
Excluded area: 23.3000 m²
Valid area: 186.7000 m²
Covered area: 161.6889 m²
Uncovered area: 25.0111 m²
Coverage: 86.6036%
MAX_TIME used: 788.95 s
===== GEOMETRIC COVERAGE RESULTS =====
Configuration: config2
Experiment: exp_equal3
Total world area: 210.0000 m²
Excluded area: 23.3000 m²
Valid area: 186.7000 m²
Covered area: 161.6889 m²
Uncovered area: 25.0111 m²
Coverage: 86.6036%
MAX_TIME used: 788.95 s
===== GEOMETRIC COVERAGE RESULTS =====
Configuration: config2
Experiment: exp_equal3
Total world area: 210.0000 m²
Excluded area: 23.3000 m²
Valid area: 186.7000 m²
Covered area: 161.6889 m²
Uncovered area: 25.0111 m²
Coverage: 86.6036%
