MAX_TIME used: 625.85 s
===== GEOMETRIC COVERAGE RESULTS =====
Configuration: config3
Experiment: exp_reward10
Total world area: 210.0000 m²
Excluded area: 23.3000 m²
Valid area: 186.7000 m²
Covered area: 157.8878 m²
Uncovered area: 28.8122 m²
Coverage: 84.5676%
MAX_TIME used: 625.85 s
===== GEOMETRIC COVERAGE RESULTS =====
Configuration: config3
Experiment: exp_reward10
Total world area: 210.0000 m²
Excluded area: 23.3000 m²
Valid area: 186.7000 m²
Covered area: 157.8878 m²
Uncovered area: 28.8122 m²
Coverage: 84.5676%
