========== RESULTS ==========

Robot 1
Time near waypoint : 394.35 s
Heading to waypoint: 34.65%

Robot 2
Time near waypoint : 510.85 s
Heading to waypoint: 32.47%

Robot 3
Time near waypoint : 279.45 s
Heading to waypoint: 38.25%


========== WAYPOINT VISITS ==========

Robot 1
  WP1: 3 visits
  WP2: 2 visits
  WP3: 3 visits
  WP4: 2 visits
  WP5: 2 visits

Robot 2
  WP1: 5 visits
  WP2: 2 visits
  WP3: 1 visits
  WP4: 4 visits
  WP5: 1 visits

Robot 3
  WP1: 2 visits
  WP2: 1 visits
  WP3: 3 visits
  WP4: 1 visits
  WP5: 2 visits

Total visits per waypoint:
  WP1: 10 visits
  WP2: 5 visits
  WP3: 7 visits
  WP4: 7 visits
  WP5: 5 visits

