MAX_TIME used: 1045.75 s
===== OCCUPANCY RESULTS =====
Total cells: 5250
Excluded cells: 699
Valid cells: 4551
Visited cells: 4385
Occupancy %: 96.35%
MAX_TIME used: 1045.75 s
===== OCCUPANCY RESULTS =====
Total cells: 5250
Excluded cells: 699
Valid cells: 4551
Visited cells: 4385
Occupancy %: 96.35%
MAX_TIME used: 1045.75 s
===== OCCUPANCY RESULTS =====
Total cells: 5250
Excluded cells: 699
Valid cells: 4551
Visited cells: 4385
Occupancy %: 96.35%
MAX_TIME used: 1045.75 s
===== OCCUPANCY RESULTS =====
Total cells: 5250
Excluded cells: 699
Valid cells: 4551
Visited cells: 4385
Occupancy %: 96.35%
MAX_TIME used: 1045.75 s
===== OCCUPANCY RESULTS =====
Total cells: 5250
Excluded cells: 699
Valid cells: 4551
Visited cells: 4385
Occupancy %: 96.35%
MAX_TIME used: 1045.75 s
===== OCCUPANCY RESULTS =====
Total cells: 5250
Excluded cells: 699
Valid cells: 4551
Visited cells: 4385
Occupancy %: 96.35%
MAX_TIME used: 1045.75 s
===== OCCUPANCY RESULTS =====
Total cells: 5250
Excluded cells: 699
Valid cells: 4551
Visited cells: 4385
Occupancy %: 96.35%
MAX_TIME used: 1045.75 s
===== OCCUPANCY RESULTS =====
Total cells: 5250
Excluded cells: 699
Valid cells: 4551
Visited cells: 4385
Occupancy %: 96.35%
MAX_TIME used: 1045.75 s
===== GEOMETRIC COVERAGE RESULTS =====
Total world area: 210.0000 m²
Excluded area: 23.3000 m²
Valid area: 186.7000 m²
Covered area: 176.0893 m²
Uncovered area: 10.6107 m²
Coverage: 94.3167%
MAX_TIME used: 1045.75 s
===== GEOMETRIC COVERAGE RESULTS =====
Total world area: 210.0000 m²
Excluded area: 23.3000 m²
Valid area: 186.7000 m²
Covered area: 176.0893 m²
Uncovered area: 10.6107 m²
Coverage: 94.3167%
MAX_TIME used: 1045.75 s
===== GEOMETRIC COVERAGE RESULTS =====
Total world area: 210.0000 m²
Excluded area: 23.3000 m²
Valid area: 186.7000 m²
Covered area: 176.0893 m²
Uncovered area: 10.6107 m²
Coverage: 94.3167%
MAX_TIME used: 1045.75 s
===== GEOMETRIC COVERAGE RESULTS =====
Total world area: 210.0000 m²
Excluded area: 23.3000 m²
Valid area: 186.7000 m²
Covered area: 176.0893 m²
Uncovered area: 10.6107 m²
Coverage: 94.3167%
MAX_TIME used: 1045.75 s
===== GEOMETRIC COVERAGE RESULTS =====
Total world area: 210.0000 m²
Excluded area: 23.3000 m²
Valid area: 186.7000 m²
Covered area: 176.0893 m²
Uncovered area: 10.6107 m²
Coverage: 94.3167%
MAX_TIME used: 1045.75 s
===== GEOMETRIC COVERAGE RESULTS =====
Total world area: 210.0000 m²
Excluded area: 23.3000 m²
Valid area: 186.7000 m²
Covered area: 176.0893 m²
Uncovered area: 10.6107 m²
Coverage: 94.3167%
MAX_TIME used: 1045.75 s
===== GEOMETRIC COVERAGE RESULTS =====
Total world area: 210.0000 m²
Excluded area: 23.3000 m²
Valid area: 186.7000 m²
Covered area: 176.0893 m²
Uncovered area: 10.6107 m²
Coverage: 94.3167%
MAX_TIME used: 1045.75 s
===== GEOMETRIC COVERAGE RESULTS =====
Total world area: 210.0000 m²
Excluded area: 23.3000 m²
Valid area: 186.7000 m²
Covered area: 176.0893 m²
Uncovered area: 10.6107 m²
Coverage: 94.3167%
MAX_TIME used: 1045.75 s
===== GEOMETRIC COVERAGE RESULTS =====
Total world area: 210.0000 m²
Excluded area: 23.3000 m²
Valid area: 186.7000 m²
Covered area: 176.0893 m²
Uncovered area: 10.6107 m²
Coverage: 94.3167%
MAX_TIME used: 1045.75 s
===== GEOMETRIC COVERAGE RESULTS =====
Total world area: 210.0000 m²
Excluded area: 23.3000 m²
Valid area: 186.7000 m²
Covered area: 176.0893 m²
Uncovered area: 10.6107 m²
Coverage: 94.3167%
MAX_TIME used: 1045.75 s
===== GEOMETRIC COVERAGE RESULTS =====
Total world area: 210.0000 m²
Excluded area: 23.3000 m²
Valid area: 186.7000 m²
Covered area: 176.0893 m²
Uncovered area: 10.6107 m²
Coverage: 94.3167%
MAX_TIME used: 1045.75 s
===== GEOMETRIC COVERAGE RESULTS =====
Total world area: 210.0000 m²
Excluded area: 23.3000 m²
Valid area: 186.7000 m²
Covered area: 176.0893 m²
Uncovered area: 10.6107 m²
Coverage: 94.3167%
MAX_TIME used: 1045.75 s
===== GEOMETRIC COVERAGE RESULTS =====
Total world area: 210.0000 m²
Excluded area: 23.3000 m²
Valid area: 186.7000 m²
Covered area: 176.0893 m²
Uncovered area: 10.6107 m²
Coverage: 94.3167%
MAX_TIME used: 1045.75 s
===== GEOMETRIC COVERAGE RESULTS =====
Total world area: 210.0000 m²
Excluded area: 23.3000 m²
Valid area: 186.7000 m²
Covered area: 176.0893 m²
Uncovered area: 10.6107 m²
Coverage: 94.3167%
MAX_TIME used: 1045.75 s
===== GEOMETRIC COVERAGE RESULTS =====
Total world area: 210.0000 m²
Excluded area: 23.3000 m²
Valid area: 186.7000 m²
Covered area: 176.0893 m²
Uncovered area: 10.6107 m²
Coverage: 94.3167%
MAX_TIME used: 1045.75 s
===== GEOMETRIC COVERAGE RESULTS =====
Total world area: 210.0000 m²
Excluded area: 23.3000 m²
Valid area: 186.7000 m²
Covered area: 176.0893 m²
Uncovered area: 10.6107 m²
Coverage: 94.3167%
MAX_TIME used: 1045.75 s
===== GEOMETRIC COVERAGE RESULTS =====
Total world area: 210.0000 m²
Excluded area: 23.3000 m²
Valid area: 186.7000 m²
Covered area: 176.0893 m²
Uncovered area: 10.6107 m²
Coverage: 94.3167%
MAX_TIME used: 1045.75 s
===== GEOMETRIC COVERAGE RESULTS =====
Total world area: 210.0000 m²
Excluded area: 23.3000 m²
Valid area: 186.7000 m²
Covered area: 176.0893 m²
Uncovered area: 10.6107 m²
Coverage: 94.3167%
MAX_TIME used: 1045.75 s
===== GEOMETRIC COVERAGE RESULTS =====
Total world area: 210.0000 m²
Excluded area: 23.3000 m²
Valid area: 186.7000 m²
Covered area: 176.0893 m²
Uncovered area: 10.6107 m²
Coverage: 94.3167%
