==========================================
 ACCURATE GEOMETRIC COVERAGE CALCULATION
==========================================
Experiment: /home/gonazza/container_ws/catkin_ws/src/indoor_bot/indoor_bot/config1/exp_reward5
Robot radius: 2.50 m

MAX_TIME used: 536.00 s
===== GEOMETRIC COVERAGE RESULTS =====
Total world area: 210.0000 m²
Excluded area: 23.3000 m²
Valid area: 186.7000 m²
Covered area: 170.6569 m²
Uncovered area: 16.0431 m²
Coverage: 91.4070%
MAX_TIME used: 536.00 s
===== GEOMETRIC COVERAGE RESULTS =====
Configuration: config1
Experiment: exp_reward5
Total world area: 210.0000 m²
Excluded area: 23.3000 m²
Valid area: 186.7000 m²
Covered area: 170.6569 m²
Uncovered area: 16.0431 m²
Coverage: 91.4070%
MAX_TIME used: 536.00 s
===== GEOMETRIC COVERAGE RESULTS =====
Configuration: config1
Experiment: exp_reward5
Total world area: 210.0000 m²
Excluded area: 23.3000 m²
Valid area: 186.7000 m²
Covered area: 170.6569 m²
Uncovered area: 16.0431 m²
Coverage: 91.4070%
