========== RESULTS ==========

Robot 1
Time near waypoint : 249.40 s
Heading to waypoint: 35.77%

Robot 2
Time near waypoint : 391.00 s
Heading to waypoint: 32.51%

Robot 3
Time near waypoint : 223.40 s
Heading to waypoint: 29.50%


========== WAYPOINT VISITS ==========

Robot 1
  WP1: 2 visits
  WP2: 1 visits
  WP3: 1 visits
  WP4: 1 visits
  WP5: 1 visits

Robot 2
  WP1: 2 visits
  WP2: 1 visits
  WP3: 1 visits
  WP4: 3 visits
  WP5: 1 visits

Robot 3
  WP1: 1 visits
  WP2: 1 visits
  WP3: 1 visits
  WP4: 2 visits
  WP5: 1 visits

Total visits per waypoint:
  WP1: 5 visits
  WP2: 3 visits
  WP3: 3 visits
  WP4: 6 visits
  WP5: 3 visits

