MAX_TIME used: 679.05 s
===== OCCUPANCY RESULTS =====
Total cells: 5250
Excluded cells: 699
Valid cells: 4551
Visited cells: 4393
Occupancy %: 96.53%
MAX_TIME used: 679.05 s
===== OCCUPANCY RESULTS =====
Total cells: 5250
Excluded cells: 699
Valid cells: 4551
Visited cells: 4393
Occupancy %: 96.53%
MAX_TIME used: 679.05 s
===== OCCUPANCY RESULTS =====
Total cells: 5250
Excluded cells: 699
Valid cells: 4551
Visited cells: 4393
Occupancy %: 96.53%
MAX_TIME used: 679.05 s
===== OCCUPANCY RESULTS =====
Total cells: 5250
Excluded cells: 699
Valid cells: 4551
Visited cells: 4393
Occupancy %: 96.53%
MAX_TIME used: 679.05 s
===== OCCUPANCY RESULTS =====
Total cells: 5250
Excluded cells: 699
Valid cells: 4551
Visited cells: 4393
Occupancy %: 96.53%
MAX_TIME used: 679.05 s
===== OCCUPANCY RESULTS =====
Total cells: 5250
Excluded cells: 699
Valid cells: 4551
Visited cells: 4393
Occupancy %: 96.53%
MAX_TIME used: 679.05 s
===== OCCUPANCY RESULTS =====
Total cells: 5250
Excluded cells: 699
Valid cells: 4551
Visited cells: 4393
Occupancy %: 96.53%
MAX_TIME used: 679.05 s
===== OCCUPANCY RESULTS =====
Total cells: 5250
Excluded cells: 699
Valid cells: 4551
Visited cells: 4393
Occupancy %: 96.53%
MAX_TIME used: 679.05 s
===== GEOMETRIC COVERAGE RESULTS =====
Total world area: 210.0000 m²
Excluded area: 23.3000 m²
Valid area: 186.7000 m²
Covered area: 176.8803 m²
Uncovered area: 9.8197 m²
Coverage: 94.7404%
MAX_TIME used: 679.05 s
===== GEOMETRIC COVERAGE RESULTS =====
Total world area: 210.0000 m²
Excluded area: 23.3000 m²
Valid area: 186.7000 m²
Covered area: 176.8803 m²
Uncovered area: 9.8197 m²
Coverage: 94.7404%
MAX_TIME used: 679.05 s
===== GEOMETRIC COVERAGE RESULTS =====
Total world area: 210.0000 m²
Excluded area: 23.3000 m²
Valid area: 186.7000 m²
Covered area: 176.8803 m²
Uncovered area: 9.8197 m²
Coverage: 94.7404%
MAX_TIME used: 679.05 s
===== GEOMETRIC COVERAGE RESULTS =====
Total world area: 210.0000 m²
Excluded area: 23.3000 m²
Valid area: 186.7000 m²
Covered area: 176.8803 m²
Uncovered area: 9.8197 m²
Coverage: 94.7404%
MAX_TIME used: 679.05 s
===== GEOMETRIC COVERAGE RESULTS =====
Total world area: 210.0000 m²
Excluded area: 23.3000 m²
Valid area: 186.7000 m²
Covered area: 176.8803 m²
Uncovered area: 9.8197 m²
Coverage: 94.7404%
MAX_TIME used: 679.05 s
===== GEOMETRIC COVERAGE RESULTS =====
Total world area: 210.0000 m²
Excluded area: 23.3000 m²
Valid area: 186.7000 m²
Covered area: 176.8803 m²
Uncovered area: 9.8197 m²
Coverage: 94.7404%
MAX_TIME used: 679.05 s
===== GEOMETRIC COVERAGE RESULTS =====
Total world area: 210.0000 m²
Excluded area: 23.3000 m²
Valid area: 186.7000 m²
Covered area: 176.8803 m²
Uncovered area: 9.8197 m²
Coverage: 94.7404%
MAX_TIME used: 679.05 s
===== GEOMETRIC COVERAGE RESULTS =====
Total world area: 210.0000 m²
Excluded area: 23.3000 m²
Valid area: 186.7000 m²
Covered area: 176.8803 m²
Uncovered area: 9.8197 m²
Coverage: 94.7404%
MAX_TIME used: 679.05 s
===== GEOMETRIC COVERAGE RESULTS =====
Total world area: 210.0000 m²
Excluded area: 23.3000 m²
Valid area: 186.7000 m²
Covered area: 176.8803 m²
Uncovered area: 9.8197 m²
Coverage: 94.7404%
MAX_TIME used: 679.05 s
===== GEOMETRIC COVERAGE RESULTS =====
Total world area: 210.0000 m²
Excluded area: 23.3000 m²
Valid area: 186.7000 m²
Covered area: 176.8803 m²
Uncovered area: 9.8197 m²
Coverage: 94.7404%
MAX_TIME used: 679.05 s
===== GEOMETRIC COVERAGE RESULTS =====
Total world area: 210.0000 m²
Excluded area: 23.3000 m²
Valid area: 186.7000 m²
Covered area: 176.8803 m²
Uncovered area: 9.8197 m²
Coverage: 94.7404%
MAX_TIME used: 679.05 s
===== GEOMETRIC COVERAGE RESULTS =====
Total world area: 210.0000 m²
Excluded area: 23.3000 m²
Valid area: 186.7000 m²
Covered area: 176.8803 m²
Uncovered area: 9.8197 m²
Coverage: 94.7404%
MAX_TIME used: 679.05 s
===== GEOMETRIC COVERAGE RESULTS =====
Total world area: 210.0000 m²
Excluded area: 23.3000 m²
Valid area: 186.7000 m²
Covered area: 176.8803 m²
Uncovered area: 9.8197 m²
Coverage: 94.7404%
MAX_TIME used: 679.05 s
===== GEOMETRIC COVERAGE RESULTS =====
Total world area: 210.0000 m²
Excluded area: 23.3000 m²
Valid area: 186.7000 m²
Covered area: 176.8803 m²
Uncovered area: 9.8197 m²
Coverage: 94.7404%
MAX_TIME used: 679.05 s
===== GEOMETRIC COVERAGE RESULTS =====
Total world area: 210.0000 m²
Excluded area: 23.3000 m²
Valid area: 186.7000 m²
Covered area: 176.8803 m²
Uncovered area: 9.8197 m²
Coverage: 94.7404%
MAX_TIME used: 679.05 s
===== GEOMETRIC COVERAGE RESULTS =====
Total world area: 210.0000 m²
Excluded area: 23.3000 m²
Valid area: 186.7000 m²
Covered area: 176.8803 m²
Uncovered area: 9.8197 m²
Coverage: 94.7404%
MAX_TIME used: 679.05 s
===== GEOMETRIC COVERAGE RESULTS =====
Total world area: 210.0000 m²
Excluded area: 23.3000 m²
Valid area: 186.7000 m²
Covered area: 176.8803 m²
Uncovered area: 9.8197 m²
Coverage: 94.7404%
MAX_TIME used: 679.05 s
===== GEOMETRIC COVERAGE RESULTS =====
Total world area: 210.0000 m²
Excluded area: 23.3000 m²
Valid area: 186.7000 m²
Covered area: 176.8803 m²
Uncovered area: 9.8197 m²
Coverage: 94.7404%
MAX_TIME used: 679.05 s
===== GEOMETRIC COVERAGE RESULTS =====
Total world area: 210.0000 m²
Excluded area: 23.3000 m²
Valid area: 186.7000 m²
Covered area: 176.8803 m²
Uncovered area: 9.8197 m²
Coverage: 94.7404%
