========== RESULTS ==========

Robot 1
Time near waypoint : 257.30 s
Heading to waypoint: 27.90%

Robot 2
Time near waypoint : 393.25 s
Heading to waypoint: 27.38%

Robot 3
Time near waypoint : 433.95 s
Heading to waypoint: 28.09%


========== WAYPOINT VISITS ==========

Robot 1
  WP1: 3 visits
  WP2: 1 visits
  WP3: 2 visits
  WP4: 1 visits
  WP5: 1 visits

Robot 2
  WP1: 3 visits
  WP2: 2 visits
  WP3: 4 visits
  WP4: 1 visits
  WP5: 2 visits

Robot 3
  WP1: 6 visits
  WP2: 1 visits
  WP3: 1 visits
  WP4: 2 visits
  WP5: 3 visits

Total visits per waypoint:
  WP1: 12 visits
  WP2: 4 visits
  WP3: 7 visits
  WP4: 4 visits
  WP5: 6 visits

