==========================================
 ACCURATE GEOMETRIC COVERAGE CALCULATION
==========================================
Experiment: /home/gonazza/container_ws/catkin_ws/src/indoor_bot/indoor_bot/config3/exp_equal1
Robot radius: 2.50 m

MAX_TIME used: 636.65 s
===== GEOMETRIC COVERAGE RESULTS =====
Total world area: 210.0000 m²
Excluded area: 23.3000 m²
Valid area: 186.7000 m²
Covered area: 162.0494 m²
Uncovered area: 24.6506 m²
Coverage: 86.7967%
MAX_TIME used: 636.65 s
===== GEOMETRIC COVERAGE RESULTS =====
Configuration: config3
Experiment: exp_equal1
Total world area: 210.0000 m²
Excluded area: 23.3000 m²
Valid area: 186.7000 m²
Covered area: 162.0494 m²
Uncovered area: 24.6506 m²
Coverage: 86.7967%
