========== RESULTS ==========

Robot 1
Time near waypoint : 265.85 s
Heading to waypoint: 30.15%

Robot 2
Time near waypoint : 310.95 s
Heading to waypoint: 23.63%

Robot 3
Time near waypoint : 360.50 s
Heading to waypoint: 24.29%


========== WAYPOINT VISITS ==========

Robot 1
  WP1: 3 visits
  WP2: 1 visits
  WP3: 1 visits
  WP4: 1 visits
  WP5: 1 visits

Robot 2
  WP1: 4 visits
  WP2: 1 visits
  WP3: 4 visits
  WP4: 1 visits
  WP5: 2 visits

Robot 3
  WP1: 3 visits
  WP2: 1 visits
  WP3: 3 visits
  WP4: 2 visits
  WP5: 3 visits

Total visits per waypoint:
  WP1: 10 visits
  WP2: 3 visits
  WP3: 8 visits
  WP4: 4 visits
  WP5: 6 visits

