========== RESULTS ==========

Robot 1
Time near waypoint : 723.65 s
Heading to waypoint: 28.30%

Robot 2
Time near waypoint : 509.20 s
Heading to waypoint: 24.83%

Robot 3
Time near waypoint : 345.00 s
Heading to waypoint: 27.36%


========== WAYPOINT VISITS ==========

Robot 1
  WP1: 5 visits
  WP2: 2 visits
  WP3: 4 visits
  WP4: 2 visits
  WP5: 2 visits

Robot 2
  WP1: 11 visits
  WP2: 2 visits
  WP3: 4 visits
  WP4: 1 visits
  WP5: 15 visits

Robot 3
  WP1: 7 visits
  WP2: 1 visits
  WP3: 2 visits
  WP4: 1 visits
  WP5: 2 visits

Total visits per waypoint:
  WP1: 23 visits
  WP2: 5 visits
  WP3: 10 visits
  WP4: 4 visits
  WP5: 19 visits

