========== RESULTS ==========

Robot 1
Time near waypoint : 400.55 s
Heading to waypoint: 26.73%

Robot 2
Time near waypoint : 483.00 s
Heading to waypoint: 28.45%

Robot 3
Time near waypoint : 497.30 s
Heading to waypoint: 29.28%


========== WAYPOINT VISITS ==========

Robot 1
  WP1: 5 visits
  WP2: 1 visits
  WP3: 2 visits
  WP4: 2 visits
  WP5: 1 visits

Robot 2
  WP1: 4 visits
  WP2: 3 visits
  WP3: 5 visits
  WP4: 1 visits
  WP5: 3 visits

Robot 3
  WP1: 6 visits
  WP2: 1 visits
  WP3: 4 visits
  WP4: 2 visits
  WP5: 7 visits

Total visits per waypoint:
  WP1: 15 visits
  WP2: 5 visits
  WP3: 11 visits
  WP4: 5 visits
  WP5: 11 visits

