MAX_TIME used: 615.45 s
===== GEOMETRIC COVERAGE RESULTS =====
Configuration: config3
Experiment: exp_equal3
Total world area: 210.0000 m²
Excluded area: 23.3000 m²
Valid area: 186.7000 m²
Covered area: 162.3636 m²
Uncovered area: 24.3364 m²
Coverage: 86.9650%
MAX_TIME used: 615.45 s
===== GEOMETRIC COVERAGE RESULTS =====
Configuration: config3
Experiment: exp_equal3
Total world area: 210.0000 m²
Excluded area: 23.3000 m²
Valid area: 186.7000 m²
Covered area: 162.3636 m²
Uncovered area: 24.3364 m²
Coverage: 86.9650%
