========== RESULTS ==========

Robot 1
Time near waypoint : 281.75 s
Heading to waypoint: 32.65%

Robot 2
Time near waypoint : 364.75 s
Heading to waypoint: 27.65%

Robot 3
Time near waypoint : 441.65 s
Heading to waypoint: 27.21%


========== WAYPOINT VISITS ==========

Robot 1
  WP1: 4 visits
  WP2: 1 visits
  WP3: 2 visits
  WP4: 1 visits
  WP5: 1 visits

Robot 2
  WP1: 4 visits
  WP2: 2 visits
  WP3: 4 visits
  WP4: 1 visits
  WP5: 2 visits

Robot 3
  WP1: 3 visits
  WP2: 1 visits
  WP3: 3 visits
  WP4: 3 visits
  WP5: 2 visits

Total visits per waypoint:
  WP1: 11 visits
  WP2: 4 visits
  WP3: 9 visits
  WP4: 5 visits
  WP5: 5 visits

