==========================================
 ACCURATE GEOMETRIC COVERAGE CALCULATION
==========================================
Experiment: /home/gonazza/container_ws/catkin_ws/src/indoor_bot/indoor_bot/config1/exp_reward10
Robot radius: 2.50 m

MAX_TIME used: 467.65 s
===== GEOMETRIC COVERAGE RESULTS =====
Total world area: 210.0000 m²
Excluded area: 23.3000 m²
Valid area: 186.7000 m²
Covered area: 171.0823 m²
Uncovered area: 15.6177 m²
Coverage: 91.6348%
MAX_TIME used: 467.65 s
===== GEOMETRIC COVERAGE RESULTS =====
Configuration: config1
Experiment: exp_reward10
Total world area: 210.0000 m²
Excluded area: 23.3000 m²
Valid area: 186.7000 m²
Covered area: 171.0823 m²
Uncovered area: 15.6177 m²
Coverage: 91.6348%
