==========================================
 ACCURATE GEOMETRIC COVERAGE CALCULATION
==========================================
Experiment: /home/gonazza/container_ws/catkin_ws/src/indoor_bot/indoor_bot/config1/exp_reward6
Robot radius: 2.50 m

MAX_TIME used: 429.40 s
===== GEOMETRIC COVERAGE RESULTS =====
Total world area: 210.0000 m²
Excluded area: 23.3000 m²
Valid area: 186.7000 m²
Covered area: 170.9568 m²
Uncovered area: 15.7432 m²
Coverage: 91.5676%
MAX_TIME used: 429.40 s
===== GEOMETRIC COVERAGE RESULTS =====
Configuration: config1
Experiment: exp_reward6
Total world area: 210.0000 m²
Excluded area: 23.3000 m²
Valid area: 186.7000 m²
Covered area: 170.9568 m²
Uncovered area: 15.7432 m²
Coverage: 91.5676%
MAX_TIME used: 429.40 s
===== GEOMETRIC COVERAGE RESULTS =====
Configuration: config1
Experiment: exp_reward6
Total world area: 210.0000 m²
Excluded area: 23.3000 m²
Valid area: 186.7000 m²
Covered area: 170.9568 m²
Uncovered area: 15.7432 m²
Coverage: 91.5676%
