========== RESULTS ==========

Robot 1
Time near waypoint : 261.10 s
Heading to waypoint: 42.25%

Robot 2
Time near waypoint : 286.10 s
Heading to waypoint: 33.68%

Robot 3
Time near waypoint : 222.15 s
Heading to waypoint: 33.46%


========== WAYPOINT VISITS ==========

Robot 1
  WP1: 2 visits
  WP2: 1 visits
  WP3: 1 visits
  WP4: 1 visits
  WP5: 1 visits

Robot 2
  WP1: 2 visits
  WP2: 1 visits
  WP3: 3 visits
  WP4: 2 visits
  WP5: 2 visits

Robot 3
  WP1: 1 visits
  WP2: 1 visits
  WP3: 1 visits
  WP4: 1 visits
  WP5: 1 visits

Total visits per waypoint:
  WP1: 5 visits
  WP2: 3 visits
  WP3: 5 visits
  WP4: 4 visits
  WP5: 4 visits

