==========================================
 ACCURATE GEOMETRIC COVERAGE CALCULATION
==========================================
Experiment: /home/gonazza/container_ws/catkin_ws/src/indoor_bot/indoor_bot/config3/exp_reward5
Robot radius: 2.50 m

MAX_TIME used: 695.30 s
===== GEOMETRIC COVERAGE RESULTS =====
Total world area: 210.0000 m²
Excluded area: 23.3000 m²
Valid area: 186.7000 m²
Covered area: 166.2722 m²
Uncovered area: 20.4278 m²
Coverage: 89.0585%
MAX_TIME used: 695.30 s
===== GEOMETRIC COVERAGE RESULTS =====
Configuration: config3
Experiment: exp_reward5
Total world area: 210.0000 m²
Excluded area: 23.3000 m²
Valid area: 186.7000 m²
Covered area: 166.2722 m²
Uncovered area: 20.4278 m²
Coverage: 89.0585%
MAX_TIME used: 695.30 s
===== GEOMETRIC COVERAGE RESULTS =====
Configuration: config3
Experiment: exp_reward5
Total world area: 210.0000 m²
Excluded area: 23.3000 m²
Valid area: 186.7000 m²
Covered area: 166.2722 m²
Uncovered area: 20.4278 m²
Coverage: 89.0585%
