========== RESULTS ==========

Robot 1
Time near waypoint : 432.95 s
Heading to waypoint: 30.38%

Robot 2
Time near waypoint : 295.70 s
Heading to waypoint: 30.86%

Robot 3
Time near waypoint : 356.80 s
Heading to waypoint: 28.92%


========== WAYPOINT VISITS ==========

Robot 1
  WP1: 6 visits
  WP2: 1 visits
  WP3: 2 visits
  WP4: 1 visits
  WP5: 1 visits

Robot 2
  WP1: 4 visits
  WP2: 1 visits
  WP3: 2 visits
  WP4: 1 visits
  WP5: 2 visits

Robot 3
  WP1: 4 visits
  WP2: 1 visits
  WP3: 2 visits
  WP4: 2 visits
  WP5: 4 visits

Total visits per waypoint:
  WP1: 14 visits
  WP2: 3 visits
  WP3: 6 visits
  WP4: 4 visits
  WP5: 7 visits

