==========================================
 ACCURATE GEOMETRIC COVERAGE CALCULATION
==========================================
Experiment: /home/gonazza/container_ws/catkin_ws/src/indoor_bot/indoor_bot/config3/exp_equal7
Robot radius: 2.50 m

MAX_TIME used: 531.45 s
===== GEOMETRIC COVERAGE RESULTS =====
Total world area: 210.0000 m²
Excluded area: 23.3000 m²
Valid area: 186.7000 m²
Covered area: 159.6308 m²
Uncovered area: 27.0692 m²
Coverage: 85.5012%
MAX_TIME used: 531.45 s
===== GEOMETRIC COVERAGE RESULTS =====
Configuration: config3
Experiment: exp_equal7
Total world area: 210.0000 m²
Excluded area: 23.3000 m²
Valid area: 186.7000 m²
Covered area: 159.6308 m²
Uncovered area: 27.0692 m²
Coverage: 85.5012%
MAX_TIME used: 531.45 s
===== GEOMETRIC COVERAGE RESULTS =====
Configuration: config3
Experiment: exp_equal7
Total world area: 210.0000 m²
Excluded area: 23.3000 m²
Valid area: 186.7000 m²
Covered area: 159.6308 m²
Uncovered area: 27.0692 m²
Coverage: 85.5012%
