MAX_TIME used: 1088.50 s
===== GEOMETRIC COVERAGE RESULTS =====
Configuration: config1
Experiment: exp_reward2
Total world area: 210.0000 m²
Excluded area: 23.3000 m²
Valid area: 186.7000 m²
Covered area: 165.4670 m²
Uncovered area: 21.2330 m²
Coverage: 88.6272%
MAX_TIME used: 1088.50 s
===== GEOMETRIC COVERAGE RESULTS =====
Configuration: config1
Experiment: exp_reward2
Total world area: 210.0000 m²
Excluded area: 23.3000 m²
Valid area: 186.7000 m²
Covered area: 165.4670 m²
Uncovered area: 21.2330 m²
Coverage: 88.6272%
