========== RESULTS ==========

Robot 1
Time near waypoint : 406.45 s
Heading to waypoint: 40.29%

Robot 2
Time near waypoint : 442.95 s
Heading to waypoint: 26.22%

Robot 3
Time near waypoint : 631.80 s
Heading to waypoint: 32.57%


========== WAYPOINT VISITS ==========

Robot 1
  WP1: 2 visits
  WP2: 1 visits
  WP3: 1 visits
  WP4: 2 visits
  WP5: 1 visits

Robot 2
  WP1: 3 visits
  WP2: 1 visits
  WP3: 3 visits
  WP4: 2 visits
  WP5: 2 visits

Robot 3
  WP1: 2 visits
  WP2: 2 visits
  WP3: 3 visits
  WP4: 2 visits
  WP5: 2 visits

Total visits per waypoint:
  WP1: 7 visits
  WP2: 4 visits
  WP3: 7 visits
  WP4: 6 visits
  WP5: 5 visits

