========== RESULTS ==========

Robot 1
Time near waypoint : 374.30 s
Heading to waypoint: 30.34%

Robot 2
Time near waypoint : 548.15 s
Heading to waypoint: 28.78%

Robot 3
Time near waypoint : 348.10 s
Heading to waypoint: 29.52%


========== WAYPOINT VISITS ==========

Robot 1
  WP1: 5 visits
  WP2: 1 visits
  WP3: 1 visits
  WP4: 2 visits
  WP5: 4 visits

Robot 2
  WP1: 8 visits
  WP2: 2 visits
  WP3: 5 visits
  WP4: 1 visits
  WP5: 5 visits

Robot 3
  WP1: 5 visits
  WP2: 1 visits
  WP3: 3 visits
  WP4: 2 visits
  WP5: 1 visits

Total visits per waypoint:
  WP1: 18 visits
  WP2: 4 visits
  WP3: 9 visits
  WP4: 5 visits
  WP5: 10 visits

