MAX_TIME used: 897.50 s
===== GEOMETRIC COVERAGE RESULTS =====
Configuration: config2
Experiment: exp_reward5
Total world area: 210.0000 m²
Excluded area: 23.3000 m²
Valid area: 186.7000 m²
Covered area: 166.3865 m²
Uncovered area: 20.3135 m²
Coverage: 89.1197%
MAX_TIME used: 897.50 s
===== GEOMETRIC COVERAGE RESULTS =====
Configuration: config2
Experiment: exp_reward5
Total world area: 210.0000 m²
Excluded area: 23.3000 m²
Valid area: 186.7000 m²
Covered area: 166.3865 m²
Uncovered area: 20.3135 m²
Coverage: 89.1197%
