==========================================
 ACCURATE GEOMETRIC COVERAGE CALCULATION
==========================================
Experiment: /home/gonazza/container_ws/catkin_ws/src/indoor_bot/indoor_bot/config1/exp_equal8
Robot radius: 2.50 m

MAX_TIME used: 1045.75 s
===== GEOMETRIC COVERAGE RESULTS =====
Total world area: 210.0000 m²
Excluded area: 23.3000 m²
Valid area: 186.7000 m²
Covered area: 176.0893 m²
Uncovered area: 10.6107 m²
Coverage: 94.3167%
MAX_TIME used: 1045.75 s
===== GEOMETRIC COVERAGE RESULTS =====
Configuration: config1
Experiment: exp_equal8
Total world area: 210.0000 m²
Excluded area: 23.3000 m²
Valid area: 186.7000 m²
Covered area: 176.0893 m²
Uncovered area: 10.6107 m²
Coverage: 94.3167%
MAX_TIME used: 1045.75 s
===== GEOMETRIC COVERAGE RESULTS =====
Configuration: config1
Experiment: exp_equal8
Total world area: 210.0000 m²
Excluded area: 23.3000 m²
Valid area: 186.7000 m²
Covered area: 176.0893 m²
Uncovered area: 10.6107 m²
Coverage: 94.3167%
