========== RESULTS ==========

Robot 1
Time near waypoint : 176.45 s
Heading to waypoint: 44.67%

Robot 2
Time near waypoint : 623.55 s
Heading to waypoint: 30.33%

Robot 3
Time near waypoint : 604.70 s
Heading to waypoint: 32.61%


========== WAYPOINT VISITS ==========

Robot 1
  WP1: 2 visits
  WP2: 1 visits
  WP3: 1 visits
  WP4: 1 visits
  WP5: 1 visits

Robot 2
  WP1: 4 visits
  WP2: 3 visits
  WP3: 3 visits
  WP4: 4 visits
  WP5: 3 visits

Robot 3
  WP1: 6 visits
  WP2: 2 visits
  WP3: 4 visits
  WP4: 4 visits
  WP5: 3 visits

Total visits per waypoint:
  WP1: 12 visits
  WP2: 6 visits
  WP3: 8 visits
  WP4: 9 visits
  WP5: 7 visits

