==========================================
 ACCURATE GEOMETRIC COVERAGE CALCULATION
==========================================
Experiment: /home/gonazza/container_ws/catkin_ws/src/indoor_bot/indoor_bot/config1/exp_equal10
Robot radius: 2.50 m

MAX_TIME used: 730.95 s
===== GEOMETRIC COVERAGE RESULTS =====
Total world area: 210.0000 m²
Excluded area: 23.3000 m²
Valid area: 186.7000 m²
Covered area: 178.0522 m²
Uncovered area: 8.6478 m²
Coverage: 95.3681%
MAX_TIME used: 730.95 s
===== GEOMETRIC COVERAGE RESULTS =====
Configuration: config1
Experiment: exp_equal10
Total world area: 210.0000 m²
Excluded area: 23.3000 m²
Valid area: 186.7000 m²
Covered area: 178.0522 m²
Uncovered area: 8.6478 m²
Coverage: 95.3681%
MAX_TIME used: 730.95 s
===== GEOMETRIC COVERAGE RESULTS =====
Configuration: config1
Experiment: exp_equal10
Total world area: 210.0000 m²
Excluded area: 23.3000 m²
Valid area: 186.7000 m²
Covered area: 178.0522 m²
Uncovered area: 8.6478 m²
Coverage: 95.3681%
