MAX_TIME used: 421.70 s
===== GEOMETRIC COVERAGE RESULTS =====
Configuration: config1
Experiment: exp_reward8
Total world area: 210.0000 m²
Excluded area: 23.3000 m²
Valid area: 186.7000 m²
Covered area: 177.2152 m²
Uncovered area: 9.4848 m²
Coverage: 94.9198%
MAX_TIME used: 421.70 s
===== GEOMETRIC COVERAGE RESULTS =====
Configuration: config1
Experiment: exp_reward8
Total world area: 210.0000 m²
Excluded area: 23.3000 m²
Valid area: 186.7000 m²
Covered area: 177.2152 m²
Uncovered area: 9.4848 m²
Coverage: 94.9198%
