MAX_TIME used: 900.15 s
===== GEOMETRIC COVERAGE RESULTS =====
Configuration: config2
Experiment: exp_reward9
Total world area: 210.0000 m²
Excluded area: 23.3000 m²
Valid area: 186.7000 m²
Covered area: 166.2522 m²
Uncovered area: 20.4478 m²
Coverage: 89.0478%
MAX_TIME used: 900.15 s
===== GEOMETRIC COVERAGE RESULTS =====
Configuration: config2
Experiment: exp_reward9
Total world area: 210.0000 m²
Excluded area: 23.3000 m²
Valid area: 186.7000 m²
Covered area: 166.2522 m²
Uncovered area: 20.4478 m²
Coverage: 89.0478%
