========== RESULTS ==========

Robot 1
Time near waypoint : 463.25 s
Heading to waypoint: 28.27%

Robot 2
Time near waypoint : 636.65 s
Heading to waypoint: 25.68%

Robot 3
Time near waypoint : 374.95 s
Heading to waypoint: 27.46%


========== WAYPOINT VISITS ==========

Robot 1
  WP1: 13 visits
  WP2: 1 visits
  WP3: 2 visits
  WP4: 2 visits
  WP5: 3 visits

Robot 2
  WP1: 4 visits
  WP2: 2 visits
  WP3: 5 visits
  WP4: 1 visits
  WP5: 4 visits

Robot 3
  WP1: 5 visits
  WP2: 1 visits
  WP3: 2 visits
  WP4: 1 visits
  WP5: 10 visits

Total visits per waypoint:
  WP1: 22 visits
  WP2: 4 visits
  WP3: 9 visits
  WP4: 4 visits
  WP5: 17 visits

