==========================================
 ACCURATE GEOMETRIC COVERAGE CALCULATION
==========================================
Experiment: /home/gonazza/container_ws/catkin_ws/src/indoor_bot/indoor_bot/config2/exp_equal10
Robot radius: 2.50 m

MAX_TIME used: 872.40 s
===== GEOMETRIC COVERAGE RESULTS =====
Total world area: 210.0000 m²
Excluded area: 23.3000 m²
Valid area: 186.7000 m²
Covered area: 164.9922 m²
Uncovered area: 21.7078 m²
Coverage: 88.3729%
MAX_TIME used: 872.40 s
===== GEOMETRIC COVERAGE RESULTS =====
Configuration: config2
Experiment: exp_equal10
Total world area: 210.0000 m²
Excluded area: 23.3000 m²
Valid area: 186.7000 m²
Covered area: 164.9922 m²
Uncovered area: 21.7078 m²
Coverage: 88.3729%
MAX_TIME used: 872.40 s
===== GEOMETRIC COVERAGE RESULTS =====
Configuration: config2
Experiment: exp_equal10
Total world area: 210.0000 m²
Excluded area: 23.3000 m²
Valid area: 186.7000 m²
Covered area: 164.9922 m²
Uncovered area: 21.7078 m²
Coverage: 88.3729%
MAX_TIME used: 872.40 s
===== GEOMETRIC COVERAGE RESULTS =====
Configuration: config2
Experiment: exp_equal10
Total world area: 210.0000 m²
Excluded area: 23.3000 m²
Valid area: 186.7000 m²
Covered area: 164.9922 m²
Uncovered area: 21.7078 m²
Coverage: 88.3729%
