========== RESULTS ==========

Robot 1
Time near waypoint : 402.05 s
Heading to waypoint: 32.70%

Robot 2
Time near waypoint : 646.15 s
Heading to waypoint: 28.27%

Robot 3
Time near waypoint : 451.85 s
Heading to waypoint: 23.85%


========== WAYPOINT VISITS ==========

Robot 1
  WP1: 5 visits
  WP2: 2 visits
  WP3: 1 visits
  WP4: 2 visits
  WP5: 1 visits

Robot 2
  WP1: 3 visits
  WP2: 1 visits
  WP3: 3 visits
  WP4: 1 visits
  WP5: 7 visits

Robot 3
  WP1: 18 visits
  WP2: 1 visits
  WP3: 2 visits
  WP4: 1 visits
  WP5: 10 visits

Total visits per waypoint:
  WP1: 26 visits
  WP2: 4 visits
  WP3: 6 visits
  WP4: 4 visits
  WP5: 18 visits

