========== RESULTS ==========

Robot 1
Time near waypoint : 355.60 s
Heading to waypoint: 30.79%

Robot 2
Time near waypoint : 417.15 s
Heading to waypoint: 35.75%

Robot 3
Time near waypoint : 218.05 s
Heading to waypoint: 36.49%


========== WAYPOINT VISITS ==========

Robot 1
  WP1: 2 visits
  WP2: 2 visits
  WP3: 1 visits
  WP4: 1 visits
  WP5: 1 visits

Robot 2
  WP1: 3 visits
  WP2: 1 visits
  WP3: 3 visits
  WP4: 3 visits
  WP5: 2 visits

Robot 3
  WP1: 1 visits
  WP2: 1 visits
  WP3: 1 visits
  WP4: 1 visits
  WP5: 1 visits

Total visits per waypoint:
  WP1: 6 visits
  WP2: 4 visits
  WP3: 5 visits
  WP4: 5 visits
  WP5: 4 visits

