==========================================
 ACCURATE GEOMETRIC COVERAGE CALCULATION
==========================================
Experiment: /home/gonazza/container_ws/catkin_ws/src/indoor_bot/indoor_bot/config1/exp_equal9
Robot radius: 2.50 m

MAX_TIME used: 679.05 s
===== GEOMETRIC COVERAGE RESULTS =====
Total world area: 210.0000 m²
Excluded area: 23.3000 m²
Valid area: 186.7000 m²
Covered area: 176.8803 m²
Uncovered area: 9.8197 m²
Coverage: 94.7404%
MAX_TIME used: 679.05 s
===== GEOMETRIC COVERAGE RESULTS =====
Configuration: config1
Experiment: exp_equal9
Total world area: 210.0000 m²
Excluded area: 23.3000 m²
Valid area: 186.7000 m²
Covered area: 176.8803 m²
Uncovered area: 9.8197 m²
Coverage: 94.7404%
MAX_TIME used: 679.05 s
===== GEOMETRIC COVERAGE RESULTS =====
Configuration: config1
Experiment: exp_equal9
Total world area: 210.0000 m²
Excluded area: 23.3000 m²
Valid area: 186.7000 m²
Covered area: 176.8803 m²
Uncovered area: 9.8197 m²
Coverage: 94.7404%
