========== RESULTS ==========

Robot 1
Time near waypoint : 479.95 s
Heading to waypoint: 27.76%

Robot 2
Time near waypoint : 745.70 s
Heading to waypoint: 22.22%

Robot 3
Time near waypoint : 361.20 s
Heading to waypoint: 25.68%


========== WAYPOINT VISITS ==========

Robot 1
  WP1: 3 visits
  WP2: 1 visits
  WP3: 2 visits
  WP4: 2 visits
  WP5: 22 visits

Robot 2
  WP1: 8 visits
  WP2: 1 visits
  WP3: 3 visits
  WP4: 1 visits
  WP5: 2 visits

Robot 3
  WP1: 3 visits
  WP2: 2 visits
  WP3: 3 visits
  WP4: 1 visits
  WP5: 5 visits

Total visits per waypoint:
  WP1: 14 visits
  WP2: 4 visits
  WP3: 8 visits
  WP4: 4 visits
  WP5: 29 visits

