==========================================
 ACCURATE GEOMETRIC COVERAGE CALCULATION
==========================================
Experiment: /home/gonazza/container_ws/catkin_ws/src/indoor_bot/indoor_bot/config2/exp_reward3
Robot radius: 2.50 m

MAX_TIME used: 919.95 s
===== GEOMETRIC COVERAGE RESULTS =====
Total world area: 210.0000 m²
Excluded area: 23.3000 m²
Valid area: 186.7000 m²
Covered area: 166.6684 m²
Uncovered area: 20.0316 m²
Coverage: 89.2707%
MAX_TIME used: 919.95 s
===== GEOMETRIC COVERAGE RESULTS =====
Configuration: config2
Experiment: exp_reward3
Total world area: 210.0000 m²
Excluded area: 23.3000 m²
Valid area: 186.7000 m²
Covered area: 166.6684 m²
Uncovered area: 20.0316 m²
Coverage: 89.2707%
MAX_TIME used: 919.95 s
===== GEOMETRIC COVERAGE RESULTS =====
Configuration: config2
Experiment: exp_reward3
Total world area: 210.0000 m²
Excluded area: 23.3000 m²
Valid area: 186.7000 m²
Covered area: 166.6684 m²
Uncovered area: 20.0316 m²
Coverage: 89.2707%
