==========================================
 ACCURATE GEOMETRIC COVERAGE CALCULATION
==========================================
Experiment: /home/gonazza/container_ws/catkin_ws/src/indoor_bot/indoor_bot/config3/exp_reward7
Robot radius: 2.50 m

MAX_TIME used: 697.65 s
===== GEOMETRIC COVERAGE RESULTS =====
Total world area: 210.0000 m²
Excluded area: 23.3000 m²
Valid area: 186.7000 m²
Covered area: 177.1636 m²
Uncovered area: 9.5364 m²
Coverage: 94.8921%
MAX_TIME used: 697.65 s
===== GEOMETRIC COVERAGE RESULTS =====
Configuration: config3
Experiment: exp_reward7
Total world area: 210.0000 m²
Excluded area: 23.3000 m²
Valid area: 186.7000 m²
Covered area: 177.1636 m²
Uncovered area: 9.5364 m²
Coverage: 94.8921%
