========== RESULTS ==========

Robot 1
Time near waypoint : 500.05 s
Heading to waypoint: 30.08%

Robot 2
Time near waypoint : 271.00 s
Heading to waypoint: 28.78%

Robot 3
Time near waypoint : 465.00 s
Heading to waypoint: 28.32%


========== WAYPOINT VISITS ==========

Robot 1
  WP1: 8 visits
  WP2: 1 visits
  WP3: 1 visits
  WP4: 2 visits
  WP5: 2 visits

Robot 2
  WP1: 4 visits
  WP2: 1 visits
  WP3: 3 visits
  WP4: 1 visits
  WP5: 2 visits

Robot 3
  WP1: 4 visits
  WP2: 1 visits
  WP3: 2 visits
  WP4: 4 visits
  WP5: 1 visits

Total visits per waypoint:
  WP1: 16 visits
  WP2: 3 visits
  WP3: 6 visits
  WP4: 7 visits
  WP5: 5 visits

