MAX_TIME used: 730.95 s
===== OCCUPANCY RESULTS =====
Total cells: 5250
Excluded cells: 699
Valid cells: 4551
Visited cells: 4405
Occupancy %: 96.79%
MAX_TIME used: 730.95 s
===== OCCUPANCY RESULTS =====
Total cells: 5250
Excluded cells: 699
Valid cells: 4551
Visited cells: 4405
Occupancy %: 96.79%
MAX_TIME used: 730.95 s
===== OCCUPANCY RESULTS =====
Total cells: 5250
Excluded cells: 699
Valid cells: 4551
Visited cells: 4405
Occupancy %: 96.79%
MAX_TIME used: 730.95 s
===== OCCUPANCY RESULTS =====
Total cells: 5250
Excluded cells: 699
Valid cells: 4551
Visited cells: 4405
Occupancy %: 96.79%
MAX_TIME used: 730.95 s
===== OCCUPANCY RESULTS =====
Total cells: 5250
Excluded cells: 699
Valid cells: 4551
Visited cells: 4405
Occupancy %: 96.79%
MAX_TIME used: 730.95 s
===== OCCUPANCY RESULTS =====
Total cells: 5250
Excluded cells: 699
Valid cells: 4551
Visited cells: 4405
Occupancy %: 96.79%
MAX_TIME used: 730.95 s
===== OCCUPANCY RESULTS =====
Total cells: 5250
Excluded cells: 699
Valid cells: 4551
Visited cells: 4405
Occupancy %: 96.79%
MAX_TIME used: 730.95 s
===== OCCUPANCY RESULTS =====
Total cells: 5250
Excluded cells: 699
Valid cells: 4551
Visited cells: 4405
Occupancy %: 96.79%
MAX_TIME used: 730.95 s
===== GEOMETRIC COVERAGE RESULTS =====
Total world area: 210.0000 m²
Excluded area: 23.3000 m²
Valid area: 186.7000 m²
Covered area: 178.0522 m²
Uncovered area: 8.6478 m²
Coverage: 95.3681%
MAX_TIME used: 730.95 s
===== GEOMETRIC COVERAGE RESULTS =====
Total world area: 210.0000 m²
Excluded area: 23.3000 m²
Valid area: 186.7000 m²
Covered area: 178.0522 m²
Uncovered area: 8.6478 m²
Coverage: 95.3681%
MAX_TIME used: 730.95 s
===== GEOMETRIC COVERAGE RESULTS =====
Total world area: 210.0000 m²
Excluded area: 23.3000 m²
Valid area: 186.7000 m²
Covered area: 178.0522 m²
Uncovered area: 8.6478 m²
Coverage: 95.3681%
MAX_TIME used: 730.95 s
===== GEOMETRIC COVERAGE RESULTS =====
Total world area: 210.0000 m²
Excluded area: 23.3000 m²
Valid area: 186.7000 m²
Covered area: 178.0522 m²
Uncovered area: 8.6478 m²
Coverage: 95.3681%
MAX_TIME used: 730.95 s
===== GEOMETRIC COVERAGE RESULTS =====
Total world area: 210.0000 m²
Excluded area: 23.3000 m²
Valid area: 186.7000 m²
Covered area: 178.0522 m²
Uncovered area: 8.6478 m²
Coverage: 95.3681%
MAX_TIME used: 730.95 s
===== GEOMETRIC COVERAGE RESULTS =====
Total world area: 210.0000 m²
Excluded area: 23.3000 m²
Valid area: 186.7000 m²
Covered area: 178.0522 m²
Uncovered area: 8.6478 m²
Coverage: 95.3681%
MAX_TIME used: 730.95 s
===== GEOMETRIC COVERAGE RESULTS =====
Total world area: 210.0000 m²
Excluded area: 23.3000 m²
Valid area: 186.7000 m²
Covered area: 178.0522 m²
Uncovered area: 8.6478 m²
Coverage: 95.3681%
MAX_TIME used: 730.95 s
===== GEOMETRIC COVERAGE RESULTS =====
Total world area: 210.0000 m²
Excluded area: 23.3000 m²
Valid area: 186.7000 m²
Covered area: 178.0522 m²
Uncovered area: 8.6478 m²
Coverage: 95.3681%
MAX_TIME used: 730.95 s
===== GEOMETRIC COVERAGE RESULTS =====
Total world area: 210.0000 m²
Excluded area: 23.3000 m²
Valid area: 186.7000 m²
Covered area: 178.0522 m²
Uncovered area: 8.6478 m²
Coverage: 95.3681%
MAX_TIME used: 730.95 s
===== GEOMETRIC COVERAGE RESULTS =====
Total world area: 210.0000 m²
Excluded area: 23.3000 m²
Valid area: 186.7000 m²
Covered area: 178.0522 m²
Uncovered area: 8.6478 m²
Coverage: 95.3681%
MAX_TIME used: 730.95 s
===== GEOMETRIC COVERAGE RESULTS =====
Total world area: 210.0000 m²
Excluded area: 23.3000 m²
Valid area: 186.7000 m²
Covered area: 178.0522 m²
Uncovered area: 8.6478 m²
Coverage: 95.3681%
MAX_TIME used: 730.95 s
===== GEOMETRIC COVERAGE RESULTS =====
Total world area: 210.0000 m²
Excluded area: 23.3000 m²
Valid area: 186.7000 m²
Covered area: 178.0522 m²
Uncovered area: 8.6478 m²
Coverage: 95.3681%
MAX_TIME used: 730.95 s
===== GEOMETRIC COVERAGE RESULTS =====
Total world area: 210.0000 m²
Excluded area: 23.3000 m²
Valid area: 186.7000 m²
Covered area: 178.0522 m²
Uncovered area: 8.6478 m²
Coverage: 95.3681%
MAX_TIME used: 730.95 s
===== GEOMETRIC COVERAGE RESULTS =====
Total world area: 210.0000 m²
Excluded area: 23.3000 m²
Valid area: 186.7000 m²
Covered area: 178.0522 m²
Uncovered area: 8.6478 m²
Coverage: 95.3681%
MAX_TIME used: 730.95 s
===== GEOMETRIC COVERAGE RESULTS =====
Total world area: 210.0000 m²
Excluded area: 23.3000 m²
Valid area: 186.7000 m²
Covered area: 178.0522 m²
Uncovered area: 8.6478 m²
Coverage: 95.3681%
MAX_TIME used: 730.95 s
===== GEOMETRIC COVERAGE RESULTS =====
Total world area: 210.0000 m²
Excluded area: 23.3000 m²
Valid area: 186.7000 m²
Covered area: 178.0522 m²
Uncovered area: 8.6478 m²
Coverage: 95.3681%
MAX_TIME used: 730.95 s
===== GEOMETRIC COVERAGE RESULTS =====
Total world area: 210.0000 m²
Excluded area: 23.3000 m²
Valid area: 186.7000 m²
Covered area: 178.0522 m²
Uncovered area: 8.6478 m²
Coverage: 95.3681%
MAX_TIME used: 730.95 s
===== GEOMETRIC COVERAGE RESULTS =====
Total world area: 210.0000 m²
Excluded area: 23.3000 m²
Valid area: 186.7000 m²
Covered area: 178.0522 m²
Uncovered area: 8.6478 m²
Coverage: 95.3681%
MAX_TIME used: 730.95 s
===== GEOMETRIC COVERAGE RESULTS =====
Total world area: 210.0000 m²
Excluded area: 23.3000 m²
Valid area: 186.7000 m²
Covered area: 178.0522 m²
Uncovered area: 8.6478 m²
Coverage: 95.3681%
MAX_TIME used: 730.95 s
===== GEOMETRIC COVERAGE RESULTS =====
Total world area: 210.0000 m²
Excluded area: 23.3000 m²
Valid area: 186.7000 m²
Covered area: 178.0522 m²
Uncovered area: 8.6478 m²
Coverage: 95.3681%
MAX_TIME used: 730.95 s
===== GEOMETRIC COVERAGE RESULTS =====
Total world area: 210.0000 m²
Excluded area: 23.3000 m²
Valid area: 186.7000 m²
Covered area: 178.0522 m²
Uncovered area: 8.6478 m²
Coverage: 95.3681%
MAX_TIME used: 730.95 s
===== GEOMETRIC COVERAGE RESULTS =====
Total world area: 210.0000 m²
Excluded area: 23.3000 m²
Valid area: 186.7000 m²
Covered area: 178.0522 m²
Uncovered area: 8.6478 m²
Coverage: 95.3681%
MAX_TIME used: 730.95 s
===== GEOMETRIC COVERAGE RESULTS =====
Total world area: 210.0000 m²
Excluded area: 23.3000 m²
Valid area: 186.7000 m²
Covered area: 178.0522 m²
Uncovered area: 8.6478 m²
Coverage: 95.3681%
MAX_TIME used: 730.95 s
===== GEOMETRIC COVERAGE RESULTS =====
Total world area: 210.0000 m²
Excluded area: 23.3000 m²
Valid area: 186.7000 m²
Covered area: 178.0522 m²
Uncovered area: 8.6478 m²
Coverage: 95.3681%
MAX_TIME used: 730.95 s
===== GEOMETRIC COVERAGE RESULTS =====
Total world area: 210.0000 m²
Excluded area: 23.3000 m²
Valid area: 186.7000 m²
Covered area: 178.0522 m²
Uncovered area: 8.6478 m²
Coverage: 95.3681%
MAX_TIME used: 730.95 s
===== GEOMETRIC COVERAGE RESULTS =====
Total world area: 210.0000 m²
Excluded area: 23.3000 m²
Valid area: 186.7000 m²
Covered area: 178.0522 m²
Uncovered area: 8.6478 m²
Coverage: 95.3681%
MAX_TIME used: 730.95 s
===== GEOMETRIC COVERAGE RESULTS =====
Total world area: 210.0000 m²
Excluded area: 23.3000 m²
Valid area: 186.7000 m²
Covered area: 178.0522 m²
Uncovered area: 8.6478 m²
Coverage: 95.3681%
