MAX_TIME used: 956.80 s
===== OCCUPANCY RESULTS =====
Total cells: 5250
Excluded cells: 699
Valid cells: 4551
Visited cells: 4297
Occupancy %: 94.42%
MAX_TIME used: 956.80 s
===== OCCUPANCY RESULTS =====
Total cells: 5250
Excluded cells: 699
Valid cells: 4551
Visited cells: 4297
Occupancy %: 94.42%
MAX_TIME used: 956.80 s
===== OCCUPANCY RESULTS =====
Total cells: 5250
Excluded cells: 699
Valid cells: 4551
Visited cells: 4297
Occupancy %: 94.42%
MAX_TIME used: 956.80 s
MAX_TIME used: 956.80 s
===== OCCUPANCY RESULTS =====
Total cells: 5250
Excluded cells: 699
Valid cells: 4551
Visited cells: 4297
Occupancy %: 94.42%
MAX_TIME used: 956.80 s
===== OCCUPANCY RESULTS =====
Total cells: 5250
Excluded cells: 699
Valid cells: 4551
Visited cells: 4297
Occupancy %: 94.42%
MAX_TIME used: 956.80 s
===== OCCUPANCY RESULTS =====
Total cells: 5250
Excluded cells: 699
Valid cells: 4551
Visited cells: 4297
Occupancy %: 94.42%
MAX_TIME used: 956.80 s
===== OCCUPANCY RESULTS =====
Total cells: 5250
Excluded cells: 699
Valid cells: 4551
Visited cells: 4297
Occupancy %: 94.42%
MAX_TIME used: 956.80 s
===== OCCUPANCY RESULTS =====
Total cells: 5250
Excluded cells: 699
Valid cells: 4551
Visited cells: 4297
Occupancy %: 94.42%
MAX_TIME used: 956.80 s
===== GEOMETRIC COVERAGE RESULTS =====
Total world area: 210.0000 m²
Excluded area: 23.3000 m²
Valid area: 186.7000 m²
Covered area: 171.8391 m²
Uncovered area: 14.8609 m²
Coverage: 92.0402%
MAX_TIME used: 956.80 s
===== GEOMETRIC COVERAGE RESULTS =====
Total world area: 210.0000 m²
Excluded area: 23.3000 m²
Valid area: 186.7000 m²
Covered area: 171.8391 m²
Uncovered area: 14.8609 m²
Coverage: 92.0402%
MAX_TIME used: 956.80 s
===== GEOMETRIC COVERAGE RESULTS =====
Total world area: 210.0000 m²
Excluded area: 23.3000 m²
Valid area: 186.7000 m²
Covered area: 171.8391 m²
Uncovered area: 14.8609 m²
Coverage: 92.0402%
MAX_TIME used: 956.80 s
===== GEOMETRIC COVERAGE RESULTS =====
Total world area: 210.0000 m²
Excluded area: 23.3000 m²
Valid area: 186.7000 m²
Covered area: 171.8391 m²
Uncovered area: 14.8609 m²
Coverage: 92.0402%
MAX_TIME used: 956.80 s
===== GEOMETRIC COVERAGE RESULTS =====
Total world area: 210.0000 m²
Excluded area: 23.3000 m²
Valid area: 186.7000 m²
Covered area: 171.8391 m²
Uncovered area: 14.8609 m²
Coverage: 92.0402%
MAX_TIME used: 956.80 s
===== GEOMETRIC COVERAGE RESULTS =====
Total world area: 210.0000 m²
Excluded area: 23.3000 m²
Valid area: 186.7000 m²
Covered area: 171.8391 m²
Uncovered area: 14.8609 m²
Coverage: 92.0402%
MAX_TIME used: 956.80 s
===== GEOMETRIC COVERAGE RESULTS =====
Total world area: 210.0000 m²
Excluded area: 23.3000 m²
Valid area: 186.7000 m²
Covered area: 171.8391 m²
Uncovered area: 14.8609 m²
Coverage: 92.0402%
MAX_TIME used: 956.80 s
===== GEOMETRIC COVERAGE RESULTS =====
Total world area: 210.0000 m²
Excluded area: 23.3000 m²
Valid area: 186.7000 m²
Covered area: 171.8391 m²
Uncovered area: 14.8609 m²
Coverage: 92.0402%
MAX_TIME used: 956.80 s
===== GEOMETRIC COVERAGE RESULTS =====
Total world area: 210.0000 m²
Excluded area: 23.3000 m²
Valid area: 186.7000 m²
Covered area: 171.8391 m²
Uncovered area: 14.8609 m²
Coverage: 92.0402%
MAX_TIME used: 956.80 s
===== GEOMETRIC COVERAGE RESULTS =====
Total world area: 210.0000 m²
Excluded area: 23.3000 m²
Valid area: 186.7000 m²
Covered area: 171.8391 m²
Uncovered area: 14.8609 m²
Coverage: 92.0402%
MAX_TIME used: 956.80 s
===== GEOMETRIC COVERAGE RESULTS =====
Total world area: 210.0000 m²
Excluded area: 23.3000 m²
Valid area: 186.7000 m²
Covered area: 171.8391 m²
Uncovered area: 14.8609 m²
Coverage: 92.0402%
MAX_TIME used: 956.80 s
===== GEOMETRIC COVERAGE RESULTS =====
Total world area: 210.0000 m²
Excluded area: 23.3000 m²
Valid area: 186.7000 m²
Covered area: 171.8391 m²
Uncovered area: 14.8609 m²
Coverage: 92.0402%
MAX_TIME used: 956.80 s
===== GEOMETRIC COVERAGE RESULTS =====
Total world area: 210.0000 m²
Excluded area: 23.3000 m²
Valid area: 186.7000 m²
Covered area: 171.8391 m²
Uncovered area: 14.8609 m²
Coverage: 92.0402%
MAX_TIME used: 956.80 s
===== GEOMETRIC COVERAGE RESULTS =====
Total world area: 210.0000 m²
Excluded area: 23.3000 m²
Valid area: 186.7000 m²
Covered area: 171.8391 m²
Uncovered area: 14.8609 m²
Coverage: 92.0402%
MAX_TIME used: 956.80 s
===== GEOMETRIC COVERAGE RESULTS =====
Total world area: 210.0000 m²
Excluded area: 23.3000 m²
Valid area: 186.7000 m²
Covered area: 171.8391 m²
Uncovered area: 14.8609 m²
Coverage: 92.0402%
MAX_TIME used: 956.80 s
===== GEOMETRIC COVERAGE RESULTS =====
Total world area: 210.0000 m²
Excluded area: 23.3000 m²
Valid area: 186.7000 m²
Covered area: 171.8391 m²
Uncovered area: 14.8609 m²
Coverage: 92.0402%
MAX_TIME used: 956.80 s
===== GEOMETRIC COVERAGE RESULTS =====
Total world area: 210.0000 m²
Excluded area: 23.3000 m²
Valid area: 186.7000 m²
Covered area: 171.8391 m²
Uncovered area: 14.8609 m²
Coverage: 92.0402%
MAX_TIME used: 956.80 s
===== GEOMETRIC COVERAGE RESULTS =====
Total world area: 210.0000 m²
Excluded area: 23.3000 m²
Valid area: 186.7000 m²
Covered area: 171.8391 m²
Uncovered area: 14.8609 m²
Coverage: 92.0402%
MAX_TIME used: 956.80 s
===== GEOMETRIC COVERAGE RESULTS =====
Total world area: 210.0000 m²
Excluded area: 23.3000 m²
Valid area: 186.7000 m²
Covered area: 171.8391 m²
Uncovered area: 14.8609 m²
Coverage: 92.0402%
