MAX_TIME used: 634.00 s
===== OCCUPANCY RESULTS =====
Total cells: 5250
Excluded cells: 699
Valid cells: 4551
Visited cells: 4352
Occupancy %: 95.63%
MAX_TIME used: 634.00 s
===== OCCUPANCY RESULTS =====
Total cells: 5250
Excluded cells: 699
Valid cells: 4551
Visited cells: 4352
Occupancy %: 95.63%
MAX_TIME used: 634.00 s
===== OCCUPANCY RESULTS =====
Total cells: 5250
Excluded cells: 699
Valid cells: 4551
Visited cells: 4352
Occupancy %: 95.63%
MAX_TIME used: 634.00 s
===== OCCUPANCY RESULTS =====
Total cells: 5250
Excluded cells: 699
Valid cells: 4551
Visited cells: 4352
Occupancy %: 95.63%
MAX_TIME used: 634.00 s
===== OCCUPANCY RESULTS =====
Total cells: 5250
Excluded cells: 699
Valid cells: 4551
Visited cells: 4352
Occupancy %: 95.63%
MAX_TIME used: 634.00 s
===== OCCUPANCY RESULTS =====
Total cells: 5250
Excluded cells: 699
Valid cells: 4551
Visited cells: 4352
Occupancy %: 95.63%
MAX_TIME used: 634.00 s
===== OCCUPANCY RESULTS =====
Total cells: 5250
Excluded cells: 699
Valid cells: 4551
Visited cells: 4352
Occupancy %: 95.63%
MAX_TIME used: 634.00 s
===== OCCUPANCY RESULTS =====
Total cells: 5250
Excluded cells: 699
Valid cells: 4551
Visited cells: 4352
Occupancy %: 95.63%
MAX_TIME used: 634.00 s
===== GEOMETRIC COVERAGE RESULTS =====
Total world area: 210.0000 m²
Excluded area: 23.3000 m²
Valid area: 186.7000 m²
Covered area: 175.0981 m²
Uncovered area: 11.6019 m²
Coverage: 93.7858%
MAX_TIME used: 634.00 s
===== GEOMETRIC COVERAGE RESULTS =====
Total world area: 210.0000 m²
Excluded area: 23.3000 m²
Valid area: 186.7000 m²
Covered area: 175.0981 m²
Uncovered area: 11.6019 m²
Coverage: 93.7858%
MAX_TIME used: 634.00 s
===== GEOMETRIC COVERAGE RESULTS =====
Total world area: 210.0000 m²
Excluded area: 23.3000 m²
Valid area: 186.7000 m²
Covered area: 175.0981 m²
Uncovered area: 11.6019 m²
Coverage: 93.7858%
MAX_TIME used: 634.00 s
===== GEOMETRIC COVERAGE RESULTS =====
Total world area: 210.0000 m²
Excluded area: 23.3000 m²
Valid area: 186.7000 m²
Covered area: 175.0981 m²
Uncovered area: 11.6019 m²
Coverage: 93.7858%
MAX_TIME used: 634.00 s
===== GEOMETRIC COVERAGE RESULTS =====
Total world area: 210.0000 m²
Excluded area: 23.3000 m²
Valid area: 186.7000 m²
Covered area: 175.0981 m²
Uncovered area: 11.6019 m²
Coverage: 93.7858%
MAX_TIME used: 634.00 s
===== GEOMETRIC COVERAGE RESULTS =====
Total world area: 210.0000 m²
Excluded area: 23.3000 m²
Valid area: 186.7000 m²
Covered area: 175.0981 m²
Uncovered area: 11.6019 m²
Coverage: 93.7858%
MAX_TIME used: 634.00 s
===== GEOMETRIC COVERAGE RESULTS =====
Total world area: 210.0000 m²
Excluded area: 23.3000 m²
Valid area: 186.7000 m²
Covered area: 175.0981 m²
Uncovered area: 11.6019 m²
Coverage: 93.7858%
MAX_TIME used: 634.00 s
===== GEOMETRIC COVERAGE RESULTS =====
Total world area: 210.0000 m²
Excluded area: 23.3000 m²
Valid area: 186.7000 m²
Covered area: 175.0981 m²
Uncovered area: 11.6019 m²
Coverage: 93.7858%
MAX_TIME used: 634.00 s
===== GEOMETRIC COVERAGE RESULTS =====
Total world area: 210.0000 m²
Excluded area: 23.3000 m²
Valid area: 186.7000 m²
Covered area: 175.0981 m²
Uncovered area: 11.6019 m²
Coverage: 93.7858%
MAX_TIME used: 634.00 s
===== GEOMETRIC COVERAGE RESULTS =====
Total world area: 210.0000 m²
Excluded area: 23.3000 m²
Valid area: 186.7000 m²
Covered area: 175.0981 m²
Uncovered area: 11.6019 m²
Coverage: 93.7858%
MAX_TIME used: 634.00 s
===== GEOMETRIC COVERAGE RESULTS =====
Total world area: 210.0000 m²
Excluded area: 23.3000 m²
Valid area: 186.7000 m²
Covered area: 175.0981 m²
Uncovered area: 11.6019 m²
Coverage: 93.7858%
MAX_TIME used: 634.00 s
===== GEOMETRIC COVERAGE RESULTS =====
Total world area: 210.0000 m²
Excluded area: 23.3000 m²
Valid area: 186.7000 m²
Covered area: 175.0981 m²
Uncovered area: 11.6019 m²
Coverage: 93.7858%
MAX_TIME used: 634.00 s
===== GEOMETRIC COVERAGE RESULTS =====
Total world area: 210.0000 m²
Excluded area: 23.3000 m²
Valid area: 186.7000 m²
Covered area: 175.0981 m²
Uncovered area: 11.6019 m²
Coverage: 93.7858%
MAX_TIME used: 634.00 s
===== GEOMETRIC COVERAGE RESULTS =====
Total world area: 210.0000 m²
Excluded area: 23.3000 m²
Valid area: 186.7000 m²
Covered area: 175.0981 m²
Uncovered area: 11.6019 m²
Coverage: 93.7858%
MAX_TIME used: 634.00 s
===== GEOMETRIC COVERAGE RESULTS =====
Total world area: 210.0000 m²
Excluded area: 23.3000 m²
Valid area: 186.7000 m²
Covered area: 175.0981 m²
Uncovered area: 11.6019 m²
Coverage: 93.7858%
MAX_TIME used: 634.00 s
===== GEOMETRIC COVERAGE RESULTS =====
Total world area: 210.0000 m²
Excluded area: 23.3000 m²
Valid area: 186.7000 m²
Covered area: 175.0981 m²
Uncovered area: 11.6019 m²
Coverage: 93.7858%
MAX_TIME used: 634.00 s
===== GEOMETRIC COVERAGE RESULTS =====
Total world area: 210.0000 m²
Excluded area: 23.3000 m²
Valid area: 186.7000 m²
Covered area: 175.0981 m²
Uncovered area: 11.6019 m²
Coverage: 93.7858%
MAX_TIME used: 634.00 s
===== GEOMETRIC COVERAGE RESULTS =====
Total world area: 210.0000 m²
Excluded area: 23.3000 m²
Valid area: 186.7000 m²
Covered area: 175.0981 m²
Uncovered area: 11.6019 m²
Coverage: 93.7858%
MAX_TIME used: 634.00 s
===== GEOMETRIC COVERAGE RESULTS =====
Total world area: 210.0000 m²
Excluded area: 23.3000 m²
Valid area: 186.7000 m²
Covered area: 175.0981 m²
Uncovered area: 11.6019 m²
Coverage: 93.7858%
