==========================================
 ACCURATE GEOMETRIC COVERAGE CALCULATION
==========================================
Experiment: /home/gonazza/container_ws/catkin_ws/src/indoor_bot/indoor_bot/config3/exp_reward1
Robot radius: 2.50 m

MAX_TIME used: 544.95 s
===== GEOMETRIC COVERAGE RESULTS =====
Total world area: 210.0000 m²
Excluded area: 23.3000 m²
Valid area: 186.7000 m²
Covered area: 157.8856 m²
Uncovered area: 28.8144 m²
Coverage: 84.5665%
MAX_TIME used: 544.95 s
===== GEOMETRIC COVERAGE RESULTS =====
Configuration: config3
Experiment: exp_reward1
Total world area: 210.0000 m²
Excluded area: 23.3000 m²
Valid area: 186.7000 m²
Covered area: 157.8856 m²
Uncovered area: 28.8144 m²
Coverage: 84.5665%
