========== RESULTS ==========

Robot 1
Time near waypoint : 261.20 s
Heading to waypoint: 30.64%

Robot 2
Time near waypoint : 324.25 s
Heading to waypoint: 25.52%

Robot 3
Time near waypoint : 343.90 s
Heading to waypoint: 28.49%


========== WAYPOINT VISITS ==========

Robot 1
  WP1: 4 visits
  WP2: 1 visits
  WP3: 2 visits
  WP4: 1 visits
  WP5: 1 visits

Robot 2
  WP1: 5 visits
  WP2: 1 visits
  WP3: 4 visits
  WP4: 1 visits
  WP5: 2 visits

Robot 3
  WP1: 3 visits
  WP2: 1 visits
  WP3: 2 visits
  WP4: 2 visits
  WP5: 1 visits

Total visits per waypoint:
  WP1: 12 visits
  WP2: 3 visits
  WP3: 8 visits
  WP4: 4 visits
  WP5: 4 visits

