==========================================
 ACCURATE GEOMETRIC COVERAGE CALCULATION
==========================================
Experiment: /home/gonazza/container_ws/catkin_ws/src/indoor_bot/indoor_bot/config1/exp_equal5
Robot radius: 2.50 m

MAX_TIME used: 1081.60 s
===== GEOMETRIC COVERAGE RESULTS =====
Total world area: 210.0000 m²
Excluded area: 23.3000 m²
Valid area: 186.7000 m²
Covered area: 176.3853 m²
Uncovered area: 10.3147 m²
Coverage: 94.4753%
MAX_TIME used: 1081.60 s
===== GEOMETRIC COVERAGE RESULTS =====
Configuration: config1
Experiment: exp_equal5
Total world area: 210.0000 m²
Excluded area: 23.3000 m²
Valid area: 186.7000 m²
Covered area: 176.3853 m²
Uncovered area: 10.3147 m²
Coverage: 94.4753%
MAX_TIME used: 1081.60 s
===== GEOMETRIC COVERAGE RESULTS =====
Configuration: config1
Experiment: exp_equal5
Total world area: 210.0000 m²
Excluded area: 23.3000 m²
Valid area: 186.7000 m²
Covered area: 176.3853 m²
Uncovered area: 10.3147 m²
Coverage: 94.4753%
