========== RESULTS ==========

Robot 1
Time near waypoint : 694.25 s
Heading to waypoint: 37.10%

Robot 2
Time near waypoint : 697.60 s
Heading to waypoint: 31.65%

Robot 3
Time near waypoint : 678.10 s
Heading to waypoint: 34.12%


========== WAYPOINT VISITS ==========

Robot 1
  WP1: 4 visits
  WP2: 4 visits
  WP3: 6 visits
  WP4: 2 visits
  WP5: 5 visits

Robot 2
  WP1: 6 visits
  WP2: 2 visits
  WP3: 4 visits
  WP4: 5 visits
  WP5: 4 visits

Robot 3
  WP1: 6 visits
  WP2: 2 visits
  WP3: 3 visits
  WP4: 6 visits
  WP5: 3 visits

Total visits per waypoint:
  WP1: 16 visits
  WP2: 8 visits
  WP3: 13 visits
  WP4: 13 visits
  WP5: 12 visits

