========== RESULTS ==========

Robot 1
Time near waypoint : 343.05 s
Heading to waypoint: 31.97%

Robot 2
Time near waypoint : 353.25 s
Heading to waypoint: 29.42%

Robot 3
Time near waypoint : 281.30 s
Heading to waypoint: 36.12%


========== WAYPOINT VISITS ==========

Robot 1
  WP1: 3 visits
  WP2: 2 visits
  WP3: 5 visits
  WP4: 1 visits
  WP5: 3 visits

Robot 2
  WP1: 3 visits
  WP2: 1 visits
  WP3: 3 visits
  WP4: 3 visits
  WP5: 2 visits

Robot 3
  WP1: 1 visits
  WP2: 1 visits
  WP3: 1 visits
  WP4: 1 visits
  WP5: 1 visits

Total visits per waypoint:
  WP1: 7 visits
  WP2: 4 visits
  WP3: 9 visits
  WP4: 5 visits
  WP5: 6 visits

