==========================================
 ACCURATE GEOMETRIC COVERAGE CALCULATION
==========================================
Experiment: /home/gonazza/container_ws/catkin_ws/src/indoor_bot/indoor_bot/config1/exp_reward9
Robot radius: 2.50 m

MAX_TIME used: 694.00 s
===== GEOMETRIC COVERAGE RESULTS =====
Total world area: 210.0000 m²
Excluded area: 23.3000 m²
Valid area: 186.7000 m²
Covered area: 176.1220 m²
Uncovered area: 10.5780 m²
Coverage: 94.3342%
MAX_TIME used: 694.00 s
===== GEOMETRIC COVERAGE RESULTS =====
Configuration: config1
Experiment: exp_reward9
Total world area: 210.0000 m²
Excluded area: 23.3000 m²
Valid area: 186.7000 m²
Covered area: 176.1220 m²
Uncovered area: 10.5780 m²
Coverage: 94.3342%
MAX_TIME used: 694.00 s
===== GEOMETRIC COVERAGE RESULTS =====
Configuration: config1
Experiment: exp_reward9
Total world area: 210.0000 m²
Excluded area: 23.3000 m²
Valid area: 186.7000 m²
Covered area: 176.1220 m²
Uncovered area: 10.5780 m²
Coverage: 94.3342%
