========== RESULTS ==========

Robot 1
Time near waypoint : 304.55 s
Heading to waypoint: 28.77%

Robot 2
Time near waypoint : 265.75 s
Heading to waypoint: 29.26%

Robot 3
Time near waypoint : 383.40 s
Heading to waypoint: 26.91%


========== WAYPOINT VISITS ==========

Robot 1
  WP1: 4 visits
  WP2: 1 visits
  WP3: 4 visits
  WP4: 1 visits
  WP5: 1 visits

Robot 2
  WP1: 4 visits
  WP2: 1 visits
  WP3: 2 visits
  WP4: 1 visits
  WP5: 3 visits

Robot 3
  WP1: 3 visits
  WP2: 1 visits
  WP3: 2 visits
  WP4: 2 visits
  WP5: 2 visits

Total visits per waypoint:
  WP1: 11 visits
  WP2: 3 visits
  WP3: 8 visits
  WP4: 4 visits
  WP5: 6 visits

