MAX_TIME used: 429.40 s
===== OCCUPANCY RESULTS =====
Total cells: 5250
Excluded cells: 699
Valid cells: 4551
Visited cells: 4284
Occupancy %: 94.13%
MAX_TIME used: 429.40 s
===== OCCUPANCY RESULTS =====
Total cells: 5250
Excluded cells: 699
Valid cells: 4551
Visited cells: 4284
Occupancy %: 94.13%
MAX_TIME used: 429.40 s
===== OCCUPANCY RESULTS =====
Total cells: 5250
Excluded cells: 699
Valid cells: 4551
Visited cells: 4284
Occupancy %: 94.13%
MAX_TIME used: 429.40 s
===== OCCUPANCY RESULTS =====
Total cells: 5250
Excluded cells: 699
Valid cells: 4551
Visited cells: 4284
Occupancy %: 94.13%
MAX_TIME used: 429.40 s
===== OCCUPANCY RESULTS =====
Total cells: 5250
Excluded cells: 699
Valid cells: 4551
Visited cells: 4284
Occupancy %: 94.13%
MAX_TIME used: 429.40 s
===== OCCUPANCY RESULTS =====
Total cells: 5250
Excluded cells: 699
Valid cells: 4551
Visited cells: 4284
Occupancy %: 94.13%
MAX_TIME used: 429.40 s
===== OCCUPANCY RESULTS =====
Total cells: 5250
Excluded cells: 699
Valid cells: 4551
Visited cells: 4284
Occupancy %: 94.13%
MAX_TIME used: 429.40 s
===== OCCUPANCY RESULTS =====
Total cells: 5250
Excluded cells: 699
Valid cells: 4551
Visited cells: 4284
Occupancy %: 94.13%
MAX_TIME used: 429.40 s
===== GEOMETRIC COVERAGE RESULTS =====
Total world area: 210.0000 m²
Excluded area: 23.3000 m²
Valid area: 186.7000 m²
Covered area: 170.9568 m²
Uncovered area: 15.7432 m²
Coverage: 91.5676%
MAX_TIME used: 429.40 s
===== GEOMETRIC COVERAGE RESULTS =====
Total world area: 210.0000 m²
Excluded area: 23.3000 m²
Valid area: 186.7000 m²
Covered area: 170.9568 m²
Uncovered area: 15.7432 m²
Coverage: 91.5676%
MAX_TIME used: 429.40 s
===== GEOMETRIC COVERAGE RESULTS =====
Total world area: 210.0000 m²
Excluded area: 23.3000 m²
Valid area: 186.7000 m²
Covered area: 170.9568 m²
Uncovered area: 15.7432 m²
Coverage: 91.5676%
MAX_TIME used: 429.40 s
===== GEOMETRIC COVERAGE RESULTS =====
Total world area: 210.0000 m²
Excluded area: 23.3000 m²
Valid area: 186.7000 m²
Covered area: 170.9568 m²
Uncovered area: 15.7432 m²
Coverage: 91.5676%
MAX_TIME used: 429.40 s
===== GEOMETRIC COVERAGE RESULTS =====
Total world area: 210.0000 m²
Excluded area: 23.3000 m²
Valid area: 186.7000 m²
Covered area: 170.9568 m²
Uncovered area: 15.7432 m²
Coverage: 91.5676%
MAX_TIME used: 429.40 s
===== GEOMETRIC COVERAGE RESULTS =====
Total world area: 210.0000 m²
Excluded area: 23.3000 m²
Valid area: 186.7000 m²
Covered area: 170.9568 m²
Uncovered area: 15.7432 m²
Coverage: 91.5676%
MAX_TIME used: 429.40 s
===== GEOMETRIC COVERAGE RESULTS =====
Total world area: 210.0000 m²
Excluded area: 23.3000 m²
Valid area: 186.7000 m²
Covered area: 170.9568 m²
Uncovered area: 15.7432 m²
Coverage: 91.5676%
MAX_TIME used: 429.40 s
===== GEOMETRIC COVERAGE RESULTS =====
Total world area: 210.0000 m²
Excluded area: 23.3000 m²
Valid area: 186.7000 m²
Covered area: 170.9568 m²
Uncovered area: 15.7432 m²
Coverage: 91.5676%
MAX_TIME used: 429.40 s
===== GEOMETRIC COVERAGE RESULTS =====
Total world area: 210.0000 m²
Excluded area: 23.3000 m²
Valid area: 186.7000 m²
Covered area: 170.9568 m²
Uncovered area: 15.7432 m²
Coverage: 91.5676%
MAX_TIME used: 429.40 s
===== GEOMETRIC COVERAGE RESULTS =====
Total world area: 210.0000 m²
Excluded area: 23.3000 m²
Valid area: 186.7000 m²
Covered area: 170.9568 m²
Uncovered area: 15.7432 m²
Coverage: 91.5676%
MAX_TIME used: 429.40 s
===== GEOMETRIC COVERAGE RESULTS =====
Total world area: 210.0000 m²
Excluded area: 23.3000 m²
Valid area: 186.7000 m²
Covered area: 170.9568 m²
Uncovered area: 15.7432 m²
Coverage: 91.5676%
MAX_TIME used: 429.40 s
===== GEOMETRIC COVERAGE RESULTS =====
Total world area: 210.0000 m²
Excluded area: 23.3000 m²
Valid area: 186.7000 m²
Covered area: 170.9568 m²
Uncovered area: 15.7432 m²
Coverage: 91.5676%
MAX_TIME used: 429.40 s
===== GEOMETRIC COVERAGE RESULTS =====
Total world area: 210.0000 m²
Excluded area: 23.3000 m²
Valid area: 186.7000 m²
Covered area: 170.9568 m²
Uncovered area: 15.7432 m²
Coverage: 91.5676%
MAX_TIME used: 429.40 s
===== GEOMETRIC COVERAGE RESULTS =====
Total world area: 210.0000 m²
Excluded area: 23.3000 m²
Valid area: 186.7000 m²
Covered area: 170.9568 m²
Uncovered area: 15.7432 m²
Coverage: 91.5676%
MAX_TIME used: 429.40 s
===== GEOMETRIC COVERAGE RESULTS =====
Total world area: 210.0000 m²
Excluded area: 23.3000 m²
Valid area: 186.7000 m²
Covered area: 170.9568 m²
Uncovered area: 15.7432 m²
Coverage: 91.5676%
MAX_TIME used: 429.40 s
===== GEOMETRIC COVERAGE RESULTS =====
Total world area: 210.0000 m²
Excluded area: 23.3000 m²
Valid area: 186.7000 m²
Covered area: 170.9568 m²
Uncovered area: 15.7432 m²
Coverage: 91.5676%
MAX_TIME used: 429.40 s
===== GEOMETRIC COVERAGE RESULTS =====
Total world area: 210.0000 m²
Excluded area: 23.3000 m²
Valid area: 186.7000 m²
Covered area: 170.9568 m²
Uncovered area: 15.7432 m²
Coverage: 91.5676%
MAX_TIME used: 429.40 s
===== GEOMETRIC COVERAGE RESULTS =====
Total world area: 210.0000 m²
Excluded area: 23.3000 m²
Valid area: 186.7000 m²
Covered area: 170.9568 m²
Uncovered area: 15.7432 m²
Coverage: 91.5676%
MAX_TIME used: 429.40 s
===== GEOMETRIC COVERAGE RESULTS =====
Total world area: 210.0000 m²
Excluded area: 23.3000 m²
Valid area: 186.7000 m²
Covered area: 170.9568 m²
Uncovered area: 15.7432 m²
Coverage: 91.5676%
MAX_TIME used: 429.40 s
===== GEOMETRIC COVERAGE RESULTS =====
Total world area: 210.0000 m²
Excluded area: 23.3000 m²
Valid area: 186.7000 m²
Covered area: 170.9568 m²
Uncovered area: 15.7432 m²
Coverage: 91.5676%
MAX_TIME used: 429.40 s
===== GEOMETRIC COVERAGE RESULTS =====
Total world area: 210.0000 m²
Excluded area: 23.3000 m²
Valid area: 186.7000 m²
Covered area: 170.9568 m²
Uncovered area: 15.7432 m²
Coverage: 91.5676%
MAX_TIME used: 429.40 s
===== GEOMETRIC COVERAGE RESULTS =====
Total world area: 210.0000 m²
Excluded area: 23.3000 m²
Valid area: 186.7000 m²
Covered area: 170.9568 m²
Uncovered area: 15.7432 m²
Coverage: 91.5676%
MAX_TIME used: 429.40 s
===== GEOMETRIC COVERAGE RESULTS =====
Total world area: 210.0000 m²
Excluded area: 23.3000 m²
Valid area: 186.7000 m²
Covered area: 170.9568 m²
Uncovered area: 15.7432 m²
Coverage: 91.5676%
MAX_TIME used: 429.40 s
===== GEOMETRIC COVERAGE RESULTS =====
Total world area: 210.0000 m²
Excluded area: 23.3000 m²
Valid area: 186.7000 m²
Covered area: 170.9568 m²
Uncovered area: 15.7432 m²
Coverage: 91.5676%
MAX_TIME used: 429.40 s
===== GEOMETRIC COVERAGE RESULTS =====
Total world area: 210.0000 m²
Excluded area: 23.3000 m²
Valid area: 186.7000 m²
Covered area: 170.9568 m²
Uncovered area: 15.7432 m²
Coverage: 91.5676%
MAX_TIME used: 429.40 s
===== GEOMETRIC COVERAGE RESULTS =====
Total world area: 210.0000 m²
Excluded area: 23.3000 m²
Valid area: 186.7000 m²
Covered area: 170.9568 m²
Uncovered area: 15.7432 m²
Coverage: 91.5676%
MAX_TIME used: 429.40 s
===== GEOMETRIC COVERAGE RESULTS =====
Total world area: 210.0000 m²
Excluded area: 23.3000 m²
Valid area: 186.7000 m²
Covered area: 170.9568 m²
Uncovered area: 15.7432 m²
Coverage: 91.5676%
