MAX_TIME used: 1048.00 s
===== OCCUPANCY RESULTS =====
Total cells: 5250
Excluded cells: 699
Valid cells: 4551
Visited cells: 4118
Occupancy %: 90.49%
MAX_TIME used: 1048.00 s
===== OCCUPANCY RESULTS =====
Total cells: 5250
Excluded cells: 699
Valid cells: 4551
Visited cells: 4118
Occupancy %: 90.49%
MAX_TIME used: 1048.00 s
===== OCCUPANCY RESULTS =====
Total cells: 5250
Excluded cells: 699
Valid cells: 4551
Visited cells: 4118
Occupancy %: 90.49%
MAX_TIME used: 1048.00 s
===== OCCUPANCY RESULTS =====
Total cells: 5250
Excluded cells: 699
Valid cells: 4551
Visited cells: 4118
Occupancy %: 90.49%
MAX_TIME used: 1048.00 s
===== OCCUPANCY RESULTS =====
Total cells: 5250
Excluded cells: 699
Valid cells: 4551
Visited cells: 4118
Occupancy %: 90.49%
MAX_TIME used: 1048.00 s
===== OCCUPANCY RESULTS =====
Total cells: 5250
Excluded cells: 699
Valid cells: 4551
Visited cells: 4118
Occupancy %: 90.49%
MAX_TIME used: 1048.00 s
===== OCCUPANCY RESULTS =====
Total cells: 5250
Excluded cells: 699
Valid cells: 4551
Visited cells: 4118
Occupancy %: 90.49%
MAX_TIME used: 1048.00 s
===== OCCUPANCY RESULTS =====
Total cells: 5250
Excluded cells: 699
Valid cells: 4551
Visited cells: 4118
Occupancy %: 90.49%
MAX_TIME used: 1048.00 s
===== GEOMETRIC COVERAGE RESULTS =====
Total world area: 210.0000 m²
Excluded area: 23.3000 m²
Valid area: 186.7000 m²
Covered area: 165.4761 m²
Uncovered area: 21.2239 m²
Coverage: 88.6321%
MAX_TIME used: 1048.00 s
===== GEOMETRIC COVERAGE RESULTS =====
Total world area: 210.0000 m²
Excluded area: 23.3000 m²
Valid area: 186.7000 m²
Covered area: 165.4761 m²
Uncovered area: 21.2239 m²
Coverage: 88.6321%
MAX_TIME used: 1048.00 s
===== GEOMETRIC COVERAGE RESULTS =====
Total world area: 210.0000 m²
Excluded area: 23.3000 m²
Valid area: 186.7000 m²
Covered area: 165.4761 m²
Uncovered area: 21.2239 m²
Coverage: 88.6321%
MAX_TIME used: 1048.00 s
===== GEOMETRIC COVERAGE RESULTS =====
Total world area: 210.0000 m²
Excluded area: 23.3000 m²
Valid area: 186.7000 m²
Covered area: 165.4761 m²
Uncovered area: 21.2239 m²
Coverage: 88.6321%
MAX_TIME used: 1048.00 s
===== GEOMETRIC COVERAGE RESULTS =====
Total world area: 210.0000 m²
Excluded area: 23.3000 m²
Valid area: 186.7000 m²
Covered area: 165.4761 m²
Uncovered area: 21.2239 m²
Coverage: 88.6321%
MAX_TIME used: 1048.00 s
===== GEOMETRIC COVERAGE RESULTS =====
Total world area: 210.0000 m²
Excluded area: 23.3000 m²
Valid area: 186.7000 m²
Covered area: 165.4761 m²
Uncovered area: 21.2239 m²
Coverage: 88.6321%
MAX_TIME used: 1048.00 s
===== GEOMETRIC COVERAGE RESULTS =====
Total world area: 210.0000 m²
Excluded area: 23.3000 m²
Valid area: 186.7000 m²
Covered area: 165.4761 m²
Uncovered area: 21.2239 m²
Coverage: 88.6321%
MAX_TIME used: 1048.00 s
===== GEOMETRIC COVERAGE RESULTS =====
Total world area: 210.0000 m²
Excluded area: 23.3000 m²
Valid area: 186.7000 m²
Covered area: 165.4761 m²
Uncovered area: 21.2239 m²
Coverage: 88.6321%
MAX_TIME used: 1048.00 s
===== GEOMETRIC COVERAGE RESULTS =====
Total world area: 210.0000 m²
Excluded area: 23.3000 m²
Valid area: 186.7000 m²
Covered area: 165.4761 m²
Uncovered area: 21.2239 m²
Coverage: 88.6321%
MAX_TIME used: 1048.00 s
===== GEOMETRIC COVERAGE RESULTS =====
Total world area: 210.0000 m²
Excluded area: 23.3000 m²
Valid area: 186.7000 m²
Covered area: 165.4761 m²
Uncovered area: 21.2239 m²
Coverage: 88.6321%
MAX_TIME used: 1048.00 s
===== GEOMETRIC COVERAGE RESULTS =====
Total world area: 210.0000 m²
Excluded area: 23.3000 m²
Valid area: 186.7000 m²
Covered area: 165.4761 m²
Uncovered area: 21.2239 m²
Coverage: 88.6321%
MAX_TIME used: 1048.00 s
===== GEOMETRIC COVERAGE RESULTS =====
Total world area: 210.0000 m²
Excluded area: 23.3000 m²
Valid area: 186.7000 m²
Covered area: 165.4761 m²
Uncovered area: 21.2239 m²
Coverage: 88.6321%
MAX_TIME used: 1048.00 s
===== GEOMETRIC COVERAGE RESULTS =====
Total world area: 210.0000 m²
Excluded area: 23.3000 m²
Valid area: 186.7000 m²
Covered area: 165.4761 m²
Uncovered area: 21.2239 m²
Coverage: 88.6321%
MAX_TIME used: 1048.00 s
===== GEOMETRIC COVERAGE RESULTS =====
Total world area: 210.0000 m²
Excluded area: 23.3000 m²
Valid area: 186.7000 m²
Covered area: 165.4761 m²
Uncovered area: 21.2239 m²
Coverage: 88.6321%
MAX_TIME used: 1048.00 s
===== GEOMETRIC COVERAGE RESULTS =====
Total world area: 210.0000 m²
Excluded area: 23.3000 m²
Valid area: 186.7000 m²
Covered area: 165.4761 m²
Uncovered area: 21.2239 m²
Coverage: 88.6321%
MAX_TIME used: 1048.00 s
===== GEOMETRIC COVERAGE RESULTS =====
Total world area: 210.0000 m²
Excluded area: 23.3000 m²
Valid area: 186.7000 m²
Covered area: 165.4761 m²
Uncovered area: 21.2239 m²
Coverage: 88.6321%
MAX_TIME used: 1048.00 s
===== GEOMETRIC COVERAGE RESULTS =====
Total world area: 210.0000 m²
Excluded area: 23.3000 m²
Valid area: 186.7000 m²
Covered area: 165.4761 m²
Uncovered area: 21.2239 m²
Coverage: 88.6321%
MAX_TIME used: 1048.00 s
===== GEOMETRIC COVERAGE RESULTS =====
Total world area: 210.0000 m²
Excluded area: 23.3000 m²
Valid area: 186.7000 m²
Covered area: 165.4761 m²
Uncovered area: 21.2239 m²
Coverage: 88.6321%
MAX_TIME used: 1048.00 s
===== GEOMETRIC COVERAGE RESULTS =====
Total world area: 210.0000 m²
Excluded area: 23.3000 m²
Valid area: 186.7000 m²
Covered area: 165.4761 m²
Uncovered area: 21.2239 m²
Coverage: 88.6321%
MAX_TIME used: 1048.00 s
===== GEOMETRIC COVERAGE RESULTS =====
Total world area: 210.0000 m²
Excluded area: 23.3000 m²
Valid area: 186.7000 m²
Covered area: 165.4761 m²
Uncovered area: 21.2239 m²
Coverage: 88.6321%
MAX_TIME used: 1048.00 s
===== GEOMETRIC COVERAGE RESULTS =====
Total world area: 210.0000 m²
Excluded area: 23.3000 m²
Valid area: 186.7000 m²
Covered area: 165.4761 m²
Uncovered area: 21.2239 m²
Coverage: 88.6321%
MAX_TIME used: 1048.00 s
===== GEOMETRIC COVERAGE RESULTS =====
Total world area: 210.0000 m²
Excluded area: 23.3000 m²
Valid area: 186.7000 m²
Covered area: 165.4761 m²
Uncovered area: 21.2239 m²
Coverage: 88.6321%
MAX_TIME used: 1048.00 s
===== GEOMETRIC COVERAGE RESULTS =====
Total world area: 210.0000 m²
Excluded area: 23.3000 m²
Valid area: 186.7000 m²
Covered area: 165.4761 m²
Uncovered area: 21.2239 m²
Coverage: 88.6321%
MAX_TIME used: 1048.00 s
===== GEOMETRIC COVERAGE RESULTS =====
Total world area: 210.0000 m²
Excluded area: 23.3000 m²
Valid area: 186.7000 m²
Covered area: 165.4761 m²
Uncovered area: 21.2239 m²
Coverage: 88.6321%
MAX_TIME used: 1048.00 s
===== GEOMETRIC COVERAGE RESULTS =====
Total world area: 210.0000 m²
Excluded area: 23.3000 m²
Valid area: 186.7000 m²
Covered area: 165.4761 m²
Uncovered area: 21.2239 m²
Coverage: 88.6321%
MAX_TIME used: 1048.00 s
===== GEOMETRIC COVERAGE RESULTS =====
Total world area: 210.0000 m²
Excluded area: 23.3000 m²
Valid area: 186.7000 m²
Covered area: 165.4761 m²
Uncovered area: 21.2239 m²
Coverage: 88.6321%
MAX_TIME used: 1048.00 s
===== GEOMETRIC COVERAGE RESULTS =====
Total world area: 210.0000 m²
Excluded area: 23.3000 m²
Valid area: 186.7000 m²
Covered area: 165.4761 m²
Uncovered area: 21.2239 m²
Coverage: 88.6321%
