MAX_TIME used: 536.00 s
===== OCCUPANCY RESULTS =====
Total cells: 5250
Excluded cells: 699
Valid cells: 4551
Visited cells: 4270
Occupancy %: 93.83%
MAX_TIME used: 536.00 s
===== OCCUPANCY RESULTS =====
Total cells: 5250
Excluded cells: 699
Valid cells: 4551
Visited cells: 4270
Occupancy %: 93.83%
MAX_TIME used: 536.00 s
===== OCCUPANCY RESULTS =====
Total cells: 5250
Excluded cells: 699
Valid cells: 4551
Visited cells: 4270
Occupancy %: 93.83%
MAX_TIME used: 536.00 s
===== OCCUPANCY RESULTS =====
Total cells: 5250
Excluded cells: 699
Valid cells: 4551
Visited cells: 4270
Occupancy %: 93.83%
MAX_TIME used: 536.00 s
===== OCCUPANCY RESULTS =====
Total cells: 5250
Excluded cells: 699
Valid cells: 4551
Visited cells: 4270
Occupancy %: 93.83%
MAX_TIME used: 536.00 s
===== OCCUPANCY RESULTS =====
Total cells: 5250
Excluded cells: 699
Valid cells: 4551
Visited cells: 4270
Occupancy %: 93.83%
MAX_TIME used: 536.00 s
===== OCCUPANCY RESULTS =====
Total cells: 5250
Excluded cells: 699
Valid cells: 4551
Visited cells: 4270
Occupancy %: 93.83%
MAX_TIME used: 536.00 s
===== OCCUPANCY RESULTS =====
Total cells: 5250
Excluded cells: 699
Valid cells: 4551
Visited cells: 4270
Occupancy %: 93.83%
MAX_TIME used: 536.00 s
===== GEOMETRIC COVERAGE RESULTS =====
Total world area: 210.0000 m²
Excluded area: 23.3000 m²
Valid area: 186.7000 m²
Covered area: 170.6569 m²
Uncovered area: 16.0431 m²
Coverage: 91.4070%
MAX_TIME used: 536.00 s
===== GEOMETRIC COVERAGE RESULTS =====
Total world area: 210.0000 m²
Excluded area: 23.3000 m²
Valid area: 186.7000 m²
Covered area: 170.6569 m²
Uncovered area: 16.0431 m²
Coverage: 91.4070%
MAX_TIME used: 536.00 s
===== GEOMETRIC COVERAGE RESULTS =====
Total world area: 210.0000 m²
Excluded area: 23.3000 m²
Valid area: 186.7000 m²
Covered area: 170.6569 m²
Uncovered area: 16.0431 m²
Coverage: 91.4070%
MAX_TIME used: 536.00 s
===== GEOMETRIC COVERAGE RESULTS =====
Total world area: 210.0000 m²
Excluded area: 23.3000 m²
Valid area: 186.7000 m²
Covered area: 170.6569 m²
Uncovered area: 16.0431 m²
Coverage: 91.4070%
MAX_TIME used: 536.00 s
===== GEOMETRIC COVERAGE RESULTS =====
Total world area: 210.0000 m²
Excluded area: 23.3000 m²
Valid area: 186.7000 m²
Covered area: 170.6569 m²
Uncovered area: 16.0431 m²
Coverage: 91.4070%
MAX_TIME used: 536.00 s
===== GEOMETRIC COVERAGE RESULTS =====
Total world area: 210.0000 m²
Excluded area: 23.3000 m²
Valid area: 186.7000 m²
Covered area: 170.6569 m²
Uncovered area: 16.0431 m²
Coverage: 91.4070%
MAX_TIME used: 536.00 s
===== GEOMETRIC COVERAGE RESULTS =====
Total world area: 210.0000 m²
Excluded area: 23.3000 m²
Valid area: 186.7000 m²
Covered area: 170.6569 m²
Uncovered area: 16.0431 m²
Coverage: 91.4070%
MAX_TIME used: 536.00 s
===== GEOMETRIC COVERAGE RESULTS =====
Total world area: 210.0000 m²
Excluded area: 23.3000 m²
Valid area: 186.7000 m²
Covered area: 170.6569 m²
Uncovered area: 16.0431 m²
Coverage: 91.4070%
MAX_TIME used: 536.00 s
===== GEOMETRIC COVERAGE RESULTS =====
Total world area: 210.0000 m²
Excluded area: 23.3000 m²
Valid area: 186.7000 m²
Covered area: 170.6569 m²
Uncovered area: 16.0431 m²
Coverage: 91.4070%
MAX_TIME used: 536.00 s
===== GEOMETRIC COVERAGE RESULTS =====
Total world area: 210.0000 m²
Excluded area: 23.3000 m²
Valid area: 186.7000 m²
Covered area: 170.6569 m²
Uncovered area: 16.0431 m²
Coverage: 91.4070%
MAX_TIME used: 536.00 s
===== GEOMETRIC COVERAGE RESULTS =====
Total world area: 210.0000 m²
Excluded area: 23.3000 m²
Valid area: 186.7000 m²
Covered area: 170.6569 m²
Uncovered area: 16.0431 m²
Coverage: 91.4070%
MAX_TIME used: 536.00 s
===== GEOMETRIC COVERAGE RESULTS =====
Total world area: 210.0000 m²
Excluded area: 23.3000 m²
Valid area: 186.7000 m²
Covered area: 170.6569 m²
Uncovered area: 16.0431 m²
Coverage: 91.4070%
MAX_TIME used: 536.00 s
===== GEOMETRIC COVERAGE RESULTS =====
Total world area: 210.0000 m²
Excluded area: 23.3000 m²
Valid area: 186.7000 m²
Covered area: 170.6569 m²
Uncovered area: 16.0431 m²
Coverage: 91.4070%
MAX_TIME used: 536.00 s
===== GEOMETRIC COVERAGE RESULTS =====
Total world area: 210.0000 m²
Excluded area: 23.3000 m²
Valid area: 186.7000 m²
Covered area: 170.6569 m²
Uncovered area: 16.0431 m²
Coverage: 91.4070%
MAX_TIME used: 536.00 s
===== GEOMETRIC COVERAGE RESULTS =====
Total world area: 210.0000 m²
Excluded area: 23.3000 m²
Valid area: 186.7000 m²
Covered area: 170.6569 m²
Uncovered area: 16.0431 m²
Coverage: 91.4070%
MAX_TIME used: 536.00 s
===== GEOMETRIC COVERAGE RESULTS =====
Total world area: 210.0000 m²
Excluded area: 23.3000 m²
Valid area: 186.7000 m²
Covered area: 170.6569 m²
Uncovered area: 16.0431 m²
Coverage: 91.4070%
MAX_TIME used: 536.00 s
===== GEOMETRIC COVERAGE RESULTS =====
Total world area: 210.0000 m²
Excluded area: 23.3000 m²
Valid area: 186.7000 m²
Covered area: 170.6569 m²
Uncovered area: 16.0431 m²
Coverage: 91.4070%
MAX_TIME used: 536.00 s
===== GEOMETRIC COVERAGE RESULTS =====
Total world area: 210.0000 m²
Excluded area: 23.3000 m²
Valid area: 186.7000 m²
Covered area: 170.6569 m²
Uncovered area: 16.0431 m²
Coverage: 91.4070%
MAX_TIME used: 536.00 s
===== GEOMETRIC COVERAGE RESULTS =====
Total world area: 210.0000 m²
Excluded area: 23.3000 m²
Valid area: 186.7000 m²
Covered area: 170.6569 m²
Uncovered area: 16.0431 m²
Coverage: 91.4070%
MAX_TIME used: 536.00 s
===== GEOMETRIC COVERAGE RESULTS =====
Total world area: 210.0000 m²
Excluded area: 23.3000 m²
Valid area: 186.7000 m²
Covered area: 170.6569 m²
Uncovered area: 16.0431 m²
Coverage: 91.4070%
MAX_TIME used: 536.00 s
===== GEOMETRIC COVERAGE RESULTS =====
Total world area: 210.0000 m²
Excluded area: 23.3000 m²
Valid area: 186.7000 m²
Covered area: 170.6569 m²
Uncovered area: 16.0431 m²
Coverage: 91.4070%
MAX_TIME used: 536.00 s
===== GEOMETRIC COVERAGE RESULTS =====
Total world area: 210.0000 m²
Excluded area: 23.3000 m²
Valid area: 186.7000 m²
Covered area: 170.6569 m²
Uncovered area: 16.0431 m²
Coverage: 91.4070%
MAX_TIME used: 536.00 s
===== GEOMETRIC COVERAGE RESULTS =====
Total world area: 210.0000 m²
Excluded area: 23.3000 m²
Valid area: 186.7000 m²
Covered area: 170.6569 m²
Uncovered area: 16.0431 m²
Coverage: 91.4070%
MAX_TIME used: 536.00 s
===== GEOMETRIC COVERAGE RESULTS =====
Total world area: 210.0000 m²
Excluded area: 23.3000 m²
Valid area: 186.7000 m²
Covered area: 170.6569 m²
Uncovered area: 16.0431 m²
Coverage: 91.4070%
MAX_TIME used: 536.00 s
===== GEOMETRIC COVERAGE RESULTS =====
Total world area: 210.0000 m²
Excluded area: 23.3000 m²
Valid area: 186.7000 m²
Covered area: 170.6569 m²
Uncovered area: 16.0431 m²
Coverage: 91.4070%
MAX_TIME used: 536.00 s
===== GEOMETRIC COVERAGE RESULTS =====
Total world area: 210.0000 m²
Excluded area: 23.3000 m²
Valid area: 186.7000 m²
Covered area: 170.6569 m²
Uncovered area: 16.0431 m²
Coverage: 91.4070%
MAX_TIME used: 536.00 s
===== GEOMETRIC COVERAGE RESULTS =====
Total world area: 210.0000 m²
Excluded area: 23.3000 m²
Valid area: 186.7000 m²
Covered area: 170.6569 m²
Uncovered area: 16.0431 m²
Coverage: 91.4070%
