MAX_TIME used: 477.65 s
===== GEOMETRIC COVERAGE RESULTS =====
Configuration: config3
Experiment: exp_equal8
Total world area: 210.0000 m²
Excluded area: 23.3000 m²
Valid area: 186.7000 m²
Covered area: 158.7449 m²
Uncovered area: 27.9551 m²
Coverage: 85.0268%
MAX_TIME used: 477.65 s
===== GEOMETRIC COVERAGE RESULTS =====
Configuration: config3
Experiment: exp_equal8
Total world area: 210.0000 m²
Excluded area: 23.3000 m²
Valid area: 186.7000 m²
Covered area: 158.7449 m²
Uncovered area: 27.9551 m²
Coverage: 85.0268%
