========== RESULTS ==========

Robot 1
Time near waypoint : 216.80 s
Heading to waypoint: 40.53%

Robot 2
Time near waypoint : 799.55 s
Heading to waypoint: 34.01%

Robot 3
Time near waypoint : 688.25 s
Heading to waypoint: 31.07%


========== WAYPOINT VISITS ==========

Robot 1
  WP1: 2 visits
  WP2: 1 visits
  WP3: 1 visits
  WP4: 1 visits
  WP5: 1 visits

Robot 2
  WP1: 9 visits
  WP2: 4 visits
  WP3: 3 visits
  WP4: 8 visits
  WP5: 3 visits

Robot 3
  WP1: 5 visits
  WP2: 2 visits
  WP3: 5 visits
  WP4: 3 visits
  WP5: 4 visits

Total visits per waypoint:
  WP1: 16 visits
  WP2: 7 visits
  WP3: 9 visits
  WP4: 12 visits
  WP5: 8 visits

