MAX_TIME used: 948.10 s
===== OCCUPANCY RESULTS =====
Total cells: 5250
Excluded cells: 699
Valid cells: 4551
Visited cells: 4398
Occupancy %: 96.64%
MAX_TIME used: 948.10 s
===== OCCUPANCY RESULTS =====
Total cells: 5250
Excluded cells: 699
Valid cells: 4551
Visited cells: 4398
Occupancy %: 96.64%
MAX_TIME used: 948.10 s
===== OCCUPANCY RESULTS =====
Total cells: 5250
Excluded cells: 699
Valid cells: 4551
Visited cells: 4398
Occupancy %: 96.64%
MAX_TIME used: 948.10 s
===== OCCUPANCY RESULTS =====
Total cells: 5250
Excluded cells: 699
Valid cells: 4551
Visited cells: 4398
Occupancy %: 96.64%
MAX_TIME used: 948.10 s
===== GEOMETRIC COVERAGE RESULTS =====
Total world area: 210.0000 m²
Excluded area: 23.3000 m²
Valid area: 186.7000 m²
Covered area: 177.3535 m²
Uncovered area: 9.3465 m²
Coverage: 94.9939%
MAX_TIME used: 948.10 s
===== GEOMETRIC COVERAGE RESULTS =====
Total world area: 210.0000 m²
Excluded area: 23.3000 m²
Valid area: 186.7000 m²
Covered area: 177.3535 m²
Uncovered area: 9.3465 m²
Coverage: 94.9939%
MAX_TIME used: 948.10 s
===== GEOMETRIC COVERAGE RESULTS =====
Total world area: 210.0000 m²
Excluded area: 23.3000 m²
Valid area: 186.7000 m²
Covered area: 177.3535 m²
Uncovered area: 9.3465 m²
Coverage: 94.9939%
MAX_TIME used: 948.10 s
===== GEOMETRIC COVERAGE RESULTS =====
Total world area: 210.0000 m²
Excluded area: 23.3000 m²
Valid area: 186.7000 m²
Covered area: 177.3535 m²
Uncovered area: 9.3465 m²
Coverage: 94.9939%
MAX_TIME used: 948.10 s
===== GEOMETRIC COVERAGE RESULTS =====
Total world area: 210.0000 m²
Excluded area: 23.3000 m²
Valid area: 186.7000 m²
Covered area: 177.3535 m²
Uncovered area: 9.3465 m²
Coverage: 94.9939%
MAX_TIME used: 948.10 s
===== GEOMETRIC COVERAGE RESULTS =====
Total world area: 210.0000 m²
Excluded area: 23.3000 m²
Valid area: 186.7000 m²
Covered area: 177.3535 m²
Uncovered area: 9.3465 m²
Coverage: 94.9939%
MAX_TIME used: 948.10 s
===== GEOMETRIC COVERAGE RESULTS =====
Total world area: 210.0000 m²
Excluded area: 23.3000 m²
Valid area: 186.7000 m²
Covered area: 177.3535 m²
Uncovered area: 9.3465 m²
Coverage: 94.9939%
MAX_TIME used: 948.10 s
===== GEOMETRIC COVERAGE RESULTS =====
Total world area: 210.0000 m²
Excluded area: 23.3000 m²
Valid area: 186.7000 m²
Covered area: 177.3535 m²
Uncovered area: 9.3465 m²
Coverage: 94.9939%
MAX_TIME used: 948.10 s
===== GEOMETRIC COVERAGE RESULTS =====
Total world area: 210.0000 m²
Excluded area: 23.3000 m²
Valid area: 186.7000 m²
Covered area: 177.3535 m²
Uncovered area: 9.3465 m²
Coverage: 94.9939%
MAX_TIME used: 948.10 s
===== GEOMETRIC COVERAGE RESULTS =====
Total world area: 210.0000 m²
Excluded area: 23.3000 m²
Valid area: 186.7000 m²
Covered area: 177.3535 m²
Uncovered area: 9.3465 m²
Coverage: 94.9939%
MAX_TIME used: 948.10 s
===== GEOMETRIC COVERAGE RESULTS =====
Total world area: 210.0000 m²
Excluded area: 23.3000 m²
Valid area: 186.7000 m²
Covered area: 177.3535 m²
Uncovered area: 9.3465 m²
Coverage: 94.9939%
MAX_TIME used: 948.10 s
===== GEOMETRIC COVERAGE RESULTS =====
Total world area: 210.0000 m²
Excluded area: 23.3000 m²
Valid area: 186.7000 m²
Covered area: 177.3535 m²
Uncovered area: 9.3465 m²
Coverage: 94.9939%
MAX_TIME used: 948.10 s
===== GEOMETRIC COVERAGE RESULTS =====
Total world area: 210.0000 m²
Excluded area: 23.3000 m²
Valid area: 186.7000 m²
Covered area: 177.3535 m²
Uncovered area: 9.3465 m²
Coverage: 94.9939%
MAX_TIME used: 948.10 s
===== GEOMETRIC COVERAGE RESULTS =====
Total world area: 210.0000 m²
Excluded area: 23.3000 m²
Valid area: 186.7000 m²
Covered area: 177.3535 m²
Uncovered area: 9.3465 m²
Coverage: 94.9939%
MAX_TIME used: 948.10 s
===== GEOMETRIC COVERAGE RESULTS =====
Total world area: 210.0000 m²
Excluded area: 23.3000 m²
Valid area: 186.7000 m²
Covered area: 177.3535 m²
Uncovered area: 9.3465 m²
Coverage: 94.9939%
MAX_TIME used: 948.10 s
===== GEOMETRIC COVERAGE RESULTS =====
Total world area: 210.0000 m²
Excluded area: 23.3000 m²
Valid area: 186.7000 m²
Covered area: 177.3535 m²
Uncovered area: 9.3465 m²
Coverage: 94.9939%
MAX_TIME used: 948.10 s
===== GEOMETRIC COVERAGE RESULTS =====
Total world area: 210.0000 m²
Excluded area: 23.3000 m²
Valid area: 186.7000 m²
Covered area: 177.3535 m²
Uncovered area: 9.3465 m²
Coverage: 94.9939%
MAX_TIME used: 948.10 s
===== GEOMETRIC COVERAGE RESULTS =====
Total world area: 210.0000 m²
Excluded area: 23.3000 m²
Valid area: 186.7000 m²
Covered area: 177.3535 m²
Uncovered area: 9.3465 m²
Coverage: 94.9939%
MAX_TIME used: 948.10 s
===== GEOMETRIC COVERAGE RESULTS =====
Total world area: 210.0000 m²
Excluded area: 23.3000 m²
Valid area: 186.7000 m²
Covered area: 177.3535 m²
Uncovered area: 9.3465 m²
Coverage: 94.9939%
MAX_TIME used: 948.10 s
===== GEOMETRIC COVERAGE RESULTS =====
Total world area: 210.0000 m²
Excluded area: 23.3000 m²
Valid area: 186.7000 m²
Covered area: 177.3535 m²
Uncovered area: 9.3465 m²
Coverage: 94.9939%
MAX_TIME used: 948.10 s
===== GEOMETRIC COVERAGE RESULTS =====
Total world area: 210.0000 m²
Excluded area: 23.3000 m²
Valid area: 186.7000 m²
Covered area: 177.3535 m²
Uncovered area: 9.3465 m²
Coverage: 94.9939%
