MAX_TIME used: 694.00 s
===== OCCUPANCY RESULTS =====
Total cells: 5250
Excluded cells: 699
Valid cells: 4551
Visited cells: 4368
Occupancy %: 95.98%
MAX_TIME used: 694.00 s
===== OCCUPANCY RESULTS =====
Total cells: 5250
Excluded cells: 699
Valid cells: 4551
Visited cells: 4368
Occupancy %: 95.98%
MAX_TIME used: 694.00 s
===== OCCUPANCY RESULTS =====
Total cells: 5250
Excluded cells: 699
Valid cells: 4551
Visited cells: 4368
Occupancy %: 95.98%
MAX_TIME used: 694.00 s
===== OCCUPANCY RESULTS =====
Total cells: 5250
Excluded cells: 699
Valid cells: 4551
Visited cells: 4368
Occupancy %: 95.98%
MAX_TIME used: 694.00 s
===== OCCUPANCY RESULTS =====
Total cells: 5250
Excluded cells: 699
Valid cells: 4551
Visited cells: 4368
Occupancy %: 95.98%
MAX_TIME used: 694.00 s
===== OCCUPANCY RESULTS =====
Total cells: 5250
Excluded cells: 699
Valid cells: 4551
Visited cells: 4368
Occupancy %: 95.98%
MAX_TIME used: 694.00 s
===== OCCUPANCY RESULTS =====
Total cells: 5250
Excluded cells: 699
Valid cells: 4551
Visited cells: 4368
Occupancy %: 95.98%
MAX_TIME used: 694.00 s
===== OCCUPANCY RESULTS =====
Total cells: 5250
Excluded cells: 699
Valid cells: 4551
Visited cells: 4368
Occupancy %: 95.98%
MAX_TIME used: 694.00 s
===== GEOMETRIC COVERAGE RESULTS =====
Total world area: 210.0000 m²
Excluded area: 23.3000 m²
Valid area: 186.7000 m²
Covered area: 176.1220 m²
Uncovered area: 10.5780 m²
Coverage: 94.3342%
