MAX_TIME used: 755.10 s
===== GEOMETRIC COVERAGE RESULTS =====
Configuration: config2
Experiment: exp_reward4
Total world area: 210.0000 m²
Excluded area: 23.3000 m²
Valid area: 186.7000 m²
Covered area: 172.9562 m²
Uncovered area: 13.7438 m²
Coverage: 92.6386%
MAX_TIME used: 755.10 s
===== GEOMETRIC COVERAGE RESULTS =====
Configuration: config2
Experiment: exp_reward4
Total world area: 210.0000 m²
Excluded area: 23.3000 m²
Valid area: 186.7000 m²
Covered area: 172.9562 m²
Uncovered area: 13.7438 m²
Coverage: 92.6386%
