========== RESULTS ==========

Robot 1
Time near waypoint : 388.25 s
Heading to waypoint: 27.59%

Robot 2
Time near waypoint : 442.55 s
Heading to waypoint: 25.64%

Robot 3
Time near waypoint : 432.10 s
Heading to waypoint: 26.07%


========== WAYPOINT VISITS ==========

Robot 1
  WP1: 3 visits
  WP2: 1 visits
  WP3: 3 visits
  WP4: 2 visits
  WP5: 13 visits

Robot 2
  WP1: 5 visits
  WP2: 1 visits
  WP3: 4 visits
  WP4: 1 visits
  WP5: 1 visits

Robot 3
  WP1: 3 visits
  WP2: 2 visits
  WP3: 3 visits
  WP4: 2 visits
  WP5: 3 visits

Total visits per waypoint:
  WP1: 11 visits
  WP2: 4 visits
  WP3: 10 visits
  WP4: 5 visits
  WP5: 17 visits

