========== RESULTS ==========

Robot 1
Time near waypoint : 548.35 s
Heading to waypoint: 27.03%

Robot 2
Time near waypoint : 525.30 s
Heading to waypoint: 25.82%

Robot 3
Time near waypoint : 304.20 s
Heading to waypoint: 31.89%


========== WAYPOINT VISITS ==========

Robot 1
  WP1: 21 visits
  WP2: 1 visits
  WP3: 4 visits
  WP4: 2 visits
  WP5: 1 visits

Robot 2
  WP1: 3 visits
  WP2: 2 visits
  WP3: 3 visits
  WP4: 1 visits
  WP5: 7 visits

Robot 3
  WP1: 3 visits
  WP2: 1 visits
  WP3: 2 visits
  WP4: 1 visits
  WP5: 3 visits

Total visits per waypoint:
  WP1: 27 visits
  WP2: 4 visits
  WP3: 9 visits
  WP4: 4 visits
  WP5: 11 visits

