========== RESULTS ==========

Robot 1
Time near waypoint : 221.90 s
Heading to waypoint: 42.51%

Robot 2
Time near waypoint : 322.00 s
Heading to waypoint: 32.48%

Robot 3
Time near waypoint : 299.20 s
Heading to waypoint: 31.98%


========== WAYPOINT VISITS ==========

Robot 1
  WP1: 2 visits
  WP2: 1 visits
  WP3: 1 visits
  WP4: 1 visits
  WP5: 1 visits

Robot 2
  WP1: 2 visits
  WP2: 1 visits
  WP3: 2 visits
  WP4: 2 visits
  WP5: 1 visits

Robot 3
  WP1: 1 visits
  WP2: 1 visits
  WP3: 2 visits
  WP4: 1 visits
  WP5: 1 visits

Total visits per waypoint:
  WP1: 5 visits
  WP2: 3 visits
  WP3: 5 visits
  WP4: 4 visits
  WP5: 3 visits

