==========================================
 ACCURATE GEOMETRIC COVERAGE CALCULATION
==========================================
Experiment: /home/gonazza/container_ws/catkin_ws/src/indoor_bot/indoor_bot/config3/exp_equal5
Robot radius: 2.50 m

MAX_TIME used: 696.15 s
===== GEOMETRIC COVERAGE RESULTS =====
Total world area: 210.0000 m²
Excluded area: 23.3000 m²
Valid area: 186.7000 m²
Covered area: 163.6187 m²
Uncovered area: 23.0813 m²
Coverage: 87.6372%
MAX_TIME used: 696.15 s
===== GEOMETRIC COVERAGE RESULTS =====
Configuration: config3
Experiment: exp_equal5
Total world area: 210.0000 m²
Excluded area: 23.3000 m²
Valid area: 186.7000 m²
Covered area: 163.6187 m²
Uncovered area: 23.0813 m²
Coverage: 87.6372%
MAX_TIME used: 696.15 s
===== GEOMETRIC COVERAGE RESULTS =====
Configuration: config3
Experiment: exp_equal5
Total world area: 210.0000 m²
Excluded area: 23.3000 m²
Valid area: 186.7000 m²
Covered area: 163.6187 m²
Uncovered area: 23.0813 m²
Coverage: 87.6372%
