MAX_TIME used: 1144.15 s
===== OCCUPANCY RESULTS =====
Total cells: 5250
Excluded cells: 699
Valid cells: 4551
Visited cells: 4329
Occupancy %: 95.12%
MAX_TIME used: 1144.15 s
===== OCCUPANCY RESULTS =====
Total cells: 5250
Excluded cells: 699
Valid cells: 4551
Visited cells: 4329
Occupancy %: 95.12%
MAX_TIME used: 1144.15 s
===== OCCUPANCY RESULTS =====
Total cells: 5250
Excluded cells: 699
Valid cells: 4551
Visited cells: 4329
Occupancy %: 95.12%
MAX_TIME used: 1144.15 s
===== OCCUPANCY RESULTS =====
Total cells: 5250
Excluded cells: 699
Valid cells: 4551
Visited cells: 4329
Occupancy %: 95.12%
MAX_TIME used: 1144.15 s
===== OCCUPANCY RESULTS =====
Total cells: 5250
Excluded cells: 699
Valid cells: 4551
Visited cells: 4329
Occupancy %: 95.12%
MAX_TIME used: 1144.15 s
===== OCCUPANCY RESULTS =====
Total cells: 5250
Excluded cells: 699
Valid cells: 4551
Visited cells: 4329
Occupancy %: 95.12%
MAX_TIME used: 1144.15 s
===== OCCUPANCY RESULTS =====
Total cells: 5250
Excluded cells: 699
Valid cells: 4551
Visited cells: 4329
Occupancy %: 95.12%
MAX_TIME used: 1144.15 s
===== OCCUPANCY RESULTS =====
Total cells: 5250
Excluded cells: 699
Valid cells: 4551
Visited cells: 4329
Occupancy %: 95.12%
MAX_TIME used: 1144.15 s
===== GEOMETRIC COVERAGE RESULTS =====
Total world area: 210.0000 m²
Excluded area: 23.3000 m²
Valid area: 186.7000 m²
Covered area: 173.4415 m²
Uncovered area: 13.2585 m²
Coverage: 92.8985%
MAX_TIME used: 1144.15 s
===== GEOMETRIC COVERAGE RESULTS =====
Total world area: 210.0000 m²
Excluded area: 23.3000 m²
Valid area: 186.7000 m²
Covered area: 173.4415 m²
Uncovered area: 13.2585 m²
Coverage: 92.8985%
MAX_TIME used: 1144.15 s
===== GEOMETRIC COVERAGE RESULTS =====
Total world area: 210.0000 m²
Excluded area: 23.3000 m²
Valid area: 186.7000 m²
Covered area: 173.4415 m²
Uncovered area: 13.2585 m²
Coverage: 92.8985%
MAX_TIME used: 1144.15 s
===== GEOMETRIC COVERAGE RESULTS =====
Total world area: 210.0000 m²
Excluded area: 23.3000 m²
Valid area: 186.7000 m²
Covered area: 173.4415 m²
Uncovered area: 13.2585 m²
Coverage: 92.8985%
MAX_TIME used: 1144.15 s
===== GEOMETRIC COVERAGE RESULTS =====
Total world area: 210.0000 m²
Excluded area: 23.3000 m²
Valid area: 186.7000 m²
Covered area: 173.4415 m²
Uncovered area: 13.2585 m²
Coverage: 92.8985%
MAX_TIME used: 1144.15 s
===== GEOMETRIC COVERAGE RESULTS =====
Total world area: 210.0000 m²
Excluded area: 23.3000 m²
Valid area: 186.7000 m²
Covered area: 173.4415 m²
Uncovered area: 13.2585 m²
Coverage: 92.8985%
MAX_TIME used: 1144.15 s
===== GEOMETRIC COVERAGE RESULTS =====
Total world area: 210.0000 m²
Excluded area: 23.3000 m²
Valid area: 186.7000 m²
Covered area: 173.4415 m²
Uncovered area: 13.2585 m²
Coverage: 92.8985%
MAX_TIME used: 1144.15 s
===== GEOMETRIC COVERAGE RESULTS =====
Total world area: 210.0000 m²
Excluded area: 23.3000 m²
Valid area: 186.7000 m²
Covered area: 173.4415 m²
Uncovered area: 13.2585 m²
Coverage: 92.8985%
MAX_TIME used: 1144.15 s
===== GEOMETRIC COVERAGE RESULTS =====
Total world area: 210.0000 m²
Excluded area: 23.3000 m²
Valid area: 186.7000 m²
Covered area: 173.4415 m²
Uncovered area: 13.2585 m²
Coverage: 92.8985%
MAX_TIME used: 1144.15 s
===== GEOMETRIC COVERAGE RESULTS =====
Total world area: 210.0000 m²
Excluded area: 23.3000 m²
Valid area: 186.7000 m²
Covered area: 173.4415 m²
Uncovered area: 13.2585 m²
Coverage: 92.8985%
MAX_TIME used: 1144.15 s
===== GEOMETRIC COVERAGE RESULTS =====
Total world area: 210.0000 m²
Excluded area: 23.3000 m²
Valid area: 186.7000 m²
Covered area: 173.4415 m²
Uncovered area: 13.2585 m²
Coverage: 92.8985%
MAX_TIME used: 1144.15 s
===== GEOMETRIC COVERAGE RESULTS =====
Total world area: 210.0000 m²
Excluded area: 23.3000 m²
Valid area: 186.7000 m²
Covered area: 173.4415 m²
Uncovered area: 13.2585 m²
Coverage: 92.8985%
MAX_TIME used: 1144.15 s
===== GEOMETRIC COVERAGE RESULTS =====
Total world area: 210.0000 m²
Excluded area: 23.3000 m²
Valid area: 186.7000 m²
Covered area: 173.4415 m²
Uncovered area: 13.2585 m²
Coverage: 92.8985%
MAX_TIME used: 1144.15 s
===== GEOMETRIC COVERAGE RESULTS =====
Total world area: 210.0000 m²
Excluded area: 23.3000 m²
Valid area: 186.7000 m²
Covered area: 173.4415 m²
Uncovered area: 13.2585 m²
Coverage: 92.8985%
MAX_TIME used: 1144.15 s
===== GEOMETRIC COVERAGE RESULTS =====
Total world area: 210.0000 m²
Excluded area: 23.3000 m²
Valid area: 186.7000 m²
Covered area: 173.4415 m²
Uncovered area: 13.2585 m²
Coverage: 92.8985%
MAX_TIME used: 1144.15 s
===== GEOMETRIC COVERAGE RESULTS =====
Total world area: 210.0000 m²
Excluded area: 23.3000 m²
Valid area: 186.7000 m²
Covered area: 173.4415 m²
Uncovered area: 13.2585 m²
Coverage: 92.8985%
MAX_TIME used: 1144.15 s
===== GEOMETRIC COVERAGE RESULTS =====
Total world area: 210.0000 m²
Excluded area: 23.3000 m²
Valid area: 186.7000 m²
Covered area: 173.4415 m²
Uncovered area: 13.2585 m²
Coverage: 92.8985%
MAX_TIME used: 1144.15 s
===== GEOMETRIC COVERAGE RESULTS =====
Total world area: 210.0000 m²
Excluded area: 23.3000 m²
Valid area: 186.7000 m²
Covered area: 173.4415 m²
Uncovered area: 13.2585 m²
Coverage: 92.8985%
MAX_TIME used: 1144.15 s
===== GEOMETRIC COVERAGE RESULTS =====
Total world area: 210.0000 m²
Excluded area: 23.3000 m²
Valid area: 186.7000 m²
Covered area: 173.4415 m²
Uncovered area: 13.2585 m²
Coverage: 92.8985%
MAX_TIME used: 1144.15 s
===== GEOMETRIC COVERAGE RESULTS =====
Total world area: 210.0000 m²
Excluded area: 23.3000 m²
Valid area: 186.7000 m²
Covered area: 173.4415 m²
Uncovered area: 13.2585 m²
Coverage: 92.8985%
MAX_TIME used: 1144.15 s
===== GEOMETRIC COVERAGE RESULTS =====
Total world area: 210.0000 m²
Excluded area: 23.3000 m²
Valid area: 186.7000 m²
Covered area: 173.4415 m²
Uncovered area: 13.2585 m²
Coverage: 92.8985%
MAX_TIME used: 1144.15 s
===== GEOMETRIC COVERAGE RESULTS =====
Total world area: 210.0000 m²
Excluded area: 23.3000 m²
Valid area: 186.7000 m²
Covered area: 173.4415 m²
Uncovered area: 13.2585 m²
Coverage: 92.8985%
MAX_TIME used: 1144.15 s
===== GEOMETRIC COVERAGE RESULTS =====
Total world area: 210.0000 m²
Excluded area: 23.3000 m²
Valid area: 186.7000 m²
Covered area: 173.4415 m²
Uncovered area: 13.2585 m²
Coverage: 92.8985%
MAX_TIME used: 1144.15 s
===== GEOMETRIC COVERAGE RESULTS =====
Total world area: 210.0000 m²
Excluded area: 23.3000 m²
Valid area: 186.7000 m²
Covered area: 173.4415 m²
Uncovered area: 13.2585 m²
Coverage: 92.8985%
MAX_TIME used: 1144.15 s
===== GEOMETRIC COVERAGE RESULTS =====
Total world area: 210.0000 m²
Excluded area: 23.3000 m²
Valid area: 186.7000 m²
Covered area: 173.4415 m²
Uncovered area: 13.2585 m²
Coverage: 92.8985%
MAX_TIME used: 1144.15 s
===== GEOMETRIC COVERAGE RESULTS =====
Total world area: 210.0000 m²
Excluded area: 23.3000 m²
Valid area: 186.7000 m²
Covered area: 173.4415 m²
Uncovered area: 13.2585 m²
Coverage: 92.8985%
MAX_TIME used: 1144.15 s
===== GEOMETRIC COVERAGE RESULTS =====
Total world area: 210.0000 m²
Excluded area: 23.3000 m²
Valid area: 186.7000 m²
Covered area: 173.4415 m²
Uncovered area: 13.2585 m²
Coverage: 92.8985%
MAX_TIME used: 1144.15 s
===== GEOMETRIC COVERAGE RESULTS =====
Total world area: 210.0000 m²
Excluded area: 23.3000 m²
Valid area: 186.7000 m²
Covered area: 173.4415 m²
Uncovered area: 13.2585 m²
Coverage: 92.8985%
MAX_TIME used: 1144.15 s
===== GEOMETRIC COVERAGE RESULTS =====
Total world area: 210.0000 m²
Excluded area: 23.3000 m²
Valid area: 186.7000 m²
Covered area: 173.4415 m²
Uncovered area: 13.2585 m²
Coverage: 92.8985%
MAX_TIME used: 1144.15 s
===== GEOMETRIC COVERAGE RESULTS =====
Total world area: 210.0000 m²
Excluded area: 23.3000 m²
Valid area: 186.7000 m²
Covered area: 173.4415 m²
Uncovered area: 13.2585 m²
Coverage: 92.8985%
MAX_TIME used: 1144.15 s
===== GEOMETRIC COVERAGE RESULTS =====
Total world area: 210.0000 m²
Excluded area: 23.3000 m²
Valid area: 186.7000 m²
Covered area: 173.4415 m²
Uncovered area: 13.2585 m²
Coverage: 92.8985%
MAX_TIME used: 1144.15 s
===== GEOMETRIC COVERAGE RESULTS =====
Total world area: 210.0000 m²
Excluded area: 23.3000 m²
Valid area: 186.7000 m²
Covered area: 173.4415 m²
Uncovered area: 13.2585 m²
Coverage: 92.8985%
MAX_TIME used: 1144.15 s
===== GEOMETRIC COVERAGE RESULTS =====
Total world area: 210.0000 m²
Excluded area: 23.3000 m²
Valid area: 186.7000 m²
Covered area: 173.4415 m²
Uncovered area: 13.2585 m²
Coverage: 92.8985%
MAX_TIME used: 1144.15 s
===== GEOMETRIC COVERAGE RESULTS =====
Total world area: 210.0000 m²
Excluded area: 23.3000 m²
Valid area: 186.7000 m²
Covered area: 173.4415 m²
Uncovered area: 13.2585 m²
Coverage: 92.8985%
MAX_TIME used: 1144.15 s
===== GEOMETRIC COVERAGE RESULTS =====
Total world area: 210.0000 m²
Excluded area: 23.3000 m²
Valid area: 186.7000 m²
Covered area: 173.4415 m²
Uncovered area: 13.2585 m²
Coverage: 92.8985%
MAX_TIME used: 1144.15 s
===== GEOMETRIC COVERAGE RESULTS =====
Total world area: 210.0000 m²
Excluded area: 23.3000 m²
Valid area: 186.7000 m²
Covered area: 173.4415 m²
Uncovered area: 13.2585 m²
Coverage: 92.8985%
MAX_TIME used: 1144.15 s
===== GEOMETRIC COVERAGE RESULTS =====
Total world area: 210.0000 m²
Excluded area: 23.3000 m²
Valid area: 186.7000 m²
Covered area: 173.4415 m²
Uncovered area: 13.2585 m²
Coverage: 92.8985%
