========== RESULTS ==========

Robot 1
Time near waypoint : 283.85 s
Heading to waypoint: 30.50%

Robot 2
Time near waypoint : 341.90 s
Heading to waypoint: 23.81%

Robot 3
Time near waypoint : 494.15 s
Heading to waypoint: 27.62%


========== WAYPOINT VISITS ==========

Robot 1
  WP1: 3 visits
  WP2: 1 visits
  WP3: 1 visits
  WP4: 1 visits
  WP5: 1 visits

Robot 2
  WP1: 3 visits
  WP2: 1 visits
  WP3: 5 visits
  WP4: 1 visits
  WP5: 2 visits

Robot 3
  WP1: 7 visits
  WP2: 1 visits
  WP3: 2 visits
  WP4: 2 visits
  WP5: 4 visits

Total visits per waypoint:
  WP1: 13 visits
  WP2: 3 visits
  WP3: 8 visits
  WP4: 4 visits
  WP5: 7 visits

