MAX_TIME used: 460.85 s
===== OCCUPANCY RESULTS =====
Total cells: 5250
Excluded cells: 699
Valid cells: 4551
Visited cells: 4397
Occupancy %: 96.62%
MAX_TIME used: 460.85 s
===== OCCUPANCY RESULTS =====
Total cells: 5250
Excluded cells: 699
Valid cells: 4551
Visited cells: 4397
Occupancy %: 96.62%
MAX_TIME used: 460.85 s
===== OCCUPANCY RESULTS =====
Total cells: 5250
Excluded cells: 699
Valid cells: 4551
Visited cells: 4397
Occupancy %: 96.62%
MAX_TIME used: 460.85 s
===== OCCUPANCY RESULTS =====
Total cells: 5250
Excluded cells: 699
Valid cells: 4551
Visited cells: 4397
Occupancy %: 96.62%
MAX_TIME used: 460.85 s
===== OCCUPANCY RESULTS =====
Total cells: 5250
Excluded cells: 699
Valid cells: 4551
Visited cells: 4397
Occupancy %: 96.62%
MAX_TIME used: 460.85 s
===== OCCUPANCY RESULTS =====
Total cells: 5250
Excluded cells: 699
Valid cells: 4551
Visited cells: 4397
Occupancy %: 96.62%
MAX_TIME used: 460.85 s
===== OCCUPANCY RESULTS =====
Total cells: 5250
Excluded cells: 699
Valid cells: 4551
Visited cells: 4397
Occupancy %: 96.62%
MAX_TIME used: 460.85 s
===== OCCUPANCY RESULTS =====
Total cells: 5250
Excluded cells: 699
Valid cells: 4551
Visited cells: 4397
Occupancy %: 96.62%
MAX_TIME used: 460.85 s
===== GEOMETRIC COVERAGE RESULTS =====
Total world area: 210.0000 m²
Excluded area: 23.3000 m²
Valid area: 186.7000 m²
Covered area: 176.9019 m²
Uncovered area: 9.7981 m²
Coverage: 94.7519%
MAX_TIME used: 460.85 s
===== GEOMETRIC COVERAGE RESULTS =====
Total world area: 210.0000 m²
Excluded area: 23.3000 m²
Valid area: 186.7000 m²
Covered area: 176.9019 m²
Uncovered area: 9.7981 m²
Coverage: 94.7519%
MAX_TIME used: 460.85 s
===== GEOMETRIC COVERAGE RESULTS =====
Total world area: 210.0000 m²
Excluded area: 23.3000 m²
Valid area: 186.7000 m²
Covered area: 176.9019 m²
Uncovered area: 9.7981 m²
Coverage: 94.7519%
MAX_TIME used: 460.85 s
===== GEOMETRIC COVERAGE RESULTS =====
Total world area: 210.0000 m²
Excluded area: 23.3000 m²
Valid area: 186.7000 m²
Covered area: 176.9019 m²
Uncovered area: 9.7981 m²
Coverage: 94.7519%
MAX_TIME used: 460.85 s
===== GEOMETRIC COVERAGE RESULTS =====
Total world area: 210.0000 m²
Excluded area: 23.3000 m²
Valid area: 186.7000 m²
Covered area: 176.9019 m²
Uncovered area: 9.7981 m²
Coverage: 94.7519%
MAX_TIME used: 460.85 s
===== GEOMETRIC COVERAGE RESULTS =====
Total world area: 210.0000 m²
Excluded area: 23.3000 m²
Valid area: 186.7000 m²
Covered area: 176.9019 m²
Uncovered area: 9.7981 m²
Coverage: 94.7519%
MAX_TIME used: 460.85 s
===== GEOMETRIC COVERAGE RESULTS =====
Total world area: 210.0000 m²
Excluded area: 23.3000 m²
Valid area: 186.7000 m²
Covered area: 176.9019 m²
Uncovered area: 9.7981 m²
Coverage: 94.7519%
MAX_TIME used: 460.85 s
===== GEOMETRIC COVERAGE RESULTS =====
Total world area: 210.0000 m²
Excluded area: 23.3000 m²
Valid area: 186.7000 m²
Covered area: 176.9019 m²
Uncovered area: 9.7981 m²
Coverage: 94.7519%
MAX_TIME used: 460.85 s
===== GEOMETRIC COVERAGE RESULTS =====
Total world area: 210.0000 m²
Excluded area: 23.3000 m²
Valid area: 186.7000 m²
Covered area: 176.9019 m²
Uncovered area: 9.7981 m²
Coverage: 94.7519%
MAX_TIME used: 460.85 s
===== GEOMETRIC COVERAGE RESULTS =====
Total world area: 210.0000 m²
Excluded area: 23.3000 m²
Valid area: 186.7000 m²
Covered area: 176.9019 m²
Uncovered area: 9.7981 m²
Coverage: 94.7519%
MAX_TIME used: 460.85 s
===== GEOMETRIC COVERAGE RESULTS =====
Total world area: 210.0000 m²
Excluded area: 23.3000 m²
Valid area: 186.7000 m²
Covered area: 176.9019 m²
Uncovered area: 9.7981 m²
Coverage: 94.7519%
MAX_TIME used: 460.85 s
===== GEOMETRIC COVERAGE RESULTS =====
Total world area: 210.0000 m²
Excluded area: 23.3000 m²
Valid area: 186.7000 m²
Covered area: 176.9019 m²
Uncovered area: 9.7981 m²
Coverage: 94.7519%
MAX_TIME used: 460.85 s
===== GEOMETRIC COVERAGE RESULTS =====
Total world area: 210.0000 m²
Excluded area: 23.3000 m²
Valid area: 186.7000 m²
Covered area: 176.9019 m²
Uncovered area: 9.7981 m²
Coverage: 94.7519%
MAX_TIME used: 460.85 s
===== GEOMETRIC COVERAGE RESULTS =====
Total world area: 210.0000 m²
Excluded area: 23.3000 m²
Valid area: 186.7000 m²
Covered area: 176.9019 m²
Uncovered area: 9.7981 m²
Coverage: 94.7519%
MAX_TIME used: 460.85 s
===== GEOMETRIC COVERAGE RESULTS =====
Total world area: 210.0000 m²
Excluded area: 23.3000 m²
Valid area: 186.7000 m²
Covered area: 176.9019 m²
Uncovered area: 9.7981 m²
Coverage: 94.7519%
MAX_TIME used: 460.85 s
===== GEOMETRIC COVERAGE RESULTS =====
Total world area: 210.0000 m²
Excluded area: 23.3000 m²
Valid area: 186.7000 m²
Covered area: 176.9019 m²
Uncovered area: 9.7981 m²
Coverage: 94.7519%
MAX_TIME used: 460.85 s
===== GEOMETRIC COVERAGE RESULTS =====
Total world area: 210.0000 m²
Excluded area: 23.3000 m²
Valid area: 186.7000 m²
Covered area: 176.9019 m²
Uncovered area: 9.7981 m²
Coverage: 94.7519%
MAX_TIME used: 460.85 s
===== GEOMETRIC COVERAGE RESULTS =====
Total world area: 210.0000 m²
Excluded area: 23.3000 m²
Valid area: 186.7000 m²
Covered area: 176.9019 m²
Uncovered area: 9.7981 m²
Coverage: 94.7519%
MAX_TIME used: 460.85 s
===== GEOMETRIC COVERAGE RESULTS =====
Total world area: 210.0000 m²
Excluded area: 23.3000 m²
Valid area: 186.7000 m²
Covered area: 176.9019 m²
Uncovered area: 9.7981 m²
Coverage: 94.7519%
