==========================================
 ACCURATE GEOMETRIC COVERAGE CALCULATION
==========================================
Experiment: /home/gonazza/container_ws/catkin_ws/src/indoor_bot/indoor_bot/config2/exp_equal4
Robot radius: 2.50 m

MAX_TIME used: 1002.85 s
===== GEOMETRIC COVERAGE RESULTS =====
Total world area: 210.0000 m²
Excluded area: 23.3000 m²
Valid area: 186.7000 m²
Covered area: 164.7622 m²
Uncovered area: 21.9378 m²
Coverage: 88.2497%
MAX_TIME used: 1002.85 s
===== GEOMETRIC COVERAGE RESULTS =====
Configuration: config2
Experiment: exp_equal4
Total world area: 210.0000 m²
Excluded area: 23.3000 m²
Valid area: 186.7000 m²
Covered area: 164.7622 m²
Uncovered area: 21.9378 m²
Coverage: 88.2497%
MAX_TIME used: 1002.85 s
===== GEOMETRIC COVERAGE RESULTS =====
Configuration: config2
Experiment: exp_equal4
Total world area: 210.0000 m²
Excluded area: 23.3000 m²
Valid area: 186.7000 m²
Covered area: 164.7622 m²
Uncovered area: 21.9378 m²
Coverage: 88.2497%
