MAX_TIME used: 960.25 s
===== OCCUPANCY RESULTS =====
Total cells: 5250
Excluded cells: 699
Valid cells: 4551
Visited cells: 4019
Occupancy %: 88.31%
MAX_TIME used: 960.25 s
===== OCCUPANCY RESULTS =====
Total cells: 5250
Excluded cells: 699
Valid cells: 4551
Visited cells: 4019
Occupancy %: 88.31%
MAX_TIME used: 960.25 s
===== OCCUPANCY RESULTS =====
Total cells: 5250
Excluded cells: 699
Valid cells: 4551
Visited cells: 4019
Occupancy %: 88.31%
MAX_TIME used: 960.25 s
===== OCCUPANCY RESULTS =====
Total cells: 5250
Excluded cells: 699
Valid cells: 4551
Visited cells: 4019
Occupancy %: 88.31%
MAX_TIME used: 960.25 s
===== OCCUPANCY RESULTS =====
Total cells: 5250
Excluded cells: 699
Valid cells: 4551
Visited cells: 4019
Occupancy %: 88.31%
MAX_TIME used: 960.25 s
===== OCCUPANCY RESULTS =====
Total cells: 5250
Excluded cells: 699
Valid cells: 4551
Visited cells: 4019
Occupancy %: 88.31%
MAX_TIME used: 960.25 s
===== OCCUPANCY RESULTS =====
Total cells: 5250
Excluded cells: 699
Valid cells: 4551
Visited cells: 4019
Occupancy %: 88.31%
MAX_TIME used: 960.25 s
===== OCCUPANCY RESULTS =====
Total cells: 5250
Excluded cells: 699
Valid cells: 4551
Visited cells: 4019
Occupancy %: 88.31%
MAX_TIME used: 960.25 s
===== GEOMETRIC COVERAGE RESULTS =====
Total world area: 210.0000 m²
Excluded area: 23.3000 m²
Valid area: 186.7000 m²
Covered area: 159.6368 m²
Uncovered area: 27.0632 m²
Coverage: 85.5044%
