==========================================
 ACCURATE GEOMETRIC COVERAGE CALCULATION
==========================================
Experiment: /home/gonazza/container_ws/catkin_ws/src/indoor_bot/indoor_bot/config1/exp_reward4
Robot radius: 2.50 m

MAX_TIME used: 634.00 s
===== GEOMETRIC COVERAGE RESULTS =====
Total world area: 210.0000 m²
Excluded area: 23.3000 m²
Valid area: 186.7000 m²
Covered area: 175.0981 m²
Uncovered area: 11.6019 m²
Coverage: 93.7858%
MAX_TIME used: 634.00 s
===== GEOMETRIC COVERAGE RESULTS =====
Configuration: config1
Experiment: exp_reward4
Total world area: 210.0000 m²
Excluded area: 23.3000 m²
Valid area: 186.7000 m²
Covered area: 175.0981 m²
Uncovered area: 11.6019 m²
Coverage: 93.7858%
