========== RESULTS ==========

Robot 1
Time near waypoint : 377.55 s
Heading to waypoint: 34.25%

Robot 2
Time near waypoint : 481.90 s
Heading to waypoint: 32.80%

Robot 3
Time near waypoint : 265.85 s
Heading to waypoint: 41.21%


========== WAYPOINT VISITS ==========

Robot 1
  WP1: 3 visits
  WP2: 3 visits
  WP3: 2 visits
  WP4: 2 visits
  WP5: 2 visits

Robot 2
  WP1: 4 visits
  WP2: 1 visits
  WP3: 2 visits
  WP4: 3 visits
  WP5: 2 visits

Robot 3
  WP1: 2 visits
  WP2: 1 visits
  WP3: 3 visits
  WP4: 1 visits
  WP5: 2 visits

Total visits per waypoint:
  WP1: 9 visits
  WP2: 5 visits
  WP3: 7 visits
  WP4: 6 visits
  WP5: 6 visits

