========== RESULTS ==========

Robot 1
Time near waypoint : 388.75 s
Heading to waypoint: 30.30%

Robot 2
Time near waypoint : 253.45 s
Heading to waypoint: 27.20%

Robot 3
Time near waypoint : 366.70 s
Heading to waypoint: 26.19%


========== WAYPOINT VISITS ==========

Robot 1
  WP1: 5 visits
  WP2: 1 visits
  WP3: 3 visits
  WP4: 1 visits
  WP5: 1 visits

Robot 2
  WP1: 3 visits
  WP2: 1 visits
  WP3: 2 visits
  WP4: 1 visits
  WP5: 3 visits

Robot 3
  WP1: 3 visits
  WP2: 1 visits
  WP3: 3 visits
  WP4: 2 visits
  WP5: 3 visits

Total visits per waypoint:
  WP1: 11 visits
  WP2: 3 visits
  WP3: 8 visits
  WP4: 4 visits
  WP5: 7 visits

