MAX_TIME used: 396.70 s
===== OCCUPANCY RESULTS =====
Total cells: 5250
Excluded cells: 699
Valid cells: 4551
Visited cells: 4281
Occupancy %: 94.07%
MAX_TIME used: 396.70 s
===== OCCUPANCY RESULTS =====
Total cells: 5250
Excluded cells: 699
Valid cells: 4551
Visited cells: 4281
Occupancy %: 94.07%
MAX_TIME used: 396.70 s
===== OCCUPANCY RESULTS =====
Total cells: 5250
Excluded cells: 699
Valid cells: 4551
Visited cells: 4281
Occupancy %: 94.07%
MAX_TIME used: 396.70 s
===== OCCUPANCY RESULTS =====
Total cells: 5250
Excluded cells: 699
Valid cells: 4551
Visited cells: 4281
Occupancy %: 94.07%
MAX_TIME used: 396.70 s
===== OCCUPANCY RESULTS =====
Total cells: 5250
Excluded cells: 699
Valid cells: 4551
Visited cells: 4281
Occupancy %: 94.07%
MAX_TIME used: 396.70 s
===== OCCUPANCY RESULTS =====
Total cells: 5250
Excluded cells: 699
Valid cells: 4551
Visited cells: 4281
Occupancy %: 94.07%
MAX_TIME used: 396.70 s
===== OCCUPANCY RESULTS =====
Total cells: 5250
Excluded cells: 699
Valid cells: 4551
Visited cells: 4281
Occupancy %: 94.07%
MAX_TIME used: 396.70 s
===== OCCUPANCY RESULTS =====
Total cells: 5250
Excluded cells: 699
Valid cells: 4551
Visited cells: 4281
Occupancy %: 94.07%
MAX_TIME used: 396.70 s
===== GEOMETRIC COVERAGE RESULTS =====
Total world area: 210.0000 m²
Excluded area: 23.3000 m²
Valid area: 186.7000 m²
Covered area: 170.6842 m²
Uncovered area: 16.0158 m²
Coverage: 91.4217%
MAX_TIME used: 396.70 s
===== GEOMETRIC COVERAGE RESULTS =====
Total world area: 210.0000 m²
Excluded area: 23.3000 m²
Valid area: 186.7000 m²
Covered area: 170.6842 m²
Uncovered area: 16.0158 m²
Coverage: 91.4217%
MAX_TIME used: 396.70 s
===== GEOMETRIC COVERAGE RESULTS =====
Total world area: 210.0000 m²
Excluded area: 23.3000 m²
Valid area: 186.7000 m²
Covered area: 170.6842 m²
Uncovered area: 16.0158 m²
Coverage: 91.4217%
MAX_TIME used: 396.70 s
===== GEOMETRIC COVERAGE RESULTS =====
Total world area: 210.0000 m²
Excluded area: 23.3000 m²
Valid area: 186.7000 m²
Covered area: 170.6842 m²
Uncovered area: 16.0158 m²
Coverage: 91.4217%
MAX_TIME used: 396.70 s
===== GEOMETRIC COVERAGE RESULTS =====
Total world area: 210.0000 m²
Excluded area: 23.3000 m²
Valid area: 186.7000 m²
Covered area: 170.6842 m²
Uncovered area: 16.0158 m²
Coverage: 91.4217%
MAX_TIME used: 396.70 s
===== GEOMETRIC COVERAGE RESULTS =====
Total world area: 210.0000 m²
Excluded area: 23.3000 m²
Valid area: 186.7000 m²
Covered area: 170.6842 m²
Uncovered area: 16.0158 m²
Coverage: 91.4217%
MAX_TIME used: 396.70 s
===== GEOMETRIC COVERAGE RESULTS =====
Total world area: 210.0000 m²
Excluded area: 23.3000 m²
Valid area: 186.7000 m²
Covered area: 170.6842 m²
Uncovered area: 16.0158 m²
Coverage: 91.4217%
MAX_TIME used: 396.70 s
===== GEOMETRIC COVERAGE RESULTS =====
Total world area: 210.0000 m²
Excluded area: 23.3000 m²
Valid area: 186.7000 m²
Covered area: 170.6842 m²
Uncovered area: 16.0158 m²
Coverage: 91.4217%
MAX_TIME used: 396.70 s
===== GEOMETRIC COVERAGE RESULTS =====
Total world area: 210.0000 m²
Excluded area: 23.3000 m²
Valid area: 186.7000 m²
Covered area: 170.6842 m²
Uncovered area: 16.0158 m²
Coverage: 91.4217%
MAX_TIME used: 396.70 s
===== GEOMETRIC COVERAGE RESULTS =====
Total world area: 210.0000 m²
Excluded area: 23.3000 m²
Valid area: 186.7000 m²
Covered area: 170.6842 m²
Uncovered area: 16.0158 m²
Coverage: 91.4217%
MAX_TIME used: 396.70 s
===== GEOMETRIC COVERAGE RESULTS =====
Total world area: 210.0000 m²
Excluded area: 23.3000 m²
Valid area: 186.7000 m²
Covered area: 170.6842 m²
Uncovered area: 16.0158 m²
Coverage: 91.4217%
MAX_TIME used: 396.70 s
===== GEOMETRIC COVERAGE RESULTS =====
Total world area: 210.0000 m²
Excluded area: 23.3000 m²
Valid area: 186.7000 m²
Covered area: 170.6842 m²
Uncovered area: 16.0158 m²
Coverage: 91.4217%
MAX_TIME used: 396.70 s
===== GEOMETRIC COVERAGE RESULTS =====
Total world area: 210.0000 m²
Excluded area: 23.3000 m²
Valid area: 186.7000 m²
Covered area: 170.6842 m²
Uncovered area: 16.0158 m²
Coverage: 91.4217%
MAX_TIME used: 396.70 s
===== GEOMETRIC COVERAGE RESULTS =====
Total world area: 210.0000 m²
Excluded area: 23.3000 m²
Valid area: 186.7000 m²
Covered area: 170.6842 m²
Uncovered area: 16.0158 m²
Coverage: 91.4217%
MAX_TIME used: 396.70 s
===== GEOMETRIC COVERAGE RESULTS =====
Total world area: 210.0000 m²
Excluded area: 23.3000 m²
Valid area: 186.7000 m²
Covered area: 170.6842 m²
Uncovered area: 16.0158 m²
Coverage: 91.4217%
MAX_TIME used: 396.70 s
===== GEOMETRIC COVERAGE RESULTS =====
Total world area: 210.0000 m²
Excluded area: 23.3000 m²
Valid area: 186.7000 m²
Covered area: 170.6842 m²
Uncovered area: 16.0158 m²
Coverage: 91.4217%
MAX_TIME used: 396.70 s
===== GEOMETRIC COVERAGE RESULTS =====
Total world area: 210.0000 m²
Excluded area: 23.3000 m²
Valid area: 186.7000 m²
Covered area: 170.6842 m²
Uncovered area: 16.0158 m²
Coverage: 91.4217%
MAX_TIME used: 396.70 s
===== GEOMETRIC COVERAGE RESULTS =====
Total world area: 210.0000 m²
Excluded area: 23.3000 m²
Valid area: 186.7000 m²
Covered area: 170.6842 m²
Uncovered area: 16.0158 m²
Coverage: 91.4217%
MAX_TIME used: 396.70 s
===== GEOMETRIC COVERAGE RESULTS =====
Total world area: 210.0000 m²
Excluded area: 23.3000 m²
Valid area: 186.7000 m²
Covered area: 170.6842 m²
Uncovered area: 16.0158 m²
Coverage: 91.4217%
MAX_TIME used: 396.70 s
===== GEOMETRIC COVERAGE RESULTS =====
Total world area: 210.0000 m²
Excluded area: 23.3000 m²
Valid area: 186.7000 m²
Covered area: 170.6842 m²
Uncovered area: 16.0158 m²
Coverage: 91.4217%
MAX_TIME used: 396.70 s
===== GEOMETRIC COVERAGE RESULTS =====
Total world area: 210.0000 m²
Excluded area: 23.3000 m²
Valid area: 186.7000 m²
Covered area: 170.6842 m²
Uncovered area: 16.0158 m²
Coverage: 91.4217%
MAX_TIME used: 396.70 s
===== GEOMETRIC COVERAGE RESULTS =====
Total world area: 210.0000 m²
Excluded area: 23.3000 m²
Valid area: 186.7000 m²
Covered area: 170.6842 m²
Uncovered area: 16.0158 m²
Coverage: 91.4217%
MAX_TIME used: 396.70 s
===== GEOMETRIC COVERAGE RESULTS =====
Total world area: 210.0000 m²
Excluded area: 23.3000 m²
Valid area: 186.7000 m²
Covered area: 170.6842 m²
Uncovered area: 16.0158 m²
Coverage: 91.4217%
MAX_TIME used: 396.70 s
===== GEOMETRIC COVERAGE RESULTS =====
Total world area: 210.0000 m²
Excluded area: 23.3000 m²
Valid area: 186.7000 m²
Covered area: 170.6842 m²
Uncovered area: 16.0158 m²
Coverage: 91.4217%
MAX_TIME used: 396.70 s
===== GEOMETRIC COVERAGE RESULTS =====
Total world area: 210.0000 m²
Excluded area: 23.3000 m²
Valid area: 186.7000 m²
Covered area: 170.6842 m²
Uncovered area: 16.0158 m²
Coverage: 91.4217%
MAX_TIME used: 396.70 s
===== GEOMETRIC COVERAGE RESULTS =====
Total world area: 210.0000 m²
Excluded area: 23.3000 m²
Valid area: 186.7000 m²
Covered area: 170.6842 m²
Uncovered area: 16.0158 m²
Coverage: 91.4217%
MAX_TIME used: 396.70 s
===== GEOMETRIC COVERAGE RESULTS =====
Total world area: 210.0000 m²
Excluded area: 23.3000 m²
Valid area: 186.7000 m²
Covered area: 170.6842 m²
Uncovered area: 16.0158 m²
Coverage: 91.4217%
