========== RESULTS ==========

Robot 1
Time near waypoint : 287.30 s
Heading to waypoint: 32.41%

Robot 2
Time near waypoint : 293.45 s
Heading to waypoint: 23.56%

Robot 3
Time near waypoint : 330.60 s
Heading to waypoint: 26.91%


========== WAYPOINT VISITS ==========

Robot 1
  WP1: 3 visits
  WP2: 1 visits
  WP3: 2 visits
  WP4: 1 visits
  WP5: 1 visits

Robot 2
  WP1: 4 visits
  WP2: 1 visits
  WP3: 3 visits
  WP4: 1 visits
  WP5: 4 visits

Robot 3
  WP1: 3 visits
  WP2: 1 visits
  WP3: 2 visits
  WP4: 2 visits
  WP5: 3 visits

Total visits per waypoint:
  WP1: 10 visits
  WP2: 3 visits
  WP3: 7 visits
  WP4: 4 visits
  WP5: 8 visits

