==========================================
 ACCURATE GEOMETRIC COVERAGE CALCULATION
==========================================
Experiment: /home/gonazza/container_ws/catkin_ws/src/indoor_bot/indoor_bot/config3/exp_reward8
Robot radius: 2.50 m

MAX_TIME used: 531.55 s
===== GEOMETRIC COVERAGE RESULTS =====
Total world area: 210.0000 m²
Excluded area: 23.3000 m²
Valid area: 186.7000 m²
Covered area: 158.3004 m²
Uncovered area: 28.3996 m²
Coverage: 84.7886%
MAX_TIME used: 531.55 s
===== GEOMETRIC COVERAGE RESULTS =====
Configuration: config3
Experiment: exp_reward8
Total world area: 210.0000 m²
Excluded area: 23.3000 m²
Valid area: 186.7000 m²
Covered area: 158.3004 m²
Uncovered area: 28.3996 m²
Coverage: 84.7886%
