==========================================
 ACCURATE GEOMETRIC COVERAGE CALCULATION
==========================================
Experiment: /home/gonazza/container_ws/catkin_ws/src/indoor_bot/indoor_bot/config1/exp_reward3
Robot radius: 2.50 m

MAX_TIME used: 960.25 s
===== GEOMETRIC COVERAGE RESULTS =====
Total world area: 210.0000 m²
Excluded area: 23.3000 m²
Valid area: 186.7000 m²
Covered area: 159.6368 m²
Uncovered area: 27.0632 m²
Coverage: 85.5044%
MAX_TIME used: 960.25 s
===== GEOMETRIC COVERAGE RESULTS =====
Configuration: config1
Experiment: exp_reward3
Total world area: 210.0000 m²
Excluded area: 23.3000 m²
Valid area: 186.7000 m²
Covered area: 159.6368 m²
Uncovered area: 27.0632 m²
Coverage: 85.5044%
