========== RESULTS ==========

Robot 1
Time near waypoint : 287.15 s
Heading to waypoint: 30.57%

Robot 2
Time near waypoint : 354.80 s
Heading to waypoint: 26.89%

Robot 3
Time near waypoint : 365.20 s
Heading to waypoint: 25.39%


========== WAYPOINT VISITS ==========

Robot 1
  WP1: 3 visits
  WP2: 1 visits
  WP3: 1 visits
  WP4: 1 visits
  WP5: 1 visits

Robot 2
  WP1: 4 visits
  WP2: 1 visits
  WP3: 2 visits
  WP4: 1 visits
  WP5: 2 visits

Robot 3
  WP1: 4 visits
  WP2: 1 visits
  WP3: 2 visits
  WP4: 2 visits
  WP5: 2 visits

Total visits per waypoint:
  WP1: 11 visits
  WP2: 3 visits
  WP3: 5 visits
  WP4: 4 visits
  WP5: 5 visits

