==========================================
 ACCURATE GEOMETRIC COVERAGE CALCULATION
==========================================
Experiment: /home/gonazza/container_ws/catkin_ws/src/indoor_bot/indoor_bot/config3/exp_equal4
Robot radius: 2.50 m

MAX_TIME used: 528.60 s
===== GEOMETRIC COVERAGE RESULTS =====
Total world area: 210.0000 m²
Excluded area: 23.3000 m²
Valid area: 186.7000 m²
Covered area: 161.8206 m²
Uncovered area: 24.8794 m²
Coverage: 86.6741%
MAX_TIME used: 528.60 s
===== GEOMETRIC COVERAGE RESULTS =====
Configuration: config3
Experiment: exp_equal4
Total world area: 210.0000 m²
Excluded area: 23.3000 m²
Valid area: 186.7000 m²
Covered area: 161.8206 m²
Uncovered area: 24.8794 m²
Coverage: 86.6741%
