==========================================
 ACCURATE GEOMETRIC COVERAGE CALCULATION
==========================================
Experiment: /home/gonazza/container_ws/catkin_ws/src/indoor_bot/indoor_bot/config1/exp_equal4
Robot radius: 2.50 m

MAX_TIME used: 1027.70 s
===== GEOMETRIC COVERAGE RESULTS =====
Total world area: 210.0000 m²
Excluded area: 23.3000 m²
Valid area: 186.7000 m²
Covered area: 175.2152 m²
Uncovered area: 11.4848 m²
Coverage: 93.8485%
MAX_TIME used: 1027.70 s
===== GEOMETRIC COVERAGE RESULTS =====
Configuration: config1
Experiment: exp_equal4
Total world area: 210.0000 m²
Excluded area: 23.3000 m²
Valid area: 186.7000 m²
Covered area: 175.2152 m²
Uncovered area: 11.4848 m²
Coverage: 93.8485%
MAX_TIME used: 1027.70 s
===== GEOMETRIC COVERAGE RESULTS =====
Configuration: config1
Experiment: exp_equal4
Total world area: 210.0000 m²
Excluded area: 23.3000 m²
Valid area: 186.7000 m²
Covered area: 175.2152 m²
Uncovered area: 11.4848 m²
Coverage: 93.8485%
