========== RESULTS ==========

Robot 1
Time near waypoint : 501.85 s
Heading to waypoint: 30.61%

Robot 2
Time near waypoint : 459.00 s
Heading to waypoint: 25.70%

Robot 3
Time near waypoint : 412.00 s
Heading to waypoint: 29.97%


========== WAYPOINT VISITS ==========

Robot 1
  WP1: 5 visits
  WP2: 1 visits
  WP3: 5 visits
  WP4: 2 visits
  WP5: 6 visits

Robot 2
  WP1: 3 visits
  WP2: 2 visits
  WP3: 3 visits
  WP4: 2 visits
  WP5: 2 visits

Robot 3
  WP1: 4 visits
  WP2: 2 visits
  WP3: 2 visits
  WP4: 2 visits
  WP5: 3 visits

Total visits per waypoint:
  WP1: 12 visits
  WP2: 5 visits
  WP3: 10 visits
  WP4: 6 visits
  WP5: 11 visits

