MAX_TIME used: 710.90 s
===== OCCUPANCY RESULTS =====
Total cells: 5250
Excluded cells: 699
Valid cells: 4551
Visited cells: 4318
Occupancy %: 94.88%
MAX_TIME used: 710.90 s
===== OCCUPANCY RESULTS =====
Total cells: 5250
Excluded cells: 699
Valid cells: 4551
Visited cells: 4318
Occupancy %: 94.88%
MAX_TIME used: 710.90 s
===== OCCUPANCY RESULTS =====
Total cells: 5250
Excluded cells: 699
Valid cells: 4551
Visited cells: 4318
Occupancy %: 94.88%
MAX_TIME used: 710.90 s
===== OCCUPANCY RESULTS =====
Total cells: 5250
Excluded cells: 699
Valid cells: 4551
Visited cells: 4318
Occupancy %: 94.88%
MAX_TIME used: 710.90 s
===== OCCUPANCY RESULTS =====
Total cells: 5250
Excluded cells: 699
Valid cells: 4551
Visited cells: 4318
Occupancy %: 94.88%
MAX_TIME used: 710.90 s
===== OCCUPANCY RESULTS =====
Total cells: 5250
Excluded cells: 699
Valid cells: 4551
Visited cells: 4318
Occupancy %: 94.88%
MAX_TIME used: 710.90 s
===== OCCUPANCY RESULTS =====
Total cells: 5250
Excluded cells: 699
Valid cells: 4551
Visited cells: 4318
Occupancy %: 94.88%
MAX_TIME used: 710.90 s
===== OCCUPANCY RESULTS =====
Total cells: 5250
Excluded cells: 699
Valid cells: 4551
Visited cells: 4318
Occupancy %: 94.88%
MAX_TIME used: 710.90 s
===== OCCUPANCY RESULTS =====
Total cells: 5250
Excluded cells: 699
Valid cells: 4551
Visited cells: 4318
Occupancy %: 94.88%
MAX_TIME used: 710.90 s
===== GEOMETRIC COVERAGE RESULTS =====
Total world area: 210.0000 m²
Excluded area: 23.3000 m²
Valid area: 186.7000 m²
Covered area: 172.8676 m²
Uncovered area: 13.8324 m²
Coverage: 92.5911%
MAX_TIME used: 710.90 s
===== GEOMETRIC COVERAGE RESULTS =====
Total world area: 210.0000 m²
Excluded area: 23.3000 m²
Valid area: 186.7000 m²
Covered area: 172.8676 m²
Uncovered area: 13.8324 m²
Coverage: 92.5911%
MAX_TIME used: 710.90 s
===== GEOMETRIC COVERAGE RESULTS =====
Total world area: 210.0000 m²
Excluded area: 23.3000 m²
Valid area: 186.7000 m²
Covered area: 172.8676 m²
Uncovered area: 13.8324 m²
Coverage: 92.5911%
MAX_TIME used: 710.90 s
===== GEOMETRIC COVERAGE RESULTS =====
Total world area: 210.0000 m²
Excluded area: 23.3000 m²
Valid area: 186.7000 m²
Covered area: 172.8676 m²
Uncovered area: 13.8324 m²
Coverage: 92.5911%
MAX_TIME used: 710.90 s
===== GEOMETRIC COVERAGE RESULTS =====
Total world area: 210.0000 m²
Excluded area: 23.3000 m²
Valid area: 186.7000 m²
Covered area: 172.8676 m²
Uncovered area: 13.8324 m²
Coverage: 92.5911%
MAX_TIME used: 710.90 s
===== GEOMETRIC COVERAGE RESULTS =====
Total world area: 210.0000 m²
Excluded area: 23.3000 m²
Valid area: 186.7000 m²
Covered area: 172.8676 m²
Uncovered area: 13.8324 m²
Coverage: 92.5911%
MAX_TIME used: 710.90 s
===== GEOMETRIC COVERAGE RESULTS =====
Total world area: 210.0000 m²
Excluded area: 23.3000 m²
Valid area: 186.7000 m²
Covered area: 172.8676 m²
Uncovered area: 13.8324 m²
Coverage: 92.5911%
MAX_TIME used: 710.90 s
===== GEOMETRIC COVERAGE RESULTS =====
Total world area: 210.0000 m²
Excluded area: 23.3000 m²
Valid area: 186.7000 m²
Covered area: 172.8676 m²
Uncovered area: 13.8324 m²
Coverage: 92.5911%
MAX_TIME used: 710.90 s
===== GEOMETRIC COVERAGE RESULTS =====
Total world area: 210.0000 m²
Excluded area: 23.3000 m²
Valid area: 186.7000 m²
Covered area: 172.8676 m²
Uncovered area: 13.8324 m²
Coverage: 92.5911%
MAX_TIME used: 710.90 s
===== GEOMETRIC COVERAGE RESULTS =====
Total world area: 210.0000 m²
Excluded area: 23.3000 m²
Valid area: 186.7000 m²
Covered area: 172.8676 m²
Uncovered area: 13.8324 m²
Coverage: 92.5911%
MAX_TIME used: 710.90 s
===== GEOMETRIC COVERAGE RESULTS =====
Total world area: 210.0000 m²
Excluded area: 23.3000 m²
Valid area: 186.7000 m²
Covered area: 172.8676 m²
Uncovered area: 13.8324 m²
Coverage: 92.5911%
MAX_TIME used: 710.90 s
===== GEOMETRIC COVERAGE RESULTS =====
Total world area: 210.0000 m²
Excluded area: 23.3000 m²
Valid area: 186.7000 m²
Covered area: 172.8676 m²
Uncovered area: 13.8324 m²
Coverage: 92.5911%
MAX_TIME used: 710.90 s
===== GEOMETRIC COVERAGE RESULTS =====
Total world area: 210.0000 m²
Excluded area: 23.3000 m²
Valid area: 186.7000 m²
Covered area: 172.8676 m²
Uncovered area: 13.8324 m²
Coverage: 92.5911%
MAX_TIME used: 710.90 s
===== GEOMETRIC COVERAGE RESULTS =====
Total world area: 210.0000 m²
Excluded area: 23.3000 m²
Valid area: 186.7000 m²
Covered area: 172.8676 m²
Uncovered area: 13.8324 m²
Coverage: 92.5911%
MAX_TIME used: 710.90 s
===== GEOMETRIC COVERAGE RESULTS =====
Total world area: 210.0000 m²
Excluded area: 23.3000 m²
Valid area: 186.7000 m²
Covered area: 172.8676 m²
Uncovered area: 13.8324 m²
Coverage: 92.5911%
MAX_TIME used: 710.90 s
===== GEOMETRIC COVERAGE RESULTS =====
Total world area: 210.0000 m²
Excluded area: 23.3000 m²
Valid area: 186.7000 m²
Covered area: 172.8676 m²
Uncovered area: 13.8324 m²
Coverage: 92.5911%
MAX_TIME used: 710.90 s
===== GEOMETRIC COVERAGE RESULTS =====
Total world area: 210.0000 m²
Excluded area: 23.3000 m²
Valid area: 186.7000 m²
Covered area: 172.8676 m²
Uncovered area: 13.8324 m²
Coverage: 92.5911%
MAX_TIME used: 710.90 s
===== GEOMETRIC COVERAGE RESULTS =====
Total world area: 210.0000 m²
Excluded area: 23.3000 m²
Valid area: 186.7000 m²
Covered area: 172.8676 m²
Uncovered area: 13.8324 m²
Coverage: 92.5911%
MAX_TIME used: 710.90 s
===== GEOMETRIC COVERAGE RESULTS =====
Total world area: 210.0000 m²
Excluded area: 23.3000 m²
Valid area: 186.7000 m²
Covered area: 172.8676 m²
Uncovered area: 13.8324 m²
Coverage: 92.5911%
MAX_TIME used: 710.90 s
===== GEOMETRIC COVERAGE RESULTS =====
Total world area: 210.0000 m²
Excluded area: 23.3000 m²
Valid area: 186.7000 m²
Covered area: 172.8676 m²
Uncovered area: 13.8324 m²
Coverage: 92.5911%
MAX_TIME used: 710.90 s
===== GEOMETRIC COVERAGE RESULTS =====
Total world area: 210.0000 m²
Excluded area: 23.3000 m²
Valid area: 186.7000 m²
Covered area: 172.8676 m²
Uncovered area: 13.8324 m²
Coverage: 92.5911%
MAX_TIME used: 710.90 s
===== GEOMETRIC COVERAGE RESULTS =====
Total world area: 210.0000 m²
Excluded area: 23.3000 m²
Valid area: 186.7000 m²
Covered area: 172.8676 m²
Uncovered area: 13.8324 m²
Coverage: 92.5911%
MAX_TIME used: 710.90 s
===== GEOMETRIC COVERAGE RESULTS =====
Total world area: 210.0000 m²
Excluded area: 23.3000 m²
Valid area: 186.7000 m²
Covered area: 172.8676 m²
Uncovered area: 13.8324 m²
Coverage: 92.5911%
MAX_TIME used: 710.90 s
===== GEOMETRIC COVERAGE RESULTS =====
Total world area: 210.0000 m²
Excluded area: 23.3000 m²
Valid area: 186.7000 m²
Covered area: 172.8676 m²
Uncovered area: 13.8324 m²
Coverage: 92.5911%
MAX_TIME used: 710.90 s
===== GEOMETRIC COVERAGE RESULTS =====
Total world area: 210.0000 m²
Excluded area: 23.3000 m²
Valid area: 186.7000 m²
Covered area: 172.8676 m²
Uncovered area: 13.8324 m²
Coverage: 92.5911%
MAX_TIME used: 710.90 s
===== GEOMETRIC COVERAGE RESULTS =====
Total world area: 210.0000 m²
Excluded area: 23.3000 m²
Valid area: 186.7000 m²
Covered area: 172.8676 m²
Uncovered area: 13.8324 m²
Coverage: 92.5911%
MAX_TIME used: 710.90 s
===== GEOMETRIC COVERAGE RESULTS =====
Total world area: 210.0000 m²
Excluded area: 23.3000 m²
Valid area: 186.7000 m²
Covered area: 172.8676 m²
Uncovered area: 13.8324 m²
Coverage: 92.5911%
