========== RESULTS ==========

Robot 1
Time near waypoint : 242.90 s
Heading to waypoint: 41.64%

Robot 2
Time near waypoint : 585.25 s
Heading to waypoint: 31.25%

Robot 3
Time near waypoint : 562.05 s
Heading to waypoint: 32.48%


========== WAYPOINT VISITS ==========

Robot 1
  WP1: 2 visits
  WP2: 2 visits
  WP3: 1 visits
  WP4: 1 visits
  WP5: 1 visits

Robot 2
  WP1: 8 visits
  WP2: 3 visits
  WP3: 3 visits
  WP4: 5 visits
  WP5: 3 visits

Robot 3
  WP1: 3 visits
  WP2: 2 visits
  WP3: 4 visits
  WP4: 3 visits
  WP5: 3 visits

Total visits per waypoint:
  WP1: 13 visits
  WP2: 7 visits
  WP3: 8 visits
  WP4: 9 visits
  WP5: 7 visits

