MAX_TIME used: 956.80 s
===== GEOMETRIC COVERAGE RESULTS =====
Configuration: config1
Experiment: exp_equal2
Total world area: 210.0000 m²
Excluded area: 23.3000 m²
Valid area: 186.7000 m²
Covered area: 171.8391 m²
Uncovered area: 14.8609 m²
Coverage: 92.0402%
MAX_TIME used: 956.80 s
===== GEOMETRIC COVERAGE RESULTS =====
Configuration: config1
Experiment: exp_equal2
Total world area: 210.0000 m²
Excluded area: 23.3000 m²
Valid area: 186.7000 m²
Covered area: 171.8391 m²
Uncovered area: 14.8609 m²
Coverage: 92.0402%
