========== RESULTS ==========

Robot 1
Time near waypoint : 324.75 s
Heading to waypoint: 29.48%

Robot 2
Time near waypoint : 351.70 s
Heading to waypoint: 25.68%

Robot 3
Time near waypoint : 350.65 s
Heading to waypoint: 25.01%


========== WAYPOINT VISITS ==========

Robot 1
  WP1: 3 visits
  WP2: 1 visits
  WP3: 3 visits
  WP4: 1 visits
  WP5: 1 visits

Robot 2
  WP1: 3 visits
  WP2: 1 visits
  WP3: 3 visits
  WP4: 2 visits
  WP5: 4 visits

Robot 3
  WP1: 3 visits
  WP2: 1 visits
  WP3: 3 visits
  WP4: 1 visits
  WP5: 2 visits

Total visits per waypoint:
  WP1: 9 visits
  WP2: 3 visits
  WP3: 9 visits
  WP4: 4 visits
  WP5: 7 visits

