MAX_TIME used: 571.55 s
===== GEOMETRIC COVERAGE RESULTS =====
Configuration: config3
Experiment: exp_equal10
Total world area: 210.0000 m²
Excluded area: 23.3000 m²
Valid area: 186.7000 m²
Covered area: 159.8647 m²
Uncovered area: 26.8353 m²
Coverage: 85.6265%
MAX_TIME used: 571.55 s
===== GEOMETRIC COVERAGE RESULTS =====
Configuration: config3
Experiment: exp_equal10
Total world area: 210.0000 m²
Excluded area: 23.3000 m²
Valid area: 186.7000 m²
Covered area: 159.8647 m²
Uncovered area: 26.8353 m²
Coverage: 85.6265%
