MAX_TIME used: 448.55 s
===== GEOMETRIC COVERAGE RESULTS =====
Configuration: config1
Experiment: exp_equal3
Total world area: 210.0000 m²
Excluded area: 23.3000 m²
Valid area: 186.7000 m²
Covered area: 175.0474 m²
Uncovered area: 11.6526 m²
Coverage: 93.7586%
MAX_TIME used: 448.55 s
===== GEOMETRIC COVERAGE RESULTS =====
Configuration: config1
Experiment: exp_equal3
Total world area: 210.0000 m²
Excluded area: 23.3000 m²
Valid area: 186.7000 m²
Covered area: 175.0474 m²
Uncovered area: 11.6526 m²
Coverage: 93.7586%
