========== RESULTS ==========

Robot 1
Time near waypoint : 194.60 s
Heading to waypoint: 36.13%

Robot 2
Time near waypoint : 339.80 s
Heading to waypoint: 31.84%

Robot 3
Time near waypoint : 260.55 s
Heading to waypoint: 36.36%


========== WAYPOINT VISITS ==========

Robot 1
  WP1: 3 visits
  WP2: 1 visits
  WP3: 1 visits
  WP4: 1 visits
  WP5: 1 visits

Robot 2
  WP1: 2 visits
  WP2: 1 visits
  WP3: 2 visits
  WP4: 2 visits
  WP5: 3 visits

Robot 3
  WP1: 2 visits
  WP2: 1 visits
  WP3: 2 visits
  WP4: 1 visits
  WP5: 1 visits

Total visits per waypoint:
  WP1: 7 visits
  WP2: 3 visits
  WP3: 5 visits
  WP4: 4 visits
  WP5: 5 visits

