==========================================
 ACCURATE GEOMETRIC COVERAGE CALCULATION
==========================================
Experiment: /home/gonazza/container_ws/catkin_ws/src/indoor_bot/indoor_bot/config2/exp_equal5
Robot radius: 2.50 m

MAX_TIME used: 786.90 s
===== GEOMETRIC COVERAGE RESULTS =====
Total world area: 210.0000 m²
Excluded area: 23.3000 m²
Valid area: 186.7000 m²
Covered area: 164.4879 m²
Uncovered area: 22.2121 m²
Coverage: 88.1028%
MAX_TIME used: 786.90 s
===== GEOMETRIC COVERAGE RESULTS =====
Configuration: config2
Experiment: exp_equal5
Total world area: 210.0000 m²
Excluded area: 23.3000 m²
Valid area: 186.7000 m²
Covered area: 164.4879 m²
Uncovered area: 22.2121 m²
Coverage: 88.1028%
