========== RESULTS ==========

Robot 1
Time near waypoint : 435.70 s
Heading to waypoint: 34.00%

Robot 2
Time near waypoint : 509.80 s
Heading to waypoint: 30.92%

Robot 3
Time near waypoint : 527.40 s
Heading to waypoint: 33.20%


========== WAYPOINT VISITS ==========

Robot 1
  WP1: 2 visits
  WP2: 1 visits
  WP3: 4 visits
  WP4: 2 visits
  WP5: 1 visits

Robot 2
  WP1: 3 visits
  WP2: 1 visits
  WP3: 4 visits
  WP4: 2 visits
  WP5: 3 visits

Robot 3
  WP1: 1 visits
  WP2: 1 visits
  WP3: 1 visits
  WP4: 1 visits
  WP5: 1 visits

Total visits per waypoint:
  WP1: 6 visits
  WP2: 3 visits
  WP3: 9 visits
  WP4: 5 visits
  WP5: 5 visits

