========== RESULTS ==========

Robot 1
Time near waypoint : 513.60 s
Heading to waypoint: 28.56%

Robot 2
Time near waypoint : 458.80 s
Heading to waypoint: 21.79%

Robot 3
Time near waypoint : 371.35 s
Heading to waypoint: 29.50%


========== WAYPOINT VISITS ==========

Robot 1
  WP1: 3 visits
  WP2: 1 visits
  WP3: 3 visits
  WP4: 1 visits
  WP5: 1 visits

Robot 2
  WP1: 6 visits
  WP2: 1 visits
  WP3: 4 visits
  WP4: 2 visits
  WP5: 4 visits

Robot 3
  WP1: 4 visits
  WP2: 1 visits
  WP3: 3 visits
  WP4: 1 visits
  WP5: 1 visits

Total visits per waypoint:
  WP1: 13 visits
  WP2: 3 visits
  WP3: 10 visits
  WP4: 4 visits
  WP5: 6 visits

