==========================================
 ACCURATE GEOMETRIC COVERAGE CALCULATION
==========================================
Experiment: /home/gonazza/container_ws/catkin_ws/src/indoor_bot/indoor_bot/config3/exp_equal9
Robot radius: 2.50 m

MAX_TIME used: 758.70 s
===== GEOMETRIC COVERAGE RESULTS =====
Total world area: 210.0000 m²
Excluded area: 23.3000 m²
Valid area: 186.7000 m²
Covered area: 159.3738 m²
Uncovered area: 27.3262 m²
Coverage: 85.3636%
MAX_TIME used: 758.70 s
===== GEOMETRIC COVERAGE RESULTS =====
Configuration: config3
Experiment: exp_equal9
Total world area: 210.0000 m²
Excluded area: 23.3000 m²
Valid area: 186.7000 m²
Covered area: 159.3738 m²
Uncovered area: 27.3262 m²
Coverage: 85.3636%
MAX_TIME used: 758.70 s
===== GEOMETRIC COVERAGE RESULTS =====
Configuration: config3
Experiment: exp_equal9
Total world area: 210.0000 m²
Excluded area: 23.3000 m²
Valid area: 186.7000 m²
Covered area: 159.3738 m²
Uncovered area: 27.3262 m²
Coverage: 85.3636%
