========== RESULTS ==========

Robot 1
Time near waypoint : 390.20 s
Heading to waypoint: 27.98%

Robot 2
Time near waypoint : 376.20 s
Heading to waypoint: 23.76%

Robot 3
Time near waypoint : 286.85 s
Heading to waypoint: 30.34%


========== WAYPOINT VISITS ==========

Robot 1
  WP1: 4 visits
  WP2: 1 visits
  WP3: 2 visits
  WP4: 1 visits
  WP5: 1 visits

Robot 2
  WP1: 3 visits
  WP2: 1 visits
  WP3: 1 visits
  WP4: 2 visits
  WP5: 4 visits

Robot 3
  WP1: 3 visits
  WP2: 1 visits
  WP3: 4 visits
  WP4: 1 visits
  WP5: 1 visits

Total visits per waypoint:
  WP1: 10 visits
  WP2: 3 visits
  WP3: 7 visits
  WP4: 4 visits
  WP5: 6 visits

