========== RESULTS ==========

Robot 1
Time near waypoint : 508.85 s
Heading to waypoint: 24.77%

Robot 2
Time near waypoint : 395.00 s
Heading to waypoint: 25.93%

Robot 3
Time near waypoint : 821.35 s
Heading to waypoint: 23.07%


========== WAYPOINT VISITS ==========

Robot 1
  WP1: 6 visits
  WP2: 1 visits
  WP3: 2 visits
  WP4: 2 visits
  WP5: 23 visits

Robot 2
  WP1: 9 visits
  WP2: 3 visits
  WP3: 3 visits
  WP4: 1 visits
  WP5: 2 visits

Robot 3
  WP1: 3 visits
  WP2: 1 visits
  WP3: 6 visits
  WP4: 1 visits
  WP5: 2 visits

Total visits per waypoint:
  WP1: 18 visits
  WP2: 5 visits
  WP3: 11 visits
  WP4: 4 visits
  WP5: 27 visits

