==========================================
 ACCURATE GEOMETRIC COVERAGE CALCULATION
==========================================
Experiment: /home/gonazza/container_ws/catkin_ws/src/indoor_bot/indoor_bot/config2/exp_reward1
Robot radius: 2.50 m

MAX_TIME used: 1076.40 s
===== GEOMETRIC COVERAGE RESULTS =====
Total world area: 210.0000 m²
Excluded area: 23.3000 m²
Valid area: 186.7000 m²
Covered area: 163.9631 m²
Uncovered area: 22.7369 m²
Coverage: 87.8217%
MAX_TIME used: 1076.40 s
===== GEOMETRIC COVERAGE RESULTS =====
Configuration: config2
Experiment: exp_reward1
Total world area: 210.0000 m²
Excluded area: 23.3000 m²
Valid area: 186.7000 m²
Covered area: 163.9631 m²
Uncovered area: 22.7369 m²
Coverage: 87.8217%
MAX_TIME used: 1076.40 s
===== GEOMETRIC COVERAGE RESULTS =====
Configuration: config2
Experiment: exp_reward1
Total world area: 210.0000 m²
Excluded area: 23.3000 m²
Valid area: 186.7000 m²
Covered area: 163.9631 m²
Uncovered area: 22.7369 m²
Coverage: 87.8217%
MAX_TIME used: 1076.40 s
===== GEOMETRIC COVERAGE RESULTS =====
Configuration: config2
Experiment: exp_reward1
Total world area: 210.0000 m²
Excluded area: 23.3000 m²
Valid area: 186.7000 m²
Covered area: 163.9631 m²
Uncovered area: 22.7369 m²
Coverage: 87.8217%
